12-17 00:54:08.458  2545  2545 I .chungahmalpine: Late-enabling -Xcheck:jni
12-17 00:54:08.469  4480  4480 I HoneySpace.AppscreenContainerView: findActiveTouchController ev = 2
12-17 00:54:08.469  4480  4480 I HoneySpace.AppscreenHomeTouchController: onControllerInterceptTouchEvent ev = 2
12-17 00:54:08.469  4480  4480 I HoneySpace.ApplistFastRecyclerView: updateIsBeingDraggedOnTouchDown touchSlop:36, diff:0, moved:false, useLongTouchSlop:true
12-17 00:54:08.475  2545  2545 I .chungahmalpine: Using CollectorTypeCMC GC.
12-17 00:54:08.478 16862 16868 I adbd    : jdwp connection from 2545
12-17 00:54:08.481  2545  2545 D nativeloader: Load libframework-connectivity-tiramisu-jni.so using APEX ns com_android_tethering for caller /apex/com.android.tethering/javalib/framework-connectivity-t.jar: ok
12-17 00:54:08.484  2545  2545 D ActivityThread: setConscryptValidator
12-17 00:54:08.484  2545  2545 D ActivityThread: setConscryptValidator - put
12-17 00:54:08.485  4480  4480 I HoneySpace.AppscreenContainerView: findActiveTouchController ev = 2
12-17 00:54:08.485  4480  4480 I HoneySpace.AppscreenHomeTouchController: onControllerInterceptTouchEvent ev = 2
12-17 00:54:08.485  4480  4480 I HoneySpace.ApplistFastRecyclerView: updateIsBeingDraggedOnTouchDown touchSlop:36, diff:0, moved:false, useLongTouchSlop:true
12-17 00:54:08.493  5705  5747 V OsAgent : broadcastSystemEvent - 7
12-17 00:54:08.502  4480  4480 I HoneySpace.AppscreenContainerView: findActiveTouchController ev = 2
12-17 00:54:08.502  4480  4480 I HoneySpace.AppscreenHomeTouchController: onControllerInterceptTouchEvent ev = 2
12-17 00:54:08.502  4480  4480 I HoneySpace.ApplistFastRecyclerView: updateIsBeingDraggedOnTouchDown touchSlop:36, diff:0, moved:false, useLongTouchSlop:true
12-17 00:54:08.503  2545  2545 D nativeloader: Configuring clns-9 for other apk /data/app/~~wbF-OjNE6yOG8u9JRT-XYw==/org.chungahmalumni.chungahmalpine-ONaODeRfx3jb-cj825ziMw==/base.apk. target_sdk_version=33, uses_libraries=, library_path=/data/app/~~wbF-OjNE6yOG8u9JRT-XYw==/org.chungahmalumni.chungahmalpine-ONaODeRfx3jb-cj825ziMw==/lib/arm64:/data/app/~~wbF-OjNE6yOG8u9JRT-XYw==/org.chungahmalumni.chungahmalpine-ONaODeRfx3jb-cj825ziMw==/base.apk!/lib/arm64-v8a, permitted_path=/data:/mnt/expand:/data/user/0/org.chungahmalumni.chungahmalpine
12-17 00:54:08.504  2274  2806 D PowerManagerService: displayReady: false groupId=0
12-17 00:54:08.504  2274  2806 D DisplayPowerController[0]: animateScreenStateChange: target=ON, mIsEnabled=true
12-17 00:54:08.505  2274  2806 D PowerManagerService: displayReady: true groupId=0
12-17 00:54:08.506  2545  2545 V GraphicsEnvironment: Currently set values for:
12-17 00:54:08.506  2545  2545 V GraphicsEnvironment:   angle_gl_driver_selection_pkgs=[]
12-17 00:54:08.506  2545  2545 V GraphicsEnvironment:   angle_gl_driver_selection_values=[]
12-17 00:54:08.506  2545  2545 V GraphicsEnvironment: org.chungahmalumni.chungahmalpine is not listed in per-application setting
12-17 00:54:08.506  2545  2545 V GraphicsEnvironment: ANGLE allowlist from config: 
12-17 00:54:08.506  2545  2545 V GraphicsEnvironment: org.chungahmalumni.chungahmalpine is not listed in ANGLE allowlist or settings, returning default
12-17 00:54:08.507  2545  2545 V GraphicsEnvironment: App is not on the allowlist for updatable production driver.
12-17 00:54:08.507  6754  6754 I SemDvfsHyPerManager: acquire hyper - TATouchBoost/6754@30, type = -999
12-17 00:54:08.508  2274  4016 I Pageboost: stop alp by timeout
12-17 00:54:08.508  6754  6754 I SemDvfsHyPerManager: acquire hyper - TA_TOUCH_SHARE/6754@31, type = -999
12-17 00:54:08.508  5255  5255 E pageboostd: Received HALT command code 2
12-17 00:54:08.508  1752  1778 I HYPER-HAL: [RequestManager.cpp]acquire(): Acquired ID : 23014750  [6754 / 30]    HINT :      list : [TABoost / 1] [TIMEOUT / 1500] 
12-17 00:54:08.508  1752  1778 I HYPER-HAL: [RequestManager.cpp]acquire(): Acquired ID : 23021536  [6754 / 31]    HINT : TA_TOUCH_SHARE    list : [TIMEOUT / 1500] 
12-17 00:54:08.518  4480  4480 I HoneySpace.AppscreenContainerView: findActiveTouchController ev = 2
12-17 00:54:08.518  4480  4480 I HoneySpace.AppscreenHomeTouchController: onControllerInterceptTouchEvent ev = 2
12-17 00:54:08.518  4480  4480 I HoneySpace.ApplistFastRecyclerView: updateIsBeingDraggedOnTouchDown touchSlop:36, diff:0, moved:false, useLongTouchSlop:true
12-17 00:54:08.535  4480  4480 I HoneySpace.AppscreenContainerView: findActiveTouchController ev = 2
12-17 00:54:08.535  4480  4480 I HoneySpace.AppscreenHomeTouchController: onControllerInterceptTouchEvent ev = 2
12-17 00:54:08.535  4480  4480 I HoneySpace.ApplistFastRecyclerView: updateIsBeingDraggedOnTouchDown touchSlop:36, diff:0, moved:false, useLongTouchSlop:true
12-17 00:54:08.552  4480  4480 I HoneySpace.AppscreenContainerView: findActiveTouchController ev = 2
12-17 00:54:08.552  4480  4480 I HoneySpace.AppscreenHomeTouchController: onControllerInterceptTouchEvent ev = 2
12-17 00:54:08.552  4480  4480 I HoneySpace.ApplistFastRecyclerView: updateIsBeingDraggedOnTouchDown touchSlop:36, diff:0, moved:false, useLongTouchSlop:true
12-17 00:54:08.555  2274  3735 D InputReader: Btn_touch(5): value=0 when=3802.818806
12-17 00:54:08.555  2274  3735 I InputReader: Touch event's action is 0x1 (id=6, t=0) [pCnt=1, s=] when=3802.818806
12-17 00:54:08.555  2274  2274 D InputDispatcher: Inject motion (0/0): action=0x1, time=3802818806000, f=0x0, d=0 dsdx=1.000000 dtdx=0.000000
12-17 00:54:08.556  2274  3732 I InputDispatcher: Delivering touch to (4480): action: 0x1, f=0x0, d=0, '7bddd07', t=1 
12-17 00:54:08.556  4480  4480 I HoneySpace.AppscreenContainerView: findActiveTouchController ev = 2
12-17 00:54:08.556  4480  4480 I HoneySpace.AppscreenHomeTouchController: onControllerInterceptTouchEvent ev = 2
12-17 00:54:08.556  4480  4480 I HoneySpace.ApplistFastRecyclerView: updateIsBeingDraggedOnTouchDown touchSlop:36, diff:0, moved:false, useLongTouchSlop:true
12-17 00:54:08.556  4480  4480 I VRI[LauncherActivity]@7042a5f: ViewPostIme pointer 1
12-17 00:54:08.556  4480  4480 I HoneySpace.AppscreenContainerView: findActiveTouchController ev = 1
12-17 00:54:08.556  4480  4480 I HoneySpace.AppscreenHomeTouchController: onControllerInterceptTouchEvent ev = 1
12-17 00:54:08.556  4480  4480 I HoneySpace.ApplistFastRecyclerView: resetTouchState
12-17 00:54:08.557  4480  4480 I HoneySpace.AppScreenClickAction: onAppClick() id: 117955, isNewDex: false
12-17 00:54:08.557  4480  4480 I HoneySpace.IconView: end dim animation :  
12-17 00:54:08.557  4480  4480 I HoneySpace.DvfsManager: acquireAppLaunch
12-17 00:54:08.557  4480  4480 I SemDvfsHyPerManager: acquire hyper - APP_LAUNCH/4480@2, type = -999
12-17 00:54:08.557  4480  4480 I HoneySpace.ShellTransitionManager: startShellTransition com.honeyspace.sdk.transition.ShellTransition$Info@8bb59b6, forceStart: false
12-17 00:54:08.557  6754  6754 I SemDvfsHyPerManager: acquire hyper - APP_START_SHORT/6754@22, type = -999
12-17 00:54:08.557  1752  1778 I HYPER-HAL: [RequestManager.cpp]acquire(): Acquired ID : 10046405  [4480 / 2]    HINT : APP_LAUNCH    list : 
12-17 00:54:08.558  4480  4480 I HoneySpace.ShellAnimationRunner: setDelegate, delegate-com.honeyspace.transition.delegate.AppLaunchAnimationDelegate@5ded6b7, strong-false
12-17 00:54:08.558  4480  4480 I HoneySpace.ShellTransitionManager: open start
12-17 00:54:08.558  4480 13669 I HoneySpace.FloatingAnimator: playerCount : 1
12-17 00:54:08.558  4480 13669 I HoneySpace.FloatingAnimator: [Player:A(8.558)] create
12-17 00:54:08.558  4480 13669 I HoneySpace.TransitionUtils: getWindowTargetBounds: Rect(0, 0 - 1080, 2340)
12-17 00:54:08.558  4480  4480 I HoneySpace.Launcher: startActivityForResult request : -1
12-17 00:54:08.558  4480 13669 I HoneySpace.FloatingAnimator: [Player:A(8.558)] setup. isLandscape:false, isTranslucent:false, screenSize[1080, 2340], isMultiTargets:false, useCurrentDrawable:false
12-17 00:54:08.558  4480 13669 I HoneySpace.FloatingAnimator: remote targets are empty
12-17 00:54:08.558  4480 13669 I HoneySpace.AppLaunchAnimationDelegate: preload Player timer start! com.honeyspace.transition.anim.floating.FloatingAnimator$Player@73a3d8d
12-17 00:54:08.558  2274  4191 D ActivityTaskManager: startActivityAsUser: callingPid=4480, callingUid=10161, caller=com.android.server.wm.ActivityTaskManagerService.startActivity:123 android.app.IActivityTaskManager$Stub.onTransact:1493 com.android.server.wm.ActivityTaskManagerService.onTransact:1 android.os.Binder.execTransactInternal:1457 android.os.Binder.execTransact:1401 <bottom of call stack> <bottom of call stack> 
12-17 00:54:08.559  2274  4191 I Pageboost: onAppLaunch : org.chungahmalumni.chungahmalpine
12-17 00:54:08.559  2274  4016 I Pageboost: Record App IO : org.chungahmalumni.chungahmalpine pid 2545
12-17 00:54:08.559  2274  4191 D ActivityTaskManager: DesktopModeLaunchParamsModifier: task=null activity=null task null, skipping
12-17 00:54:08.559  2274  4191 D ActivityTaskManager: TaskLaunchParamsModifier:task=null activity=null display-from-option=0 display-id=0 task-display-area-windowing-mode=1 suggested-display-area=DefaultTaskDisplayArea_d0@104995151
12-17 00:54:08.559  2274  4016 I Pageboost: 64 bit checked : true for 2545
12-17 00:54:08.559  2274  4016 I Pageboost: IoRecord pid : 2545, started correctly
12-17 00:54:08.560  2274  4191 W OptProp : Cannot read opt property android.window.PROPERTY_COMPAT_ALLOW_RESIZEABLE_ACTIVITY_OVERRIDES
12-17 00:54:08.560  2274  4191 W OptProp : Cannot read opt property android.window.PROPERTY_COMPAT_ALLOW_MIN_ASPECT_RATIO_OVERRIDE
12-17 00:54:08.561  2274  4191 D WindowManager: Transition is created, t=TransitionRecord{d4ad85 id=-1 type=OPEN flags=0x0}, caller=com.android.server.wm.Transition.<init>:182 com.android.server.wm.TransitionController.createAndStartCollecting:106 com.android.server.wm.ActivityStarter.executeRequest:3606 com.android.server.wm.ActivityStarter.execute:1752 com.android.server.wm.ActivityTaskManagerService.startActivityAsUser:95 
12-17 00:54:08.561  2274  4191 D BLASTSyncEngine: SyncGroup is created, id=98, name=Transition-OPEN, caller=com.android.server.wm.BLASTSyncEngine$SyncGroup.<init>:52 com.android.server.wm.TransitionController.moveToCollecting:79 com.android.server.wm.TransitionController.createAndStartCollecting:109 com.android.server.wm.ActivityStarter.executeRequest:3606 com.android.server.wm.ActivityStarter.execute:1752 com.android.server.wm.ActivityTaskManagerService.startActivityAsUser:95 com.android.server.wm.ActivityTaskManagerService.startActivity:123 
12-17 00:54:08.561  2274  4191 W BLASTSyncEngine: setSyncMethod, id=98, method=0, caller=com.android.server.wm.TransitionController.moveToCollecting:91 com.android.server.wm.TransitionController.createAndStartCollecting:109 com.android.server.wm.ActivityStarter.executeRequest:3606 
12-17 00:54:08.561  4480 27011 I AppIconSolution: getThemeIconWithBG called with public API, pkg = org.chungahmalumni.chungahmalpine, mode = 48
12-17 00:54:08.561  2274  4191 V WindowManager: Start collecting in Transition: TransitionRecord{d4ad85 id=98 type=OPEN flags=0x0}, caller=com.android.server.wm.TransitionController.createAndStartCollecting:109 com.android.server.wm.ActivityStarter.executeRequest:3606 com.android.server.wm.ActivityStarter.execute:1752 com.android.server.wm.ActivityTaskManagerService.startActivityAsUser:95 com.android.server.wm.ActivityTaskManagerService.startActivity:123 
12-17 00:54:08.561  1752  1778 I HYPER-HAL: [RequestManager.cpp]acquire(): Acquired ID : 22960498  [6754 / 22]    HINT : APP_START    list : [TIMEOUT / 1500] 
12-17 00:54:08.561  2274  4191 V WindowManager: Collecting in transition 98: ActivityRecord{21665754 u0 org.chungahmalumni.chungahmalpine/org.kivy.android.PythonActivity, caller=com.android.server.wm.TransitionController.collect:7 com.android.server.wm.ActivityStarter.startActivityUnchecked:98 com.android.server.wm.ActivityStarter.executeRequest:3651 com.android.server.wm.ActivityStarter.execute:1752 com.android.server.wm.ActivityTaskManagerService.startActivityAsUser:95 
12-17 00:54:08.561  2274  4191 D ActivityTaskManager: DesktopModeLaunchParamsModifier: task=null activity=ActivityRecord{21665754 u0 org.chungahmalumni.chungahmalpine/org.kivy.android.PythonActivity t-1} task null, skipping
12-17 00:54:08.561  2274  4191 D ActivityTaskManager: TaskLaunchParamsModifier:task=null activity=ActivityRecord{21665754 u0 org.chungahmalumni.chungahmalpine/org.kivy.android.PythonActivity t-1} display-from-option=0 display-id=0 task-display-area-windowing-mode=1 suggested-display-area=DefaultTaskDisplayArea_d0@104995151
12-17 00:54:08.561  2274  4191 D ActivityTaskManager: DesktopModeLaunchParamsModifier: task=null activity=ActivityRecord{21665754 u0 org.chungahmalumni.chungahmalpine/org.kivy.android.PythonActivity t-1} task null, skipping
12-17 00:54:08.561  4480 27011 I Kumiho-Kumiho: getPackageName: com.sec.android.app.launcher
12-17 00:54:08.561  2274  4191 D ActivityTaskManager: TaskLaunchParamsModifier:task=null activity=ActivityRecord{21665754 u0 org.chungahmalumni.chungahmalpine/org.kivy.android.PythonActivity t-1} display-from-option=0 display-id=0 task-display-area-windowing-mode=1 suggested-display-area=DefaultTaskDisplayArea_d0@104995151 inherit-from-source=fullscreen non-freeform-task-display-area display-area=DefaultTaskDisplayArea_d0@104995151 activity-requested-landscape freeform-size-mismatch=Rect(81, 555 - 999, 1725)
12-17 00:54:08.561  4480 27011 I AppIconSolution: start to load, pkg=org.chungahmalumni.chungahmalpine, bg=192-192, dr=1536-1536, forDefault=true, density=640
12-17 00:54:08.562  2274  4645 I SemDvfsHyPerManager: acquire hyper - AMS_APP_SWITCH/2274@23, type = -999
12-17 00:54:08.562  2274  4645 D ActivityManagerPerformance: AMP_acquire() APP_SWITCH
12-17 00:54:08.562  4480 27011 I AppIconSolution: scale down, pkg=org.chungahmalumni.chungahmalpine, dr=216-216, bg=216-216
12-17 00:54:08.562  1752  1778 I HYPER-HAL: [RequestManager.cpp]acquire(): Acquired ID : 2639276  [2274 / 23]    HINT : AMS_APP_SWITCH    list : 
12-17 00:54:08.562  4480 27011 I AppIconSolution: getIconScale, pkg=org.chungahmalumni.chungahmalpine, size=216, iconScale=IconScale[alpha=0, scale=0.72, isCrop=false]
12-17 00:54:08.562  2274  5114 D FreecessController: restrictJobsByOlaf: restrict=true, uid=10243
12-17 00:54:08.562  4480 27011 I Kumiho-Kumiho: getPackageName: com.sec.android.app.launcher
12-17 00:54:08.563  1867  2024 I SurfaceFlinger: id=1271 createSurf, flag=24004, Task=10675#1271
12-17 00:54:08.563  4480 27011 I Kumiho-Kumiho: getPackageName: com.sec.android.app.launcher
12-17 00:54:08.563  2274  4191 D ActivityTaskManager: DesktopModeLaunchParamsModifier: task=Task{3a3440b #10675 type=standard A=10243:org.chungahmalumni.chungahmalpine} activity=ActivityRecord{21665754 u0 org.chungahmalumni.chungahmalpine/org.kivy.android.PythonActivity t-1} non-desktop, skipping
12-17 00:54:08.563  2274  4191 D ActivityTaskManager: TaskLaunchParamsModifier:task=Task{3a3440b #10675 type=standard A=10243:org.chungahmalumni.chungahmalpine} activity=ActivityRecord{21665754 u0 org.chungahmalumni.chungahmalpine/org.kivy.android.PythonActivity t-1} display-from-option=0 display-id=0 task-display-area-windowing-mode=1 suggested-display-area=DefaultTaskDisplayArea_d0@104995151 inherit-from-source=fullscreen non-freeform-task-display-area display-area=DefaultTaskDisplayArea_d0@104995151 activity-requested-landscape freeform-size-mismatch=Rect(81, 555 - 999, 1725)
12-17 00:54:08.563  2274  4191 V WindowManager: Collecting in transition 98: Task{3a3440b #10675 type=standard A=10243:org.chungahmalumni.chungahmalpine}, caller=com.android.server.wm.Transition.collectExistenceChange:40 com.android.server.wm.ActivityStarter.startActivityInner:293 com.android.server.wm.ActivityStarter.startActivityUnchecked:111 com.android.server.wm.ActivityStarter.executeRequest:3651 com.android.server.wm.ActivityStarter.execute:1752 
12-17 00:54:08.563  2274  4191 W OptProp : Cannot read opt property android.window.PROPERTY_COMPAT_ALLOW_ORIENTATION_OVERRIDE
12-17 00:54:08.564  4480 27011 I AppIconSolution: default container[Contain], pkg=org.chungahmalumni.chungahmalpine, bg=300-300, dr=216-216, isNight = true
12-17 00:54:08.564  1867  2023 I SurfaceFlinger: id=1272 createSurf, flag=84004, ActivityRecord{21665754 u0 org.chungahmalumni.chungahmalpine/org.kivy.android.PythonActivity t10675}#1272
12-17 00:54:08.564  2274  4191 D ActivityTaskManager: scheduleTopResumedActivityChanged, onTop=false, r=ActivityRecord{144568324 u0 com.sec.android.app.launcher/.activities.LauncherActivity t8}, caller=com.android.server.wm.ActivityTaskSupervisor.scheduleTopResumedActivityStateLossIfNeeded:19 com.android.server.wm.ActivityTaskSupervisor.updateTopResumedActivityIfNeeded:20 com.android.server.wm.TaskDisplayArea.positionChildAt:252 com.android.server.wm.Task.moveToFront:40 com.android.server.wm.ActivityStarter.startActivityInner:315 com.android.server.wm.ActivityStarter.startActivityUnchecked:111 
12-17 00:54:08.564  4480 27011 I LauncherActivityInfo: packageName: org.chungahmalumni.chungahmalpine, useThemeIcon: false, height: 300, width: 300, density: 640
12-17 00:54:08.564  2274  4191 V WindowManager: Checking theme of starting window: 0x1030007
12-17 00:54:08.564  2274  4191 V WindowManager: Translucent=false Floating=false ShowWallpaper=false Disable=false
12-17 00:54:08.565  2274  4191 D CompatChangeReporter: Compat change id reported: 205907456; UID 10243; state: ENABLED
12-17 00:54:08.565  2274  4191 D ActivityTaskManager: addStartingWindow: type=2 typeParameter=8f
12-17 00:54:08.565  2274  4191 V WindowManager: Creating SplashScreenStartingData
12-17 00:54:08.565  2274  4191 V WindowManager: Add starting ActivityRecord{21665754 u0 org.chungahmalumni.chungahmalpine/org.kivy.android.PythonActivity t10675}: startingData=SplashScreenStartingData{db79d01 removeAfterTransaction= 0}
12-17 00:54:08.565  2274  4191 V WindowManager: Added starting ActivityRecord{21665754 u0 org.chungahmalumni.chungahmalpine/org.kivy.android.PythonActivity t10675}: startingWindow=null startingView=com.android.server.wm.StartingSurfaceController$StartingSurface@a9fe594
12-17 00:54:08.565  2274  2274 D OlafRestriction:  olaf state update: state=true
12-17 00:54:08.565  2274  2274 D OlafRestriction:  sending trigger onRestrictionStateChanged msg.
12-17 00:54:08.566  4041  4186 D ViewRootImpl: desktopMode is false
12-17 00:54:08.566  4041  4186 I ViewRootImpl: dVRR is disabled
12-17 00:54:08.566  4041  4266 D NativeCustomFrequencyManager: [NativeCFMS] BpCustomFrequencyManager::BpCustomFrequencyManager()
12-17 00:54:08.566  4041  4188 D ShellStartingWindow: use preloaded icon
12-17 00:54:08.566  6754  6754 I SemDvfsHyPerManager: acquire hyper - APP_START_SHORT/6754@22, type = -999
12-17 00:54:08.566  2274  4191 V WindowManager: Collecting in transition 98: ActivityRecord{21665754 u0 org.chungahmalumni.chungahmalpine/org.kivy.android.PythonActivity t10675}, caller=com.android.server.wm.Transition.collectExistenceChange:40 com.android.server.wm.ActivityStarter.handleStartResult:761 com.android.server.wm.ActivityStarter.startActivityUnchecked:124 com.android.server.wm.ActivityStarter.executeRequest:3651 com.android.server.wm.ActivityStarter.execute:1752 
12-17 00:54:08.566  2274  4191 V WindowManager: Requesting StartTransition: TransitionRecord{d4ad85 id=98 type=OPEN flags=0x0 c=[
12-17 00:54:08.566  2274  4191 V WindowManager:    ChangeInfo{f344832 container=ActivityRecord{21665754 u0 org.chungahmalumni.chungahmalpine/org.kivy.android.PythonActivity t10675} flags=0x0}
12-17 00:54:08.566  2274  4191 V WindowManager:    ChangeInfo{fee2983 container=Task{3a3440b #10675 type=standard A=10243:org.chungahmalumni.chungahmalpine} flags=0x0}
12-17 00:54:08.566  2274  4191 V WindowManager:    ChangeInfo{75fc700 container=DefaultTaskDisplayArea_d0@104995151 flags=0x0}
12-17 00:54:08.566  2274  4191 V WindowManager:    ChangeInfo{c69eb39 container=Display{#0 state=ON size=1080x2340 ROTATION_0} flags=0x0}
12-17 00:54:08.566  2274  4191 V WindowManager: ]
12-17 00:54:08.566  2274  4191 V WindowManager: }, caller=com.android.server.wm.ActivityStarter.handleStartResult:982 com.android.server.wm.ActivityStarter.startActivityUnchecked:124 com.android.server.wm.ActivityStarter.executeRequest:3651 com.android.server.wm.ActivityStarter.execute:1752 com.android.server.wm.ActivityTaskManagerService.startActivityAsUser:95 
12-17 00:54:08.567  1752  1778 I HYPER-HAL: [RequestManager.cpp]acquire(): Acquired ID : 22960498  [6754 / 22]    HINT : APP_START    list : [TIMEOUT / 1500] 
12-17 00:54:08.567  2274  4191 D CompatChangeReporter: Compat change id reported: 194833441; UID 10243; state: ENABLED
12-17 00:54:08.567  2274  4191 I Pageboost: stop alp
12-17 00:54:08.567  2274  4191 I ActivityTaskManager: START u0 {act=android.intent.action.MAIN cat=[android.intent.category.LAUNCHER] flg=0x10200000 xflg=0x4 cmp=org.chungahmalumni.chungahmalpine/org.kivy.android.PythonActivity bnds=[837,502][1036,763]} with LAUNCH_SINGLE_TASK from uid 10161 (sr=144568324) (BAL_ALLOW_VISIBLE_WINDOW) result code=0
12-17 00:54:08.567  2274  4191 I SemDvfsHyPerManager: acquire hyper - AMS_APP_LAUNCH/2274@18, type = -999
12-17 00:54:08.567  4041  4126 V WindowManagerShell: Transition requested (#98): android.os.BinderProxy@a6d047a TransitionRequestInfo { type = OPEN, triggerTask = TaskInfo{userId=0 taskId=10675 effectiveUid=10243 displayId=0 isRunning=true baseIntent=Intent { act=android.intent.action.MAIN cat=[android.intent.category.LAUNCHER] flg=0x10200000 cmp=org.chungahmalumni.chungahmalpine/org.kivy.android.PythonActivity } baseActivity=ComponentInfo{org.chungahmalumni.chungahmalpine/org.kivy.android.PythonActivity} topActivity=ComponentInfo{org.chungahmalumni.chungahmalpine/org.kivy.android.PythonActivity} origActivity=null realActivity=ComponentInfo{org.chungahmalumni.chungahmalpine/org.kivy.android.PythonActivity} numActivities=1 lastActiveTime=3802829 supportsMultiWindow=true resizeMode=1 isResizeable=true minWidth=-1 minHeight=-1 maxWidth=-1 maxHeight=-1 defaultMinSize=220 desktopDefaultMinSize=304 token=WCT{android.window.IWindowContainerToken$Stub$Proxy@824442b} topActivityType=1 pictureInPictureParams=null shouldDockBigOverlays=false launchIntoPipHostTaskId=-1 lastParentTaskIdBeforePip=-1 displayCutoutSafeInsets=Rect(0, 84 - 0, 0) topActivityInfo=ActivityInfo{8785088 org.kivy.android.PythonActivity} launchCookies=[android.os.BinderProxy@4f3ea21] positionInParent=Point(0, 0) parentTaskId=-1 isFocused=false isVisible=false isVisibleRequested=false isTopActivityNoDisplay=false isSleeping=false locusId=null displayAreaFeatureId=1 isTopActivityTransparent=false isActivityStackTransparent=false lastNonFullscreenBounds=Rect(81, 555 - 999, 1725) capturedLink=null capturedLinkTimestamp=0 requestedVisibleTypes=-9 topActivityRequestOpenInBrowserEducationTimestamp=0 appCompatTaskInfo=AppCompatTaskInfo { topActivityInSizeCompat=false eligibleForLetterboxEducation= false isLetterboxEducationEnabled= false isLetterboxDoubleTapEnabled= false eligibleForUserAspectRatioButton= false topActivityBoundsLetterboxed= false isFromLetterboxDoubleTap= false topActivityLetterboxVerticalPosition= -1 topActivityLetterboxHorizontalPosition= -1 topActivityLetterboxWidth=-1 topActivityLetterboxHeight=-1 topActivityAppBounds=Rect(0, 84 - 1080, 2196) isUserFullscreenOverrideEnabled=false isSystemFullscreenOverrideEnabled=false hasMinAspectRatioOverride=false topActivityLetterboxBounds=null cameraCompatTaskInfo=CameraCompatTaskInfo { freeformCameraCompatMode=inactive} topActivityBounds=null topActivityInDisplayCompat=false singleTapFromLetterbox=false} topActivityMainWindowFrame=null originallySupportedMultiWindow=true hasWallpaper=false rootAffinity=10243:org.chungahmalumni.chungahmalpine isTopTaskInStage=false CoverLauncherWidgetTask=false LaunchedFromAppsCoverLauncherTask=false LaunchedFromMultistarCoverLauncherTask=false isAllowedSeamlessRotation=false isTopTransparentActivity=false isAliasManaged=false hasConfigChanged=false snappingGuideBounds=null isAiKeyRemoveAppTask=false lastDesktopWindowingBounds=null lastExternalDesktopWindowingBounds=null safeCutoutInsets=null}, pipChange = null, remoteTransition = RemoteTransition { remoteTransition = android.window.IRemoteTransition$Stub$Proxy@3b6ee46, appThread = android.app.IApplicationThread$Stub$Proxy@1a0f807, debugName = QuickstepLaunchflags =NONE }, displayChange = null, flags = 0, debugId = 98 }
12-17 00:54:08.567  5255  5255 E pageboostd: Received HALT command code 2
12-17 00:54:08.567  4041  4126 V ShellDesktopMode: DesktopTasksController: isDesktopModeShowing: hasVisibleTasks=false hasTopTransparentFullscreenTask=false
12-17 00:54:08.567  4041  4126 D ShellSplitScreen: logExit: no-op, mLoggerSessionId is null
12-17 00:54:08.567  4041  4126 D ShellDesktopMode: handleRequest: TransitionRequestInfo {type=1, tid=10675, remote=true, debugId=98}
12-17 00:54:08.567  1752  1778 I HYPER-HAL: [RequestManager.cpp]acquire(): Acquired ID : 2627796  [2274 / 18]    HINT : AMS_APP_LAUNCH    list : 
12-17 00:54:08.568  4480 27011 I HoneySpace.SuggestedAppsRepositoryImpl: sendSuggestedAppsLaunchTarget: ComponentInfo{org.chungahmalumni.chungahmalpine/org.kivy.android.PythonActivity}
12-17 00:54:08.568  4041  4126 V ShellDesktopMode: DesktopTasksController: handleFullscreenTaskLaunch
12-17 00:54:08.568  4041  4126 V ShellDesktopMode: DesktopTasksController: isDesktopModeShowing: hasVisibleTasks=false hasTopTransparentFullscreenTask=false
12-17 00:54:08.568  4041  4126 V ShellDesktopMode: DesktopTasksController: handleRequest result=null
12-17 00:54:08.568  4480  4480 I HoneySpace.FloatingAnimator: add containerView during preload, com.honeyspace.transition.anim.floating.ContainerView{82133ce V.E...... ......ID 0,0-1080,1081}
12-17 00:54:08.568  4041  4126 V WindowManagerShell: RemoteTransition directly requested for (#98) android.os.BinderProxy@a6d047a: RemoteTransition { remoteTransition = android.window.IRemoteTransition$Stub$Proxy@3b6ee46, appThread = android.app.IApplicationThread$Stub$Proxy@1a0f807, debugName = QuickstepLaunchflags =NONE }
12-17 00:54:08.568  4041  4126 V WindowManagerShell: Transition (#98): request handled by DefaultMixedHandler
12-17 00:54:08.568  4480  4480 I HoneySpace.FloatingAnimator: add positionListener - com.honeyspace.transition.anim.floating.c@2c518f2
12-17 00:54:08.568  1867  1867 I SurfaceFlinger: [Task=10675#1271] attach to parent LayerHierarchy{RequestedLayerState{DefaultTaskDisplayArea_d0#10 parentId=9} 12 children}
12-17 00:54:08.568  1867  1867 I SurfaceFlinger: [ActivityRecord{21665754 u0 org.chungahmalumni.chungahmalpine/org.kivy.android.PythonActivity t10675}#1272] attach to parent LayerHierarchy{RequestedLayerState{Task=10675#1271 parentId=10} 1 children}
12-17 00:54:08.569  4480  4726 I HoneySpace.SALoggingUtils: SA Logging screenID: 201 eventId: 1001 detail: {PackageName=org.chungahmalumni.chungahmalpine, det=3} value: -1
12-17 00:54:08.571  2274  6877 D InputTransport: Input channel constructed: '17a532c', fd=1327
12-17 00:54:08.571  2274  6877 D InputTransport: Input channel constructed: '17a532c', fd=1376
12-17 00:54:08.571  2274  6877 D InputTransport: Input channel constructed: '17a532c', fd=1378
12-17 00:54:08.571  2274  6877 D InputTransport: Input channel destroyed: '17a532c', fd=1376
12-17 00:54:08.571  2274  6877 D WindowManager: prepareSync <SYNC_STATE_WAITING_FOR_DRAW>, mPrepareSyncSeqId=0, win=Window{17a532c u0 Splash Screen org.chungahmalumni.chungahmalpine}
12-17 00:54:08.572  1867  2023 I SurfaceFlinger: id=1273 createSurf, flag=84004, 17a532c Splash Screen org.chungahmalumni.chungahmalpine#1273
12-17 00:54:08.572  2274  6877 D RestrictionPolicy: isScreenCaptureEnabled : ret=true userId=0
12-17 00:54:08.572  2274  6877 V WindowManager: addWindow: ActivityRecord{21665754 u0 org.chungahmalumni.chungahmalpine/org.kivy.android.PythonActivity t10675} startingWindow=Window{17a532c u0 Splash Screen org.chungahmalumni.chungahmalpine}
12-17 00:54:08.572  2334  2466 I CameraService: onUidStateChanged: uid=10050, procState is changed. (0 -> 1)
12-17 00:54:08.572  2274  6877 D InputTransport: Input channel destroyed: '17a532c', fd=1378
12-17 00:54:08.572  2274  4150 V WindowManager: Starting Transition 98, caller=com.android.server.wm.WindowOrganizerController.startTransition:47 com.android.server.wm.WindowOrganizerController.startTransition:1 android.window.IWindowOrganizerController$Stub.onTransact:259 
12-17 00:54:08.572  4041  4186 D InputTransport: Input channel constructed: '17a532c', fd=464
12-17 00:54:08.572  4041  4186 I InsetsController: onStateChanged: host=Splash Screen org.chungahmalumni.chungahmalpine, from=android.view.ViewRootImpl.onInsetsStateChanged:3026, state=InsetsState: {mDisplayFrame=Rect(0, 0 - 1080, 2340), mDisplayCutout=DisplayCutout{insets=Rect(0, 84 - 0, 0) waterfall=Insets{left=0, top=0, right=0, bottom=0} boundingRect={Bounds=[Rect(0, 0 - 0, 0), Rect(515, 0 - 566, 84), Rect(0, 0 - 0, 0), Rect(0, 0 - 0, 0)]} cutoutPathParserInfo={CutoutPathParserInfo{displayWidth=1080 displayHeight=2340 physicalDisplayWidth=1080 physicalDisplayHeight=2340 density={2.8125} cutoutSpec={M 0,0 H -9.066666666666667 V 29.86666666666667 H 9.066666666666667 V 0 H 0 Z @dp} rotation={0} scale={1.0} physicalPixelDisplaySizeRatio={1.0}}} sideOverrides={}}, mRoundedCorners=RoundedCorners{[RoundedCorner{position=TopLeft, radius=6, center=Point(6, 6)}, RoundedCorner{position=TopRight, radius=6, center=Point(1074, 6)}, RoundedCorner{position=BottomRight, radius=6, center=Point(1074, 2334)}, RoundedCorner{position=BottomLeft, radius=6, center=Point(6, 2334)}]}  mRoundedCornerFrame=Rect(0, 0 - 1080, 2340), mPrivacyIndicatorBounds=PrivacyIndicatorBounds {static bounds=Rect(948, 0 - 1080, 84) rotation=0}, mDisplayShape=DisplayShape{ spec=1406003047 displayWidth=1080 displayHeight=2340 physicalPixelDisplaySizeRatio=0.75 rotation=0 offsetX=0 offsetY=0 scale=1.0}, mSources= { InsetsSource: {8a230001 mType=navigationBars mFrame=[0,2196][1080,2340] mVisible=true mFlags= mSideHint=BOTTOM mBoundingRects=null}, InsetsSource: {8a230004 mType=systemGestures mFrame=[0,0][0,0] mVisible=true mFlags= mSideHint=NONE mBoundingRects=null}, InsetsSource: {8a230005 mType=mandatorySystemGestures mFrame=[0,2196][1080,2340] mVisible=true mFlags= mSideHint=BOTTOM mBoundingRects=null}, InsetsSource: {8a230006 mType=tappableElement mFrame=[0,2196][1080,2340] mVisible=true mFlags= mSideHint=BOTTOM mBoundingRects=null}, InsetsSource: {8a230024 mType=systemGestures mFrame=[0,0][0,0] mVisible=true mFlags= mSideHint=NONE mBoundingRects=null}, InsetsSource: {a7c20000 mType=statusBars mFrame=[0,0][1080,84] mVisible=true mFlags= mSideHint=TOP mBoundingRects=null}, InsetsSource: {a7c20005 mType=mandatorySystemGestures mFrame=[0,0][1080,120] mVisible=true mFlags= mSideHint=TOP mBoundingRects=null}, InsetsSource: {a7c20006 mType=tappableElement mFrame=[0,0][1080,84] mVisible=true mFlags= mSideHint=TOP mBoundingRects=null}, InsetsSource: {27 mType=displayCutout mFrame=[0,0][1080,84] mVisible=true mFlags= mSideHint=TOP mBoundingRects=null} }
12-17 00:54:08.573  4480  4480 I HoneySpace.Launcher: !@Boot_EBS_D: Launcher.onPause()
12-17 00:54:08.573  4480 27011 I HoneySpace.SPayHandler: updateSpayHandler launcher activity is paused false
12-17 00:54:08.573  4480  4480 I HoneySpace.Launcher: updateLauncherShowing true -> false
12-17 00:54:08.574  2274  4150 V WindowManager: Collecting in transition 98: ActivityRecord{21665754 u0 org.chungahmalumni.chungahmalpine/org.kivy.android.PythonActivity t10675}, caller=com.android.server.wm.TransitionController.collect:7 com.android.server.wm.ActivityRecord.setVisibility:132 com.android.server.wm.ActivityRecord.makeVisibleIfNeeded:36 com.android.server.wm.EnsureActivitiesVisibleHelper.process:538 com.android.server.wm.TaskFragment.updateActivityVisibilities:12 
12-17 00:54:08.574  2274  4150 V WindowManager: Collecting in transition 98: ActivityRecord{144568324 u0 com.sec.android.app.launcher/.activities.LauncherActivity t8}, caller=com.android.server.wm.TransitionController.collect:7 com.android.server.wm.ActivityRecord.setVisibility:132 com.android.server.wm.ActivityRecord.makeInvisible:32 com.android.server.wm.EnsureActivitiesVisibleHelper.process:542 com.android.server.wm.TaskFragment.updateActivityVisibilities:12 
12-17 00:54:08.574  2274  4150 D WindowManager: prepareSync <SYNC_STATE_WAITING_FOR_DRAW>, mPrepareSyncSeqId=0, win=Window{7bddd07 u0 com.sec.android.app.launcher/com.sec.android.app.launcher.activities.LauncherActivity}
12-17 00:54:08.574  2274  4150 V WindowManager: Collecting in transition 98: WallpaperWindowToken{e08a725 showWhenLocked=true}_<lock>, caller=com.android.server.wm.Transition.collect:387 com.android.server.wm.TransitionController.collect:7 com.android.server.wm.ActivityRecord.setVisibility:132 com.android.server.wm.ActivityRecord.makeInvisible:32 com.android.server.wm.EnsureActivitiesVisibleHelper.process:542 
12-17 00:54:08.574  2274  4150 V WindowManager: rotationForOrientation(orient=SCREEN_ORIENTATION_LANDSCAPE (0), last=ROTATION_0 (0)); user=ROTATION_0 (0) USER_ROTATION_LOCKED
12-17 00:54:08.574  2274  4150 D WindowManager: rotationForOrientation, orientationSource=ActivityRecord{21665754 u0 org.chungahmalumni.chungahmalpine/org.kivy.android.PythonActivity t10675}
12-17 00:54:08.574  2274  4150 D ActivityTaskManager: applyFixedRotationTransform, r=ActivityRecord{21665754 u0 org.chungahmalumni.chungahmalpine/org.kivy.android.PythonActivity t10675}, caller=com.android.server.wm.ActivityRecord.applyFixedRotationTransform:20 com.android.server.wm.DisplayContent.startFixedRotationTransform:63 com.android.server.wm.DisplayContent.setFixedRotationLaunchingApp:47 com.android.server.wm.DisplayContent.handleTopActivityLaunchingInDifferentOrientation:286 com.android.server.wm.DisplayContent.updateOrientation:40 
12-17 00:54:08.575  4041  4126 D WindowManagerShell: onFixedRotationStarted: null, state=PipTransitionState(mState=undefined, mInSwipePipToHomeTransition=false)
12-17 00:54:08.575  2274  4150 D WindowManager: fadeWindowToken, show=false, animationType=token_transform, topWindow=Window{cf979a2 u0 com.sec.android.app.launcher/com.samsung.app.honeyspace.edge.edgepanel.app.CocktailBarService}, token=WindowToken{f9e596d type=2226 android.os.BinderProxy@7ccfd84}, caller=com.android.server.wm.DisplayContent.startAsyncRotation:99 com.android.server.wm.DisplayContent.setFixedRotationLaunchingAppUnchecked:47 com.android.server.wm.DisplayContent.setFixedRotationLaunchingApp:50 com.android.server.wm.DisplayContent.handleTopActivityLaunchingInDifferentOrientation:286 com.android.server.wm.DisplayContent.updateOrientation:40 
12-17 00:54:08.575  4041  4126 D PipTaskOrganizer: onFixedRotationStarted: rot=1, PipTaskOrganizer{mState=0, mTaskInfo=null, mLeash=null, mWaitForFixedRotation=true, inSwipePipToHome=false, mPictureInPictureParams=null}
12-17 00:54:08.575  2274  4150 I WindowManager: Reparenting to leash, surface=Surface(name=WindowToken{f9e596d type=2226 android.os.BinderProxy@7ccfd84})/@0x2541ae, leashParent=Surface(name=Leaf:18:18)/@0x4742b4f
12-17 00:54:08.575  1867  2024 I SurfaceFlinger: id=1274 createSurf, flag=24000, Surface(name=WindowToken{f9e596d type=2226 android.os.BinderProxy@7ccfd84})/@0x2541ae - animation-leash of token_transform#1274
12-17 00:54:08.575  2274  4150 D WindowManager: makeSurface duration=1 leash=Surface(name=Surface(name=WindowToken{f9e596d type=2226 android.os.BinderProxy@7ccfd84})/@0x2541ae - animation-leash of token_transform)/@0xee8ab8a
12-17 00:54:08.576  2274  4150 D AsyncRotation_WindowManager: Start fade-out Window{cf979a2 u0 com.sec.android.app.launcher/com.samsung.app.honeyspace.edge.edgepanel.app.CocktailBarService}
12-17 00:54:08.576  2274  4150 D WindowManager: fadeWindowToken, show=false, animationType=token_transform, topWindow=Window{a166fde u0 ThumbsUpHandler_L}, token=WindowToken{b709319 type=2601 android.os.BinderProxy@ec7d663}, caller=com.android.server.wm.DisplayContent.startAsyncRotation:99 com.android.server.wm.DisplayContent.setFixedRotationLaunchingAppUnchecked:47 com.android.server.wm.DisplayContent.setFixedRotationLaunchingApp:50 com.android.server.wm.DisplayContent.handleTopActivityLaunchingInDifferentOrientation:286 com.android.server.wm.DisplayContent.updateOrientation:40 
12-17 00:54:08.576  2274  4150 I WindowManager: Reparenting to leash, surface=Surface(name=WindowToken{b709319 type=2601 android.os.BinderProxy@ec7d663})/@0x287caba, leashParent=Surface(name=Leaf:26:31)/@0x9722d6b
12-17 00:54:08.576  4041  4186 I VRI[chungahmalpine]@4c068a5: onActiveControlsChanged, removed=false, mAdded=true, caller=android.view.ViewRootImpl.handleInsetsControlChanged:3002 android.view.ViewRootImpl.setView:2014 android.view.WindowManagerGlobal.addView:604 com.android.wm.shell.startingsurface.SplashscreenWindowCreator.addWindow:38 com.android.wm.shell.startingsurface.StartingWindowController$$ExternalSyntheticLambda4.run:1365 
12-17 00:54:08.576  1867  3967 I SurfaceFlinger: id=1275 createSurf, flag=24000, Surface(name=WindowToken{b709319 type=2601 android.os.BinderProxy@ec7d663})/@0x287caba - animation-leash of token_transform#1275
12-17 00:54:08.576  4041  4186 I VRI[chungahmalpine]@4c068a5: synced displayState. AttachInfo displayState=2
12-17 00:54:08.576  2274  4150 D WindowManager: makeSurface duration=0 leash=Surface(name=Surface(name=WindowToken{b709319 type=2601 android.os.BinderProxy@ec7d663})/@0x287caba - animation-leash of token_transform)/@0x41145fb
12-17 00:54:08.576  4041  4186 I VRI[chungahmalpine]@4c068a5: setView = android.widget.FrameLayout@f4b0da3 IsHRR=false mFlingFrameRateChange=0 TM=true
12-17 00:54:08.576  2274  4150 D AsyncRotation_WindowManager: Start fade-out Window{a166fde u0 ThumbsUpHandler_L}
12-17 00:54:08.576  1752  1778 I HYPER-HAL: [RequestManager.cpp]acquire(): Acquired ID : 2494736  [1758 / 475]    HINT :      list : [TID_LOW_LATENCY / 1] [TID / 4261] [TID / 4262] [TID / 4186] [TID / 4266] 
12-17 00:54:08.576  2274  4150 D AsyncRotation_WindowManager: Start seamless Window{65c5bca u0 NavigationBar0}
12-17 00:54:08.576  2274  4150 D WindowManager: fadeWindowToken, show=false, animationType=token_transform, topWindow=Window{fab6390 u0 ThumbsUpHandler_R}, token=WindowToken{28b1e53 type=2601 android.os.BinderProxy@62bce42}, caller=com.android.server.wm.DisplayContent.startAsyncRotation:99 com.android.server.wm.DisplayContent.setFixedRotationLaunchingAppUnchecked:47 com.android.server.wm.DisplayContent.setFixedRotationLaunchingApp:50 com.android.server.wm.DisplayContent.handleTopActivityLaunchingInDifferentOrientation:286 com.android.server.wm.DisplayContent.updateOrientation:40 
12-17 00:54:08.576  2274  4150 I WindowManager: Reparenting to leash, surface=Surface(name=WindowToken{28b1e53 type=2601 android.os.BinderProxy@62bce42})/@0x6043547, leashParent=Surface(name=Leaf:26:31)/@0x9722d6b
12-17 00:54:08.576  1867  3967 I SurfaceFlinger: id=1276 createSurf, flag=24000, Surface(name=WindowToken{28b1e53 type=2601 android.os.BinderProxy@62bce42})/@0x6043547 - animation-leash of token_transform#1276
12-17 00:54:08.576  4041  4266 D HWUI    : HWUI - treat SMPTE_170M as sRGB
12-17 00:54:08.576  4480 27191 I HoneySpace.RecentTasks: onRecentTasksChanged
12-17 00:54:08.576  2274  4150 D WindowManager: makeSurface duration=0 leash=Surface(name=Surface(name=WindowToken{28b1e53 type=2601 android.os.BinderProxy@62bce42})/@0x6043547 - animation-leash of token_transform)/@0x9cf7618
12-17 00:54:08.576  2274  4150 D AsyncRotation_WindowManager: Start fade-out Window{fab6390 u0 ThumbsUpHandler_R}
12-17 00:54:08.576  2274  4150 D WindowManager: fadeWindowToken, show=false, animationType=token_transform, topWindow=Window{4727eb6 u0 StatusBar}, token=WindowToken{df7d19 type=2000 android.os.BinderProxy@ffe3063}, caller=com.android.server.wm.DisplayContent.startAsyncRotation:99 com.android.server.wm.DisplayContent.setFixedRotationLaunchingAppUnchecked:47 com.android.server.wm.DisplayContent.setFixedRotationLaunchingApp:50 com.android.server.wm.DisplayContent.handleTopActivityLaunchingInDifferentOrientation:286 com.android.server.wm.DisplayContent.updateOrientation:40 
12-17 00:54:08.576  2274  4150 I WindowManager: Reparenting to leash, surface=Surface(name=WindowToken{df7d19 type=2000 android.os.BinderProxy@ffe3063})/@0x7c9b25e, leashParent=Surface(name=Leaf:15:15)/@0x2c8f712
12-17 00:54:08.576  4041  4126 D ShellDesktopMode: [u0] DesktopRepository: Removes freeform task: taskId=10674
12-17 00:54:08.576  4041  4126 W ShellDesktopMode: [u0] DesktopRepository: No display id found for task: taskId=10674
12-17 00:54:08.577  1867  3967 I SurfaceFlinger: id=1277 createSurf, flag=24000, Surface(name=WindowToken{df7d19 type=2000 android.os.BinderProxy@ffe3063})/@0x7c9b25e - animation-leash of token_transform#1277
12-17 00:54:08.577  2274  4150 D WindowManager: makeSurface duration=0 leash=Surface(name=Surface(name=WindowToken{df7d19 type=2000 android.os.BinderProxy@ffe3063})/@0x7c9b25e - animation-leash of token_transform)/@0x1e0c871
12-17 00:54:08.577  2274  4150 D AsyncRotation_WindowManager: Start fade-out Window{4727eb6 u0 StatusBar}
12-17 00:54:08.577  2274  6883 D HintManagerService: SystemUI make new AppHintSession but force pause
12-17 00:54:08.577  2274  4150 D WindowManager: setFixedRotationLaunchingAppUnchecked, rotation=1, r=ActivityRecord{21665754 u0 org.chungahmalumni.chungahmalpine/org.kivy.android.PythonActivity t10675}, caller=com.android.server.wm.DisplayContent.setFixedRotationLaunchingAppUnchecked:131 com.android.server.wm.DisplayContent.setFixedRotationLaunchingApp:50 com.android.server.wm.DisplayContent.handleTopActivityLaunchingInDifferentOrientation:286 com.android.server.wm.DisplayContent.updateOrientation:40 com.android.server.wm.DisplayContent.updateOrientationAndComputeConfig:48 
12-17 00:54:08.577  2274  4150 V WindowManager: Collecting in transition 98: ActivityRecord{21665754 u0 org.chungahmalumni.chungahmalpine/org.kivy.android.PythonActivity t10675}, caller=com.android.server.wm.TransitionController.collect:7 com.android.server.wm.ActivityRecord.setVisibility:132 com.android.server.wm.ActivityTaskSupervisor.realStartActivityLocked:203 com.android.server.wm.ActivityTaskSupervisor.startSpecificActivity:27 com.android.server.wm.TaskFragment.resumeTopActivity:2089 
12-17 00:54:08.577  2274  4150 D SGM:FgCheckThread: notifyAppCreated(), packageName: org.chungahmalumni.chungahmalpine, userId: 0, sendRet: true
12-17 00:54:08.577  2274  2314 D SGM:FgCheckThread: notePauseComponent(), received pkgName: com.sec.android.app.launcher, userId: 0
12-17 00:54:08.577  2274  4150 D SGM:FgCheckThread: TaskStackListener.onTaskFocusChanged(), taskId=8, focused=false
12-17 00:54:08.577  2274  4150 D SGM:FgCheckThread: TaskStackListener.onTaskFocusChanged(), taskId=10675, focused=true
12-17 00:54:08.578  1752  1778 I HYPER-HAL: [RequestManager.cpp]acquire(): Acquired ID : 2494736  [1758 / 475]    HINT :      list : [TID_LOW_LATENCY / 0] [TID / 4261] [TID / 4262] [TID / 4186] [TID / 4266] 
12-17 00:54:08.578  2274  4150 D SGM:FgCheckThread:   sendRunningComponentFocus(), pkgName: org.chungahmalumni.chungahmalpine, userId: 0
12-17 00:54:08.578  2274  4150 D InputDispatcher: Focused application(0): ActivityRecord{21665754 u0 org.chungahmalumni.chungahmalpine/org.kivy.android.PythonActivity t10675}
12-17 00:54:08.578  2274  4150 D WindowManager: Changing focus from Window{7bddd07 u0 com.sec.android.app.launcher/com.sec.android.app.launcher.activities.LauncherActivity} to null displayId=0 Callers=com.android.server.wm.ActivityTaskManagerService.setLastResumedActivityUncheckLocked:264 com.android.server.wm.ActivityTaskSupervisor.updateTopResumedActivityIfNeeded:51 com.android.server.wm.TaskFragment.setResumedActivity:30 com.android.server.wm.ActivityRecord.setState:100 
12-17 00:54:08.578  2274  4150 V SystemKeyManager: updateFocusedWindow() is called, 
12-17 00:54:08.578  2274  4150 D ActivityTaskManager: scheduleTopResumedActivityChanged, onTop=true, r=ActivityRecord{21665754 u0 org.chungahmalumni.chungahmalpine/org.kivy.android.PythonActivity t10675}, caller=com.android.server.wm.ActivityTaskSupervisor.scheduleTopResumedActivityStateIfNeeded:18 com.android.server.wm.ActivityTaskSupervisor.updateTopResumedActivityIfNeeded:54 com.android.server.wm.TaskFragment.setResumedActivity:30 com.android.server.wm.ActivityRecord.setState:100 com.android.server.wm.ActivityTaskSupervisor.realStartActivityLocked:477 com.android.server.wm.ActivityTaskSupervisor.startSpecificActivity:27 
12-17 00:54:08.579  2274  6883 D GraphicsStatsService: requestRenderEngineFor(org.chungahmalumni.chungahmalpine)
12-17 00:54:08.579  2274  3757 D SGM:FgCheckThread: onLooperPrepared(), msg: MSG_APP_CREATE, pkgName: org.chungahmalumni.chungahmalpine, userId: 0
12-17 00:54:08.579  2274  4150 D BLASTSyncEngine: SyncGroup 98: Set ready true, caller=com.android.server.wm.BLASTSyncEngine.setReady:32 com.android.server.wm.Transition.applyReady:54 com.android.server.wm.Transition.setReady:72 com.android.server.wm.TransitionController.setReady:6 com.android.server.wm.DisplayContent.executeAppTransition:4 com.android.server.wm.ActivityRecord.completeResumeLocked:115 
12-17 00:54:08.579  2274  3757 D SGM:FgCheckThread: onLooperPrepared(), msg: MSG_TASK_FOCUSED, pkgName: org.chungahmalumni.chungahmalpine, userId: 0
12-17 00:54:08.579  2274  3757 D SGM:FgCheckThread: handleTaskFocused().
12-17 00:54:08.579  2274  3757 D SGM:FgCheckThread:   handleTaskFocused(), pkgName: org.chungahmalumni.chungahmalpine, userID:0
12-17 00:54:08.579  2274  3757 D SGM:FgCheckThread: handleResume().
12-17 00:54:08.579  2545  2545 D ActivityThread: org.chungahmalumni.chungahmalpine will use render engine as VK
12-17 00:54:08.579  2274  4150 D WindowManagerServiceExt: updateTaskbarTargetIfNeeded: cn=ComponentInfo{org.chungahmalumni.chungahmalpine/org.kivy.android.PythonActivity} occludesParent=true isInSplitScreenMode=false
12-17 00:54:08.579  2274  3757 D SGM:FgCheckThread: sendFocusOutConditionally() - mPrevNotiPkg: (unknown), userId: 0
12-17 00:54:08.579  2274  3757 D SGM:FgCheckThread:   handleResume(). pkgName: org.chungahmalumni.chungahmalpine, userId: 0, category: non-game
12-17 00:54:08.579  2274  3757 D SGM:FgCheckThread: notifyFocusInOut(). of pkg: org.chungahmalumni.chungahmalpine, type: 4, isSecGameFamily: false, userId: 0
12-17 00:54:08.579  2274  3757 D SGM:FgCheckThread:   notifyFocusInOut(). unexpected mPrevNotiType: -1
12-17 00:54:08.579  2274  3757 D SGM:SystemHelper: callReleaseBlock needReleaseBlock:false
12-17 00:54:08.579  2545  2545 D HWUI    : HWUI - treat SMPTE_170M as sRGB
12-17 00:54:08.579  2274  4150 V WindowManager: Collecting in transition 98: WallpaperWindowToken{e08a725 showWhenLocked=true}_<lock>, caller=com.android.server.wm.TransitionController.collect:7 com.android.server.wm.WallpaperWindowToken.setVisibility:55 com.android.server.wm.WallpaperController.adjustWallpaperWindows:857 com.android.server.wm.RootWindowContainer.applySurfaceChangesTransaction$1:141 com.android.server.wm.RootWindowContainer.performSurfacePlacementNoTrace:59 
12-17 00:54:08.579  2274  4150 D SurfaceComposerClient: setCornerRadius ## 17a532c Splash Screen org.chungahmalumni.chungahmalpine#1273 cornerRadius=0.000000
12-17 00:54:08.579  2274  4150 D SurfaceComposerClient: setCornerRadius ## 17a532c Splash Screen org.chungahmalumni.chungahmalpine#1273 cornerRadius=0.000000
12-17 00:54:08.579  2274  4150 D InputTransport: Input channel constructed: 'Letterb', fd=1376
12-17 00:54:08.579  2274  4150 D InputTransport: Input channel constructed: 'Letterb', fd=1378
12-17 00:54:08.580  1867  2023 I SurfaceFlinger: id=1278 createSurf, flag=20004, Letterbox - left#1278
12-17 00:54:08.580  2274  4150 D SurfaceComposerClient: [SEC_SF_EFFECTS] setBackgroundBlurRadius ## Letterbox - left#1278 backgroundBlurRadius=0
12-17 00:54:08.580  2274  4150 D InputTransport: Input channel constructed: 'Letterb', fd=1386
12-17 00:54:08.580  2274  4150 D InputTransport: Input channel constructed: 'Letterb', fd=1397
12-17 00:54:08.580  2274  4150 D InputTransport: Input channel constructed: 'Letterb', fd=1407
12-17 00:54:08.580  2274  4150 D InputTransport: Input channel constructed: 'Letterb', fd=1408
12-17 00:54:08.580  2545  2584 I DisplayManager: Choreographer implicitly registered for the refresh rate.
12-17 00:54:08.580  2274  4150 D InputTransport: Input channel constructed: 'Letterb', fd=1409
12-17 00:54:08.580  2274  4150 D InputTransport: Input channel constructed: 'Letterb', fd=1410
12-17 00:54:08.581  2274  4150 D BLASTSyncEngine: SyncGroup 98:  Unfinished container: Task{3a3440b #10675 type=standard A=10243:org.chungahmalumni.chungahmalpine} mSyncState=2
12-17 00:54:08.581  2274  6846 D CoreBackPreview: Window{17a532c u0 Splash Screen org.chungahmalumni.chungahmalpine}: Setting back callback OnBackInvokedCallbackInfo{mCallback=android.window.IOnBackInvokedCallback$Stub$Proxy@dd7a2e, mPriority=0, mIsAnimationCallback=false, mOverrideBehavior=0}
12-17 00:54:08.581  2274  2291 I WindowManager: Relayout Window{17a532c u0 Splash Screen org.chungahmalumni.chungahmalpine}: viewVisibility=0 req=1080x2340 ty=3 d0
12-17 00:54:08.581  1867  2242 I SurfaceFlinger: id=1279 createSurf, flag=44004, Splash Screen org.chungahmalumni.chungahmalpine$_4041#1279
12-17 00:54:08.581  4480  4763 I HoneySpace.TopTaskSource: onTaskMovedToFront : taskId = 10675, displayId = 0
12-17 00:54:08.581  2274  2291 D WindowManager: makeSurface duration=0 name=Splash Screen org.chungahmalumni.chungahmalpine$_4041
12-17 00:54:08.581  2274  2291 D SurfaceComposerClient: setCornerRadius ## 17a532c Splash Screen org.chungahmalumni.chungahmalpine#1273 cornerRadius=0.000000
