12-17 00:54:04.625  2274  4255 D SemContext.CaeProvider.LocationCoreImpl: setAttribute() mode : 0 action : 23
12-17 00:54:04.625  2274  4255 W CAE     : setCAProperty(ContextAwareService.java:509) - [setProperty 01] Mutex is locked for SLOCATION_RUNNER
12-17 00:54:04.626  2274  4255 I CAE     : setPropertyValue(SLocationRunner.java:116) - SLocationRunner setProperty header : 16, len : 16
12-17 00:54:04.626  1747  3791 I sensors-hal: qsh_conn_event_cb:890, event[0] sensor:slocationcore  Wakeup, msg_id=1025, ts=73044977670
12-17 00:54:04.626  1747  3791 E sensors-hal: handle_sns_client_event:78, slocationcore_event: msgid:1025
12-17 00:54:04.629  2274  3793 D SensorService: setSContextDataLocked ints length 6 , byte length 19
12-17 00:54:04.630  2274  3793 D SensorService: setSContextDataLocked 103717c1
12-17 00:54:04.630  1747  1747 I sensors-hal: inject_sensor_data:407, handle 1502 send inject
12-17 00:54:04.630  1747  1747 I sensors-hal: sendContextData:290, sensor hal 19, (0xc1, 0x17, 0x37, 0x10)
12-17 00:54:04.630  1747  1747 E sensors-hal: sendContextData:133, slocationcore h 193 m 23 s 55
12-17 00:54:04.630  1747  1747 I sensors-hal: sendUserData:119, slocationcore sendUserData
12-17 00:54:04.630  1747  1747 E sensors-hal: create_send_context_data:64, slocationcore create_send_context_data
12-17 00:54:04.630  1747  1747 I sensors-hal: send_context_data:694, slocationcore, 4986366670857974562, 1320970896291267344, msgid:700
12-17 00:54:04.630  2274  3789 D CAE     : onGetSensorHubData(SensorHubParserProvider.java:92) - onGetSensorHubData Event [event buffer len :26], AP_WAKEUP
12-17 00:54:04.630  2274  3789 I CAE     : parse(SensorHubParserProvider.java:188) - buffer size = 26
12-17 00:54:04.630  2274  3789 I CAE     : parse(SensorHubParserProvider.java:199) - 1, 1, 55, 0, 21, 5, 15, 5, 0, 0, 0, -56, 3, 105, 109, -88, 15, 5, 0, 0, 0, -56, 3, 105, 109, -88,
12-17 00:54:04.630  2274  3789 I CAE     : parse(SLocationRunner.java:88) - SLocationRunner parse start : 3
12-17 00:54:04.630  2274  3789 D CAE     : display(ContextProvider.java:375) - ================= SLOCATION_RUNNER =================
12-17 00:54:04.630  1747  3791 I sensors-hal: qsh_conn_resp_cb:930, resp_value = 0 for slocationcore 
12-17 00:54:04.630  2274  3789 I CAE     : display(ContextProvider.java:391) - ExtraDataArray=[1, 1, 55, 0, 21, 5, 15, 5, 0, 0, 0, -56, 3, 105, 109, -88, 15, 5, 0, 0, 0, -56, 3, 105, 109, -88]
12-17 00:54:04.630  1747  3791 I sensors-hal: qsh_conn_event_cb:890, event[0] sensor:slocationcore  Wakeup, msg_id=1025, ts=73045115984
12-17 00:54:04.630  1747  3791 E sensors-hal: handle_sns_client_event:78, slocationcore_event: msgid:1025
12-17 00:54:04.630  2274  3789 I CAE     : parse(SLocationRunner.java:96) - SLocationRunner parse end:26
12-17 00:54:04.631  2274  3789 D CAE     : onGetSensorHubData(SensorHubParserProvider.java:92) - onGetSensorHubData Event [event buffer len :10], AP_WAKEUP
12-17 00:54:04.631  2274  3789 I CAE     : parse(SensorHubParserProvider.java:188) - buffer size = 10
12-17 00:54:04.631  2274  3789 I CAE     : parse(SensorHubParserProvider.java:199) - 1, 1, 55, 0, 5, 2, 17, 0, 58, -104,
12-17 00:54:04.631  2274  3789 I CAE     : parse(SLocationRunner.java:88) - SLocationRunner parse start : 3
12-17 00:54:04.631  2274  3789 D CAE     : display(ContextProvider.java:375) - ================= SLOCATION_RUNNER =================
12-17 00:54:04.631  2274  3789 I CAE     : display(ContextProvider.java:391) - ExtraDataArray=[1, 1, 55, 0, 5, 2, 17, 0, 58, -104]
12-17 00:54:04.631  2274  3789 I CAE     : parse(SLocationRunner.java:96) - SLocationRunner parse end:10
12-17 00:54:04.631  2274  3786 D SemContextService: Service.updateContext() : service = SLocation Core
12-17 00:54:04.631  2274  3786 D SemContextService: Service.updateContext() : service = SLocation Core
12-17 00:54:04.631  2274  4255 W CAE     : setCAProperty(ContextAwareService.java:515) - [setProperty 02] Mutex is unlocked for SLOCATION_RUNNER
12-17 00:54:04.631  2274  4255 D SemContextService: unlock : changeParameters
12-17 00:54:04.631  2274  4255 D SemContextManager:   .changeParameters : listener = Z.i@eaa8daa, service=SLocation Core
12-17 00:54:04.632  1744  1802 I LocSvc_api_v02: ---> locClientSendReq line 2462 QMI_LOC_INJECT_WIFI_AP_DATA_REQ_V02
12-17 00:54:04.632  2274  3789 D CAE     : onGetSensorHubData(SensorHubParserProvider.java:92) - onGetSensorHubData Event [event buffer len :10], AP_WAKEUP
12-17 00:54:04.632  2274  3789 I CAE     : parse(SensorHubParserProvider.java:188) - buffer size = 10
12-17 00:54:04.632  2274  3789 I CAE     : parse(SensorHubParserProvider.java:199) - 1, 1, 55, 0, 5, 2, 16, 0, 58, -104,
12-17 00:54:04.632  2274  3789 I CAE     : parse(SLocationRunner.java:88) - SLocationRunner parse start : 3
12-17 00:54:04.632  2274  3789 D CAE     : display(ContextProvider.java:375) - ================= SLOCATION_RUNNER =================
12-17 00:54:04.632  2274  3789 I CAE     : display(ContextProvider.java:391) - ExtraDataArray=[1, 1, 55, 0, 5, 2, 16, 0, 58, -104]
12-17 00:54:04.632  2274  3789 I CAE     : parse(SLocationRunner.java:96) - SLocationRunner parse end:10
12-17 00:54:04.633  2274  2274 D SemContextManager: onSemContextChanged() : event = SLocation Core
12-17 00:54:04.633  2274  2274 D SLocation: SensorHubWrapper - SemContextChanged type = 47, packet received
12-17 00:54:04.634  2274  2274 D SemContextManager: onSemContextChanged() : event = SLocation Core
12-17 00:54:04.634  2274  2274 D SLocation: SensorHubWrapper - SemContextChanged type = 47, packet received
12-17 00:54:04.634  4908 31073 I FrewleTileCacheManagerV: (REDACTED) Fetched %d AP models from cache
12-17 00:54:04.634  2274  4255 D SLocation: GeofenceCoreManager - received Extra Data from core, len : 21
12-17 00:54:04.634  2274  4255 D SLocation: CommonCoreManager - received Extra Data from core, len : 21
12-17 00:54:04.634  2274  4255 D SLocation: GeofenceCoreManager - received Extra Data from core, len : 5
12-17 00:54:04.634  2274  4255 D SLocation: GeofenceCoreManager - handleCommandCallback - GEOFENCE_REMOVE SUCCESS
12-17 00:54:04.634  2274  4255 I SLocation: SHardwareManager - handleRemoveCallback : GEOFENCE_SUCCESS, id = 15000
12-17 00:54:04.634  2274  4255 D SLocation: CommonCoreManager - received Extra Data from core, len : 5
12-17 00:54:04.634  1744  3257 I LocSvc_ApiV02: <--- globalRespCb line 355 QMI_LOC_INJECT_WIFI_AP_DATA_REQ_V02
12-17 00:54:04.637  2274  3786 D SemContextService: Service.updateContext() : service = SLocation Core
12-17 00:54:04.640  2274  6883 D ActivityManager: Received SERVICE intent 0xf459d38 Key{startService pkg=com.google.android.gms/fused_location_provider intent=act=com.google.android.location.internal.action.FLP_FULL_POWER_LOCATION_RESULT xflg=0x4 pkg=com.google.android.gms cmp=com.google.android.gms/com.google.android.location.internal.PendingIntentCallbackService flags=0x2000000 u=0} requestCode=0 from uid 10264
12-17 00:54:04.643  2274 24121 I Mocca_VehicleDetectionHelper: (1.1.04.1)WiFi: WiFi delta: 17.0 totalKeys is: 32 ratio is: 53.125
12-17 00:54:04.643  2274 24121 I Mocca_VehicleDetectionHelper: (1.1.04.1)WiFi: Updated WiFi status: 2
12-17 00:54:04.643  2274 24121 D VehicleSensorHub: vehicleSendToSensorHub status : 2 type : 16
12-17 00:54:04.643  2274 24121 I SensorManager: Get Sensor type = 65586
12-17 00:54:04.643  2274 24121 D SensorService: setSContextDataLocked ints length 3 , byte length 5
12-17 00:54:04.643  2274 24121 D SensorService: setSContextDataLocked 103c17c1
12-17 00:54:04.643  2274  6883 D ActivityManager: Received SERVICE intent 0x410a921 Key{startService pkg=com.google.android.gms/network_location_provider intent=act=com.google.android.gms.location.util.nlp.RESULT cat=[targeted_intent_op_prefix:.location.util.nlp.NlpInternalApi$NlpReceiverIntentOperation] xflg=0x4 cmp=com.google.android.gms/.chimera.PersistentIntentOperationService flags=0x2000000 u=0} requestCode=2 from uid 10264
12-17 00:54:04.643  1747  1747 I sensors-hal: inject_sensor_data:407, handle 1502 send inject
12-17 00:54:04.643  1747  1747 I sensors-hal: sendContextData:290, sensor hal 5, (0xc1, 0x17, 0x3c, 0x10)
12-17 00:54:04.643  1747  1747 I sensors-hal: sendContextData:230, activities 5 c1, 1
12-17 00:54:04.643  1747  1747 I sensors-hal: sendUserData:251, Activities cmd 0xc1 0x17
12-17 00:54:04.643  1747  1747 I sensors-hal: create_send_context_data:80, sending create_send_context_data
12-17 00:54:04.643  1747  1747 I sensors-hal: send_context_data:694, activities, 4914309220830019584, 1320970896291267344, msgid:700
12-17 00:54:04.644  1747  3791 I sensors-hal: qsh_conn_resp_cb:930, resp_value = 0 for activities 
12-17 00:54:04.644 23696 23814 I [CE]_IndoorLocationManager: onNewScanResults - Update: 23
12-17 00:54:04.645 23696 23814 I [CE]_IndoorLocationManager: detectPoiEntryExit - State: 1
12-17 00:54:04.645  2274 24121 W ContextImpl: Calling a method in the system process without a qualified user: android.app.ContextImpl.sendBroadcast:1335 com.samsung.android.mocca.app.vehicle.AdvancedVehicleDetection.reportAdvancedVehicleEvent:185 com.samsung.android.mocca.app.vehicle.AdvancedVehicleDetection.handleWifiScanResult:340 com.samsung.android.mocca.app.vehicle.AdvancedVehicleDetection.q:0 D.e.h:231 
12-17 00:54:04.647 23696 23814 I [CE]_IndoorLocationManager: predict  - Sub-loc index: 0
12-17 00:54:04.647 23696 23814 I [CE]_IndoorLocationManager: identifyIndoorLocation - State: 0 / 0 / 0 / 1 / 0
12-17 00:54:04.647  2274  6883 D ActivityManager: Received SERVICE intent 0x25354e4 Key{startService pkg=com.google.android.gms/fused_location_provider intent=act=com.google.android.location.internal.action.FLP_LOW_POWER_LOCATION_RESULT xflg=0x4 pkg=com.google.android.gms cmp=com.google.android.gms/com.google.android.location.internal.PendingIntentCallbackService flags=0x2000000 u=0} requestCode=0 from uid 10264
12-17 00:54:04.648  2274  2274 D GnssLocationProvider_ex: receive broadcast intent, action: android.net.wifi.SCAN_RESULTS
12-17 00:54:04.648 26758 26758 I wpa_sslib: cmd: GETNCHOMODE
12-17 00:54:04.648  2274  2274 D SemContextManager: onSemContextChanged() : event = SLocation Core
12-17 00:54:04.648  2274  2274 D SLocation: SensorHubWrapper - SemContextChanged type = 47, packet received
12-17 00:54:04.648 26758 26758 I wpa_sslib: Response: GETNCHOMODE 0
12-17 00:54:04.649  2274  4255 D SLocation: GeofenceCoreManager - received Extra Data from core, len : 5
12-17 00:54:04.649  2274  4255 D SLocation: GeofenceCoreManager - handleCommandCallback - GEOFENCE_ADD SUCCESS
12-17 00:54:04.649  2274  4255 I SLocation: SHardwareManager - handleAddCallback : GEOFENCE_SUCCESS id = 15000
12-17 00:54:04.649  2274  4255 D SLocation: CommonCoreManager - received Extra Data from core, len : 5
12-17 00:54:04.651 23696 23696 I [CE]_ContextEngineReceiver: onReceive - ContextEngineReceiver onReceive action : com.samsung.android.mocca.ACTION_ADVANCED_VEHICLE_EVENT
12-17 00:54:04.651 23696 23696 I [CE]_ContextEngineReceiver: onReceive - ActivityDataManager intent : com.samsung.android.mocca.ACTION_ADVANCED_VEHICLE_EVENT
12-17 00:54:04.651 23696 23696 I [CE]_MovingContextProvider: onReceive - Advanced Vehicle Context received: 16, 2
12-17 00:54:04.651 23696 23696 I [CE]_CarContextProvider: onReceive - Advanced Vehicle Context received: 16, 2
12-17 00:54:04.652  2274  3943 D WifiConnectivityMonitor: MultiNetwork : false || false
12-17 00:54:04.652  2274  3943 D WifiConnectivityMonitor: MultiNetwork legacy (1000) false
12-17 00:54:04.657  4908  7502 I gccl    : Received empty WiFi-RTT scan. [CONTEXT service_id=6 ]
12-17 00:54:04.661  5117  5229 I NlpMonitor_FLP: monitorNlp, package=com.google.android.as/ interval=21600000
12-17 00:54:04.662  2274  3931 E SemThroughputPredictor: Null device capabilities passed to throughput predictor
12-17 00:54:04.663  1744  1770 I GnssAidl: ===> injectLocation line 289 
12-17 00:54:04.663  1744  1802 I LocSvc_api_v02: ---> locClientSendReq line 2462 QMI_LOC_INJECT_POSITION_REQ_V02
12-17 00:54:04.664  2274  4255 D SLocation: PositionManager - Passive handleLocationChanged [N, A : 11.53, T : 1765900440504, ET : 3794469, h : 22/23]
12-17 00:54:04.664  2274  4255 I SLocation: GeofenceLocationFilter - fire alarm & cancel, E.Q@2433731
12-17 00:54:04.664  2274  4255 W SLocation: GeopointGeofenceManger - refresh wifi to receive loc
12-17 00:54:04.665  2274  4255 D SLocation: GeopointGeofenceManger - Location reported : fix method = 4 / 11.533
12-17 00:54:04.665  2274  4255 D SLocation: LocationBuffer - receivedLocation - op[interval(min 60000, max 300000), waitTime 36000000, numOfUpdates 20, minDistance 200.0]dist : 0.8840703 diffTime : 1513 filtered Location
12-17 00:54:04.665  2274  4255 D SLocation: BatchManager - received batch location buffered = false
12-17 00:54:04.666  2274  4255 D SLocation: ReceiverPair - ignore direction of location due to wifi, id = 53, reason = 400
12-17 00:54:04.667  2274  4255 D SLocation: ReceiverPair - ignore direction of location due to wifi, id = 59, reason = 400
12-17 00:54:04.667  2274  4255 D SLocation: GeopointLastLocation - last location still available 4461 / 9223372036854775807
12-17 00:54:04.667  1744  3257 I LocSvc_ApiV02: <--- globalRespCb line 355 QMI_LOC_INJECT_POSITION_REQ_V02
12-17 00:54:04.667  2274  4255 D SLocation: GeopointGeofenceObserver - location : [N, A : 11.53, T : 1765900440504, ET : 3794469, h : 22/23], radius : 4722
12-17 00:54:04.668  2274  4255 D SLocation: LocationProviderStatus - try to update provider status (GPS/NLP)
12-17 00:54:04.668  2274  4255 D SLocation: LocationProviderStatus - set isGpsOn : true, isNlpOn : true
12-17 00:54:04.668  2274  4255 D SLocation: LocationProviderStatus - gps & nlp status not changed
12-17 00:54:04.668  2274  4255 D SLocation: GeofenceCoreManager - geofence core command pending size : 2
12-17 00:54:04.668  2274  4255 D SLocation: GeofenceCoreRecovery - removeGeofenceInfo id = 15000
12-17 00:54:04.668  2274  4255 D SLocation: SLocationCoreSem - send to coreSem, packet length : 3 / [17, 58, 152]
12-17 00:54:04.668  2274  4255 D SemContextLocationCoreAttribute: setAttribute() mode : 0 action : 23
12-17 00:54:04.668  2274  4255 D SemContextService: lock : changeParameters
12-17 00:54:04.668  2274  4255 D SemContext.CaeProvider.LocationCoreImpl: setAttribute() mode : 0 action : 23
12-17 00:54:04.669  2274  4255 W CAE     : setCAProperty(ContextAwareService.java:509) - [setProperty 01] Mutex is locked for SLOCATION_RUNNER
12-17 00:54:04.669  2274  4255 I CAE     : setPropertyValue(SLocationRunner.java:116) - SLocationRunner setProperty header : 17, len : 3
12-17 00:54:04.669  2274  3793 D SensorService: setSContextDataLocked ints length 3 , byte length 6
12-17 00:54:04.669  2274  3793 D SensorService: setSContextDataLocked 113717c1
12-17 00:54:04.669  1747  1747 I sensors-hal: inject_sensor_data:407, handle 1502 send inject
12-17 00:54:04.669  1747  1747 I sensors-hal: sendContextData:290, sensor hal 6, (0xc1, 0x17, 0x37, 0x11)
12-17 00:54:04.669  1747  1747 E sensors-hal: sendContextData:133, slocationcore h 193 m 23 s 55
12-17 00:54:04.669  1747  1747 I sensors-hal: sendUserData:119, slocationcore sendUserData
12-17 00:54:04.669  1747  1747 E sensors-hal: create_send_context_data:64, slocationcore create_send_context_data
12-17 00:54:04.669  1747  1747 I sensors-hal: send_context_data:694, slocationcore, 4986366670857974562, 1320970896291267344, msgid:700
12-17 00:54:04.670  2274  4255 W CAE     : setCAProperty(ContextAwareService.java:515) - [setProperty 02] Mutex is unlocked for SLOCATION_RUNNER
12-17 00:54:04.670  2274  4255 D SemContextService: unlock : changeParameters
12-17 00:54:04.670  2274  4255 D SemContextManager:   .changeParameters : listener = Z.i@eaa8daa, service=SLocation Core
12-17 00:54:04.670  2274  4255 D SLocation: GeofenceCoreManager - geofence core command pending size : 1
12-17 00:54:04.670  2274  4255 D SLocation: GeofenceCoreRecovery - storeGeofenceInfo 1 id = 15000, radius = 4722
12-17 00:54:04.670  1747  3791 I sensors-hal: qsh_conn_resp_cb:930, resp_value = 0 for slocationcore 
12-17 00:54:04.670  1747  3791 I sensors-hal: qsh_conn_event_cb:890, event[0] sensor:slocationcore  Wakeup, msg_id=1025, ts=73045878369
12-17 00:54:04.670  1747  3791 E sensors-hal: handle_sns_client_event:78, slocationcore_event: msgid:1025
12-17 00:54:04.670  2274  4255 D SLocation: SLocationCoreSem - send to coreSem, packet length : 16 / [16, 58, 152, 22, 97, 253, 187, 75, 156, 8, 245, 0, 0, 18, 114, 1]
12-17 00:54:04.670  2274  4255 D SemContextLocationCoreAttribute: setAttribute() mode : 0 action : 23
12-17 00:54:04.670  2274  4255 D SemContextService: lock : changeParameters
12-17 00:54:04.670  2274  4255 D SemContext.CaeProvider.LocationCoreImpl: setAttribute() mode : 0 action : 23
12-17 00:54:04.670  2274  4255 W CAE     : setCAProperty(ContextAwareService.java:509) - [setProperty 01] Mutex is locked for SLOCATION_RUNNER
12-17 00:54:04.671  2274  4255 I CAE     : setPropertyValue(SLocationRunner.java:116) - SLocationRunner setProperty header : 16, len : 16
12-17 00:54:04.671  2274  3793 D SensorService: setSContextDataLocked ints length 6 , byte length 19
12-17 00:54:04.671  2274  3793 D SensorService: setSContextDataLocked 103717c1
12-17 00:54:04.671  1747  1747 I sensors-hal: inject_sensor_data:407, handle 1502 send inject
12-17 00:54:04.671  1747  1747 I sensors-hal: sendContextData:290, sensor hal 19, (0xc1, 0x17, 0x37, 0x10)
12-17 00:54:04.671  1747  1747 E sensors-hal: sendContextData:133, slocationcore h 193 m 23 s 55
12-17 00:54:04.671  1747  1747 I sensors-hal: sendUserData:119, slocationcore sendUserData
12-17 00:54:04.671  1747  1747 E sensors-hal: create_send_context_data:64, slocationcore create_send_context_data
12-17 00:54:04.671  1747  1747 I sensors-hal: send_context_data:694, slocationcore, 4986366670857974562, 1320970896291267344, msgid:700
12-17 00:54:04.672  2274  4255 W CAE     : setCAProperty(ContextAwareService.java:515) - [setProperty 02] Mutex is unlocked for SLOCATION_RUNNER
12-17 00:54:04.672  2274  4255 D SemContextService: unlock : changeParameters
12-17 00:54:04.672  2274  4255 D SemContextManager:   .changeParameters : listener = Z.i@eaa8daa, service=SLocation Core
12-17 00:54:04.672  1747  3791 I sensors-hal: qsh_conn_resp_cb:930, resp_value = 0 for slocationcore 
12-17 00:54:04.672  1747  3791 I sensors-hal: qsh_conn_event_cb:890, event[0] sensor:slocationcore  Wakeup, msg_id=1025, ts=73045916450
12-17 00:54:04.672  1747  3791 E sensors-hal: handle_sns_client_event:78, slocationcore_event: msgid:1025
12-17 00:54:04.672  2274  3931 I SemWifiIntelligentConnectionManager: IWH not enabled: ff:e2 / 0 / 0 | F / 2 / T / T / F (1 / 0) | F / F / T / T / F / F / F / T / -1 / F | 0 / T / 457 / true
12-17 00:54:04.673  2274  3789 D CAE     : onGetSensorHubData(SensorHubParserProvider.java:92) - onGetSensorHubData Event [event buffer len :10], AP_WAKEUP
12-17 00:54:04.673  2274  3789 I CAE     : parse(SensorHubParserProvider.java:188) - buffer size = 10
12-17 00:54:04.673  2274  3789 I CAE     : parse(SensorHubParserProvider.java:199) - 1, 1, 55, 0, 5, 2, 17, 0, 58, -104,
12-17 00:54:04.673  2274  3789 I CAE     : parse(SLocationRunner.java:88) - SLocationRunner parse start : 3
12-17 00:54:04.674  2274  3789 D CAE     : display(ContextProvider.java:375) - ================= SLOCATION_RUNNER =================
12-17 00:54:04.674  2274  3789 I CAE     : display(ContextProvider.java:391) - ExtraDataArray=[1, 1, 55, 0, 5, 2, 17, 0, 58, -104]
12-17 00:54:04.674  2274  3789 I CAE     : parse(SLocationRunner.java:96) - SLocationRunner parse end:10
12-17 00:54:04.674  2274  3789 D CAE     : onGetSensorHubData(SensorHubParserProvider.java:92) - onGetSensorHubData Event [event buffer len :10], AP_WAKEUP
12-17 00:54:04.674  2274  3786 D SemContextService: Service.updateContext() : service = SLocation Core
12-17 00:54:04.674  2274  3789 I CAE     : parse(SensorHubParserProvider.java:188) - buffer size = 10
12-17 00:54:04.674  2274  2274 D SemContextManager: onSemContextChanged() : event = SLocation Core
12-17 00:54:04.675  2274  3789 I CAE     : parse(SensorHubParserProvider.java:199) - 1, 1, 55, 0, 5, 2, 16, 0, 58, -104,
12-17 00:54:04.675  2274  2274 D SLocation: SensorHubWrapper - SemContextChanged type = 47, packet received
12-17 00:54:04.675  2274  3789 I CAE     : parse(SLocationRunner.java:88) - SLocationRunner parse start : 3
12-17 00:54:04.675  2274  4255 D SLocation: GeofenceCoreManager - received Extra Data from core, len : 5
12-17 00:54:04.675  2274  4255 D SLocation: GeofenceCoreManager - handleCommandCallback - GEOFENCE_REMOVE SUCCESS
12-17 00:54:04.675  2274  4255 I SLocation: SHardwareManager - handleRemoveCallback : GEOFENCE_SUCCESS, id = 15000
12-17 00:54:04.675  2274  4255 D SLocation: CommonCoreManager - received Extra Data from core, len : 5
12-17 00:54:04.675  2274  3789 D CAE     : display(ContextProvider.java:375) - ================= SLOCATION_RUNNER =================
12-17 00:54:04.676  2274  3789 I CAE     : display(ContextProvider.java:391) - ExtraDataArray=[1, 1, 55, 0, 5, 2, 16, 0, 58, -104]
12-17 00:54:04.676  2274  3789 I CAE     : parse(SLocationRunner.java:96) - SLocationRunner parse end:10
12-17 00:54:04.676  2274  3786 D SemContextService: Service.updateContext() : service = SLocation Core
12-17 00:54:04.676  2274  2274 D SemContextManager: onSemContextChanged() : event = SLocation Core
12-17 00:54:04.676  2274  2274 D SLocation: SensorHubWrapper - SemContextChanged type = 47, packet received
12-17 00:54:04.676  2274  4255 D SLocation: GeofenceCoreManager - received Extra Data from core, len : 5
12-17 00:54:04.676  2274  4255 D SLocation: GeofenceCoreManager - handleCommandCallback - GEOFENCE_ADD SUCCESS
12-17 00:54:04.676  2274  4255 I SLocation: SHardwareManager - handleAddCallback : GEOFENCE_SUCCESS id = 15000
12-17 00:54:04.676  2274  4255 D SLocation: CommonCoreManager - received Extra Data from core, len : 5
12-17 00:54:04.687  2274  2806 D PowerManagerService: displayReady: false groupId=0
12-17 00:54:04.687  2274  2806 D DisplayPowerController[0]: animateScreenStateChange: target=ON, mIsEnabled=true
12-17 00:54:04.688  2274  2806 D PowerManagerService: displayReady: true groupId=0
12-17 00:54:04.702  2274  3835 D GnssLocationProvider_ex: SV Count : 3 / 13      (PRN, Constellation, Type, SNR, Used)
12-17 00:54:04.702  2274  3835 D GnssLocationProvider_ex: (5, GPS, L1, 11.2, 1) (11, GPS, L1, 20.2, 1) (12, GPS, L1, 20.7, 1) (20, GPS, L1, 16.3, 0) (22, GLONASS, L1, 19.9, 0) (44, BEIDOU, L1, 15.4, 0) 
12-17 00:54:04.702  2274  3835 D GnssLocationProvider_ex: (10, BEIDOU, L1, 11.5, 0) (11, GPS, L5, 20.3, 0) (25, GPS, L5, 18.1, 0) (2, GALILEO, L5, 15.3, 0) (30, GALILEO, L5, 16.2, 0) (34, GALILEO, L5, 14.9, 0) 
12-17 00:54:04.702  2274  3835 D GnssLocationProvider_ex: (44, BEIDOU, L5, 22.5, 0) 
12-17 00:54:04.704  5117  5229 I GnssEngineManager_FLP: updateSatelliteStatus, top4=20, top6=19, visibleSv=13, usedSv=3, usedL5Sv=0 (usedGps=3, usedGlo=0, usedBds=0, usedGal=0)
12-17 00:54:04.707  2274  3835 D GnssLocationProvider: reportLocation
12-17 00:54:04.709  5117  5229 I GnssEngineManager_FLP: onGpsLocationChanged, provider=gps / isMock=false / speed=0.0 / time=1765900445000 / elapsed=3798955402351
12-17 00:54:04.709  5117  5229 I NewStopController_FLP: isAvailableLastLoc, KeepStationary : false , timeGap : 17 , mStraightFixCount : 0
12-17 00:54:04.709  5117  5229 I NewStopController_FLP: onChangedGlpLocation, isGpsStopped= false, isReportingLL= false, isAvailableLastLoc : true
12-17 00:54:04.712  2274 24121 I Mocca_VehicleDetectionHelper: (1.1.04.1)GPS: Avg speed: 0.0 Speed: 0.0 LIST: [0.0, 0.0, 0.0, 0.0, 0.0, 0.0, 0.0, 0.0, 0.0, 0.0]
12-17 00:54:04.712  2274 24121 D VehicleSensorHub: vehicleSendToSensorHub status : 2 type : 18
12-17 00:54:04.712  2274 24121 I SensorManager: Get Sensor type = 65586
12-17 00:54:04.712  2274 24121 D SensorService: setSContextDataLocked ints length 3 , byte length 5
12-17 00:54:04.712  2274 24121 D SensorService: setSContextDataLocked 123c17c1
12-17 00:54:04.712  1747  1747 I sensors-hal: inject_sensor_data:407, handle 1502 send inject
12-17 00:54:04.712  1747  1747 I sensors-hal: sendContextData:290, sensor hal 5, (0xc1, 0x17, 0x3c, 0x12)
12-17 00:54:04.712  1747  1747 I sensors-hal: sendContextData:230, activities 5 c1, 1
12-17 00:54:04.712  1747  1747 I sensors-hal: sendUserData:251, Activities cmd 0xc1 0x17
12-17 00:54:04.712  1747  1747 I sensors-hal: create_send_context_data:80, sending create_send_context_data
12-17 00:54:04.713  1747  1747 I sensors-hal: send_context_data:694, activities, 4914309220830019584, 1320970896291267344, msgid:700
12-17 00:54:04.713  4908  7502 I FusedLocation: (REDACTED) location delivery to %s blocked - too close
12-17 00:54:04.713  2274 24121 W ContextImpl: Calling a method in the system process without a qualified user: android.app.ContextImpl.sendBroadcast:1335 com.samsung.android.mocca.app.vehicle.AdvancedVehicleDetection.reportAdvancedVehicleEvent:185 com.samsung.android.mocca.app.vehicle.AdvancedVehicleDetection.handleLocEvent:277 com.samsung.android.mocca.app.vehicle.AdvancedVehicleDetection.p:0 D.e.h:136 
12-17 00:54:04.713  1747  3791 I sensors-hal: qsh_conn_resp_cb:930, resp_value = 0 for activities 
12-17 00:54:04.713  4908  7502 I FusedLocation: (REDACTED) location delivery to %s blocked - too fast
12-17 00:54:04.714  4908  7502 I FusedLocation: (REDACTED) location delivery to %s blocked - too fast
12-17 00:54:04.714  4908  7502 I FusedLocation: (REDACTED) location delivery to %s blocked - too close
12-17 00:54:04.714  4908  7502 I FusedLocation: (REDACTED) location delivery to %s blocked - too close
12-17 00:54:04.717 23696 23696 I [CE]_ContextEngineReceiver: onReceive - ContextEngineReceiver onReceive action : com.samsung.android.mocca.ACTION_ADVANCED_VEHICLE_EVENT
12-17 00:54:04.717 23696 23696 I [CE]_ContextEngineReceiver: onReceive - ActivityDataManager intent : com.samsung.android.mocca.ACTION_ADVANCED_VEHICLE_EVENT
12-17 00:54:04.717 23696 23696 I [CE]_MovingContextProvider: onReceive - Advanced Vehicle Context received: 18, 2
12-17 00:54:04.717 23696 23696 I [CE]_CarContextProvider: onReceive - Advanced Vehicle Context received: 18, 2
12-17 00:54:04.718  2274  4255 D SLocation: PositionManager - Passive handleLocationChanged [G, A : 147.78, T : 1765900445000, ET : 3798955, E : SH, h : 22/23]
12-17 00:54:04.719  2274  4255 D SLocation: PositionManager - receive gps location
12-17 00:54:04.719  2274  4255 D SLocation: PositionManager - Passive handleLocationChanged [F, A : 141.32, T : 1765900444692, ET : 3798955, h : 22/23]
12-17 00:54:04.719  2274  4255 D SLocation: PositionManager - receive fused location
12-17 00:54:04.719  2274  4255 D SLocation: LocationBuffer - receivedLocation - op[interval(min 60000, max 300000), waitTime 36000000, numOfUpdates 20, minDistance 200.0]dist : 0.0028738847 diffTime : 5999 filtered Location
12-17 00:54:04.719  2274  4255 D SLocation: BatchManager - received batch location buffered = false
12-17 00:54:04.719  2274  4255 D SLocation: GeofenceLocationFilter - location sent before 54, need to filter / provider : fused, accuracy : 141.321
12-17 00:54:04.719  2274  4255 I SLocation: GeofenceLocationFilter - alarm set, next time to send location : 3804928, E.Q@fdcac98
12-17 00:54:04.721  5117  5229 I GmsPassiveListener_FLP: onGmsLocationChanged, provider=fused / speed=0.0 / time=1765900444692 / elapsed=3798955402351
12-17 00:54:04.721  2274  4255 D SLocation: LocationBuffer - receivedLocation - op[interval(min 60000, max 300000), waitTime 36000000, numOfUpdates 20, minDistance 200.0]dist : 0.0034448989 diffTime : 5999 filtered Location
12-17 00:54:04.722  2274  4255 D SLocation: BatchManager - received batch location buffered = false
12-17 00:54:04.764  1862  1908 E HeatmapThread: ECT Thread time in milliseconds: 1765900444
12-17 00:54:04.767  1862  1908 D HeatmapThread: !@ batteryplugType : 0
12-17 00:54:04.767  1862  1908 D HeatmapThread: !@ batteryLevel : 99  batteryTemperature : 347 
12-17 00:54:04.767  1862  1908 D HeatmapThread: !@ Heatmap currtime: 29431674
12-17 00:54:04.767  1862  1908 D HeatmapThread: !@ Heatmap prevtime: 29431670
12-17 00:54:04.767  1862  1908 D HeatmapThread: !@ Heatmap plugstarttime: 35791394
12-17 00:54:04.767  1862  1908 D HeatmapThread: !@ Heatmap prevv_dsoh_update_time: 29431640
12-17 00:54:04.767  1862  1908 E HeatmapThread: !@ CAM New BSOH: 100
12-17 00:54:04.798  2274  4150 D SemContextService: lock : requestToUpdate
12-17 00:54:04.798  2274  4150 W CAE     : setCAProperty(ContextAwareService.java:509) - [setProperty 01] Mutex is locked for CH_LOC_TRIGGER
12-17 00:54:04.798  2274  3793 D SensorService: setSContextDataLocked ints length 2 , byte length 4
12-17 00:54:04.799  2274  3793 D SensorService: setSContextDataLocked 3db8
12-17 00:54:04.800  1747  1747 I sensors-hal: inject_sensor_data:407, handle 1502 send inject
12-17 00:54:04.800  1747  1747 I sensors-hal: sendContextData:290, sensor hal 4, (0xb8, 0x3d, 0x0, 0x0)
12-17 00:54:04.800  1747  1747 I sensors-hal: sendContextData:131, change_location_trigger 4,184
12-17 00:54:04.800  1747  1747 I sensors-hal: sendUserData:118, change_location_trigger h 184 m 61 s 0
12-17 00:54:04.800  1747  1747 I sensors-hal: create_send_context_data:66, change_location_trigger create_send_context_data
12-17 00:54:04.800  1747  1747 I sensors-hal: send_context_data:694, change_location_trigger, -244018566922240, 1320970896291267344, msgid:700
12-17 00:54:04.801  2274  4150 W CAE     : setCAProperty(ContextAwareService.java:515) - [setProperty 02] Mutex is unlocked for CH_LOC_TRIGGER
12-17 00:54:04.801  2274  4150 D SemContextService:     .requestToUpdate() : service = Location Change Trigger
12-17 00:54:04.801  2274  4150 D SemContextService: unlock : requestToUpdate
12-17 00:54:04.801  2274  4150 D SemContextManager:   .requestToUpdate : listener = com.android.server.location.nsflp.NSLocationMonitor$5@66e936b, service=Location Change Trigger
12-17 00:54:04.801  1747  3791 I sensors-hal: qsh_conn_resp_cb:930, resp_value = 0 for change_location_trigger 
12-17 00:54:04.801  5117 10306 I NewStopController_FLP: StateChecker, check stationary message
12-17 00:54:04.807  1747  3994 I sensors-hal: handle_sns_std_sensor_event:131, [SSC_LIGHT] A: 505(505),c:7,b:112,m:13,cl:2,l:505,s:501,l0:68928,l1:96,s0:68000,s1:0,acl:1,opr:0.39,f(r):100,u(bl):100,if:0,wi:0,si:0,po:0(N:0)
12-17 00:54:04.833  1747  3791 I sensors-hal: qsh_conn_event_cb:890, event[0] sensor:change_location_trigger  Wakeup, msg_id=1025, ts=73048988420
12-17 00:54:04.833  1747  3791 I sensors-hal: handle_sns_client_event:85, change_location_trigger_event: msgid:1025
12-17 00:54:04.833  1747  3791 I sensors-hal: handle_sns_client_event:108, change_location_trigger_event: 255, 255
12-17 00:54:04.836  2274  3789 D CAE     : onGetSensorHubData(SensorHubParserProvider.java:92) - onGetSensorHubData Event [event buffer len :15], AP_WAKEUP
12-17 00:54:04.836  2274  3789 I CAE     : parse(SensorHubParserProvider.java:188) - buffer size = 15
12-17 00:54:04.837  2274  3789 I CAE     : parse(SensorHubParserProvider.java:199) - 1, 1, 61, -1, 0, 2, 1, 0, 0, 0, 1, 0, 0, 0, 0,
12-17 00:54:04.837  2274  3789 D CAE     : display(ContextProvider.java:375) - ================= CH_LOC_TRIGGER =================
12-17 00:54:04.838  2274  3789 I CAE     : display(ContextProvider.java:391) - duration=[1], property=[1], result=[2], reserved=[0]
12-17 00:54:04.839  2274  3786 D SemContextService: Service.updateContext() : service = Location Change Trigger
12-17 00:54:04.839  2274  3836 D SemContextManager: onSemContextChanged() : event = Location Change Trigger
12-17 00:54:04.839  2274  3836 D NSLocationMonitor: onSemContextChanged, activity : 1 result : 2 movement : 1
12-17 00:54:04.862  4908 31633 I NearbyMediums: Found Fast Ble Advertisements :
12-17 00:54:04.862  4908 31633 I NearbyMediums: BleAdvertisement { version=2, socketVersion=2, isFast=true, serviceIdHash=null, data=[ 0x23 0x52 0x43 0x55 0x4f 0x11 0x32 0x14 0x69 0x16 0x71 0x57 0x50 0xa4 0xd3 0x9a 0x3b 0x8f 0xa6 0xb2 0xf6 0x8a 0xb7 ], deviceToken=[ 0x2f 0x3b ], rxAdvertisement=null } : 5 times.
12-17 00:54:04.862  4908 31633 I NearbyMediums: BleAdvertisement { version=2, socketVersion=2, isFast=true, serviceIdHash=null, data=[ 0x23 0x38 0x36 0x30 0x4f 0x11 0x34 0x99 0x4e 0xf2 0xda 0xe8 0x72 0x0d 0xaa 0x7d 0xab 0xc4 0xbd 0x60 0xf6 0x1e 0x9b ], deviceToken=[ 0xe4 0x41 ], rxAdvertisement=null } : 1 times.
12-17 00:54:04.862  4908 31633 I NearbyMediums: Total 6 fast advertisements from 2 unique advertisers.
12-17 00:54:04.862  4908 31633 I NearbyMediums: Current Tracked Scanning Clients are : {NearbyConnections.EnvironmentMonitor, NearbySharing, NearbyConnections.TxAdvertisement}
12-17 00:54:04.871  6754  6754 I SDHMS:LOAD: type: LoadsFreqs, value: 0:0:0:787199:1248000:672000:788351:2572800:499200:406:422:231
12-17 00:54:04.887  2274  2806 D PowerManagerService: displayReady: false groupId=0
12-17 00:54:04.887  2274  2806 D DisplayPowerController[0]: animateScreenStateChange: target=ON, mIsEnabled=true
12-17 00:54:04.888  2274  2806 D PowerManagerService: displayReady: true groupId=0
12-17 00:54:04.901  1747  6465 I sensors-hal: handle_sns_client_event:375, [0][390935] accel_sample [ 0.005, -0.175,  9.827] 3799158182146
12-17 00:54:05.048  2274  2287 I system_server: Background concurrent mark compact GC freed 56MB AllocSpace bytes, 61(1248KB) LOS objects, 21% free, 173MB/221MB, paused 1.276ms,2.839ms total 353.285ms
12-17 00:54:05.060  1747  9971 I sensors-hal: handle_sns_client_event:422, [0][15254] gyro_sample_cal(cal_available:1)(3) [-0.000, 0.000,-0.001] bias[-0.007, 0.010, 0.008] 3799194673188
12-17 00:54:05.089  2274  2806 D PowerManagerService: displayReady: false groupId=0
12-17 00:54:05.090  2274  2806 D DisplayPowerController[0]: animateScreenStateChange: target=ON, mIsEnabled=true
12-17 00:54:05.091  2274  2806 D PowerManagerService: displayReady: true groupId=0
12-17 00:54:05.166  2274  4255 D SLocation: WifiBssidMonitor - requestRefresh
12-17 00:54:05.168  2274  4255 W SLocation: WifiBssidMonitor - connected wifi : (38:f4:5e:**:**:e2/874)
12-17 00:54:05.291  2274  2806 D PowerManagerService: displayReady: false groupId=0
12-17 00:54:05.291  2274  2806 D DisplayPowerController[0]: animateScreenStateChange: target=ON, mIsEnabled=true
12-17 00:54:05.293  2274  2806 D PowerManagerService: displayReady: true groupId=0
12-17 00:54:05.348  1730  5586 I vendor.qti.bluetooth@1.1-ibs_handler: ProcessIbsCmd: Received IBS_WAKE_IND: 0xFD
12-17 00:54:05.348  1730  5586 D vendor.qti.bluetooth@1.1-ibs_handler: SerialClockVote: vote for UART CLK ON
12-17 00:54:05.349  1730  5586 D vendor.qti.bluetooth@1.1-wake_lock: Acquire wakelock is acquired 
12-17 00:54:05.349  1730  5586 I vendor.qti.bluetooth@1.1-ibs_handler: ProcessIbsCmd: Writing IBS_WAKE_ACK
12-17 00:54:05.363  4360  5680 I ScanController: onScanResult to scannerId: 7- eventType=0x1a, addressType=1, address=XX:XX:XX:XX:3E:11, primaryPhy=1, secondaryPhy=0, advertisingSid=0xff, txPower=127, rssi=-65, periodicAdvInt=0x0
12-17 00:54:05.398  1730  5586 I vendor.qti.bluetooth@1.1-ibs_handler: ProcessIbsCmd: Received IBS_SLEEP_IND: 0xFE
12-17 00:54:05.398  1730  5586 D vendor.qti.bluetooth@1.1-ibs_handler: SerialClockVote: vote for UART CLK OFF
12-17 00:54:05.492  2274  2806 D PowerManagerService: displayReady: false groupId=0
12-17 00:54:05.493  2274  2806 D DisplayPowerController[0]: animateScreenStateChange: target=ON, mIsEnabled=true
12-17 00:54:05.494  2274  2806 D PowerManagerService: displayReady: true groupId=0
12-17 00:54:05.549  1730  4788 D vendor.qti.bluetooth@1.1-wake_lock: Release wakelock is released 
12-17 00:54:05.679  1270  1270 D io_stats: !@   8,0 r 1373362 30085144 w 716912 10814596 d 26039 4945836 f 36674 42358 iot 318176 0 th 0 0 0 pt 0 inp 0 0 3799.942
12-17 00:54:05.693  2274  2806 D PowerManagerService: displayReady: false groupId=0
12-17 00:54:05.693  2274  2806 D DisplayPowerController[0]: animateScreenStateChange: target=ON, mIsEnabled=true
12-17 00:54:05.694  2274  2806 D PowerManagerService: displayReady: true groupId=0
12-17 00:54:05.704  2274  3835 D GnssLocationProvider_ex: SV Count : 4 / 13      (PRN, Constellation, Type, SNR, Used)
12-17 00:54:05.704  2274  3835 D GnssLocationProvider_ex: (5, GPS, L1, 11.2, 0) (11, GPS, L1, 20.2, 1) (12, GPS, L1, 20.7, 1) (20, GPS, L1, 16.3, 1) (22, GLONASS, L1, 19.9, 1) (44, BEIDOU, L1, 15.4, 0) 
12-17 00:54:05.704  2274  3835 D GnssLocationProvider_ex: (10, BEIDOU, L1, 11.5, 0) (11, GPS, L5, 18.9, 0) (25, GPS, L5, 18.1, 0) (2, GALILEO, L5, 15.3, 0) (30, GALILEO, L5, 20.0, 0) (34, GALILEO, L5, 14.9, 0) 
12-17 00:54:05.704  2274  3835 D GnssLocationProvider_ex: (44, BEIDOU, L5, 21.0, 0) 
12-17 00:54:05.706  5117  5229 I GnssEngineManager_FLP: updateSatelliteStatus, top4=20, top6=19, visibleSv=13, usedSv=4, usedL5Sv=0 (usedGps=3, usedGlo=1, usedBds=0, usedGal=0)
12-17 00:54:05.712  2274  3835 D GnssLocationProvider: reportLocation
12-17 00:54:05.714  5117  5229 I GnssEngineManager_FLP: onGpsLocationChanged, provider=gps / isMock=false / speed=0.0 / time=1765900446000 / elapsed=3799955608184
12-17 00:54:05.714  5117  5229 I NewStopController_FLP: isAvailableLastLoc, KeepStationary : false , timeGap : 22 , mStraightFixCount : 0
12-17 00:54:05.714  5117  5229 I NewStopController_FLP: onChangedGlpLocation, isGpsStopped= false, isReportingLL= false, isAvailableLastLoc : true
12-17 00:54:05.719  4908  7502 I FusedLocation: (REDACTED) location delivery to %s blocked - too close
12-17 00:54:05.720  4908  7502 I FusedLocation: (REDACTED) location delivery to %s blocked - too fast
12-17 00:54:05.720  2274 24121 I Mocca_VehicleDetectionHelper: (1.1.04.1)GPS: Avg speed: 0.0 Speed: 0.0 LIST: [0.0, 0.0, 0.0, 0.0, 0.0, 0.0, 0.0, 0.0, 0.0, 0.0]
12-17 00:54:05.720  2274 24121 D VehicleSensorHub: vehicleSendToSensorHub status : 2 type : 18
12-17 00:54:05.721  2274 24121 I SensorManager: Get Sensor type = 65586
12-17 00:54:05.721  4908  7502 I FusedLocation: (REDACTED) location delivery to %s blocked - too fast
12-17 00:54:05.721  2274  4255 D SLocation: PositionManager - Passive handleLocationChanged [G, A : 78.15, T : 1765900446000, ET : 3799955, E : SH, h : 22/23]
12-17 00:54:05.721  2274 24121 D SensorService: setSContextDataLocked ints length 3 , byte length 5
12-17 00:54:05.721  2274 24121 D SensorService: setSContextDataLocked 123c17c1
12-17 00:54:05.721  2274  4255 D SLocation: PositionManager - receive gps location
12-17 00:54:05.721  1747  1747 I sensors-hal: inject_sensor_data:407, handle 1502 send inject
12-17 00:54:05.721  1747  1747 I sensors-hal: sendContextData:290, sensor hal 5, (0xc1, 0x17, 0x3c, 0x12)
12-17 00:54:05.721  1747  1747 I sensors-hal: sendContextData:230, activities 5 c1, 1
12-17 00:54:05.721  1747  1747 I sensors-hal: sendUserData:251, Activities cmd 0xc1 0x17
12-17 00:54:05.721  1747  1747 I sensors-hal: create_send_context_data:80, sending create_send_context_data
12-17 00:54:05.721  1747  1747 I sensors-hal: send_context_data:694, activities, 4914309220830019584, 1320970896291267344, msgid:700
12-17 00:54:05.721  2274  4255 D SLocation: LocationBuffer - receivedLocation - op[interval(min 60000, max 300000), waitTime 36000000, numOfUpdates 20, minDistance 200.0]dist : 0.0028738847 diffTime : 6999 filtered Location
12-17 00:54:05.722  2274  4255 D SLocation: BatchManager - received batch location buffered = false
12-17 00:54:05.722  4908  7502 I FusedLocation: (REDACTED) location delivery to %s blocked - too close
12-17 00:54:05.722  4908  7502 I FusedLocation: (REDACTED) location delivery to %s blocked - too close
12-17 00:54:05.722  1747  3791 I sensors-hal: qsh_conn_resp_cb:930, resp_value = 0 for activities 
12-17 00:54:05.722  2274 24121 W ContextImpl: Calling a method in the system process without a qualified user: android.app.ContextImpl.sendBroadcast:1335 com.samsung.android.mocca.app.vehicle.AdvancedVehicleDetection.reportAdvancedVehicleEvent:185 com.samsung.android.mocca.app.vehicle.AdvancedVehicleDetection.handleLocEvent:277 com.samsung.android.mocca.app.vehicle.AdvancedVehicleDetection.p:0 D.e.h:136 
12-17 00:54:05.723  5117  5229 I GmsPassiveListener_FLP: onGmsLocationChanged, provider=fused / speed=0.0 / time=1765900445692 / elapsed=3799955608184
12-17 00:54:05.726 23696 23696 I [CE]_ContextEngineReceiver: onReceive - ContextEngineReceiver onReceive action : com.samsung.android.mocca.ACTION_ADVANCED_VEHICLE_EVENT
12-17 00:54:05.726 23696 23696 I [CE]_ContextEngineReceiver: onReceive - ActivityDataManager intent : com.samsung.android.mocca.ACTION_ADVANCED_VEHICLE_EVENT
12-17 00:54:05.726 23696 23696 I [CE]_MovingContextProvider: onReceive - Advanced Vehicle Context received: 18, 2
12-17 00:54:05.727 23696 23696 I [CE]_CarContextProvider: onReceive - Advanced Vehicle Context received: 18, 2
12-17 00:54:05.728  2274  4255 D SLocation: PositionManager - Passive handleLocationChanged [F, A : 78.15, T : 1765900445692, ET : 3799955, h : 22/23]
12-17 00:54:05.729  2274  4255 D SLocation: PositionManager - receive fused location
12-17 00:54:05.729  2274  4255 D SLocation: GeofenceLocationFilter - location sent before 1064, need to filter / provider : fused, accuracy : 78.148
12-17 00:54:05.729  2274  4255 D SLocation: LocationBuffer - receivedLocation - op[interval(min 60000, max 300000), waitTime 36000000, numOfUpdates 20, minDistance 200.0]dist : 0.0034448989 diffTime : 6999 filtered Location
12-17 00:54:05.730  2274  4255 D SLocation: BatchManager - received batch location buffered = false
12-17 00:54:05.747  1747   594 I sensors-hal: handle_sns_client_event:455, [0][7888] gyro_sample_uncal [-0.013, 0.005, 0.006] [-0.007, 0.010, 0.008] 3800003378448
12-17 00:54:05.761  1747   600 I sensors-hal: handle_sns_client_event:341, [3370] mag_sample_cal(magcal_available:1): ts=3800017049958 ns; cal = [-33.481934, -65.754028, -27.956421], uncal = [-703.501892, 622.085938, -763.136414], bias = [-670.019958, 687.839966, -735.179993], status=1
12-17 00:54:05.764  1862  1908 E HeatmapThread: ECT Thread time in milliseconds: 1765900445
12-17 00:54:05.769  1862  1908 D HeatmapThread: !@ batteryplugType : 0
12-17 00:54:05.770  1862  1908 D HeatmapThread: !@ batteryLevel : 99  batteryTemperature : 347 
12-17 00:54:05.770  1862  1908 D HeatmapThread: !@ Heatmap currtime: 29431674
12-17 00:54:05.770  1862  1908 D HeatmapThread: !@ Heatmap prevtime: 29431670
12-17 00:54:05.770  1862  1908 D HeatmapThread: !@ Heatmap plugstarttime: 35791394
12-17 00:54:05.770  1862  1908 D HeatmapThread: !@ Heatmap prevv_dsoh_update_time: 29431640
12-17 00:54:05.770  1862  1908 E HeatmapThread: !@ CAM New BSOH: 100
12-17 00:54:05.804  2274  6854 D SemContextService: lock : requestToUpdate
12-17 00:54:05.804  2274  6854 W CAE     : setCAProperty(ContextAwareService.java:509) - [setProperty 01] Mutex is locked for CH_LOC_TRIGGER
12-17 00:54:05.805  2274  3793 D SensorService: setSContextDataLocked ints length 2 , byte length 4
12-17 00:54:05.806  2274  3793 D SensorService: setSContextDataLocked 3db8
12-17 00:54:05.806  1747  1747 I sensors-hal: inject_sensor_data:407, handle 1502 send inject
12-17 00:54:05.806  1747  1747 I sensors-hal: sendContextData:290, sensor hal 4, (0xb8, 0x3d, 0x0, 0x0)
12-17 00:54:05.806  1747  1747 I sensors-hal: sendContextData:131, change_location_trigger 4,184
12-17 00:54:05.806  1747  1747 I sensors-hal: sendUserData:118, change_location_trigger h 184 m 61 s 0
12-17 00:54:05.806  1747  1747 I sensors-hal: create_send_context_data:66, change_location_trigger create_send_context_data
12-17 00:54:05.806  1747  1747 I sensors-hal: send_context_data:694, change_location_trigger, -244018566922240, 1320970896291267344, msgid:700
12-17 00:54:05.807  1747  3791 I sensors-hal: qsh_conn_resp_cb:930, resp_value = 0 for change_location_trigger 
12-17 00:54:05.807  2274  6854 W CAE     : setCAProperty(ContextAwareService.java:515) - [setProperty 02] Mutex is unlocked for CH_LOC_TRIGGER
12-17 00:54:05.807  2274  6854 D SemContextService:     .requestToUpdate() : service = Location Change Trigger
12-17 00:54:05.807  2274  6854 D SemContextService: unlock : requestToUpdate
12-17 00:54:05.808  2274  6854 D SemContextManager:   .requestToUpdate : listener = com.android.server.location.nsflp.NSLocationMonitor$5@66e936b, service=Location Change Trigger
12-17 00:54:05.808  5117 10306 I NewStopController_FLP: StateChecker, check stationary message
12-17 00:54:05.833  1747   589 I sensors-hal: handle_sns_std_sensor_event:158, [673] Pressure 966.214, cal -0.011, sw_offset 0.000 (lsb(bit) 0x21 0x63 0x3c)
12-17 00:54:05.858  1747  3791 I sensors-hal: qsh_conn_event_cb:890, event[0] sensor:change_location_trigger  Wakeup, msg_id=1025, ts=73068680911
12-17 00:54:05.858  1747  3791 I sensors-hal: handle_sns_client_event:85, change_location_trigger_event: msgid:1025
12-17 00:54:05.859  1747  3791 I sensors-hal: handle_sns_client_event:108, change_location_trigger_event: 255, 255
12-17 00:54:05.863  2274  3789 D CAE     : onGetSensorHubData(SensorHubParserProvider.java:92) - onGetSensorHubData Event [event buffer len :15], AP_WAKEUP
12-17 00:54:05.864  2274  3789 I CAE     : parse(SensorHubParserProvider.java:188) - buffer size = 15
12-17 00:54:05.864  2274  3789 I CAE     : parse(SensorHubParserProvider.java:199) - 1, 1, 61, -1, 0, 2, 1, 0, 0, 0, 1, 0, 0, 0, 0,
12-17 00:54:05.865  2274  3789 D CAE     : display(ContextProvider.java:375) - ================= CH_LOC_TRIGGER =================
12-17 00:54:05.865  2274  3789 I CAE     : display(ContextProvider.java:391) - duration=[1], property=[1], result=[2], reserved=[0]
12-17 00:54:05.867  2274  3786 D SemContextService: Service.updateContext() : service = Location Change Trigger
12-17 00:54:05.868  2274  3836 D SemContextManager: onSemContextChanged() : event = Location Change Trigger
12-17 00:54:05.868  2274  3836 D NSLocationMonitor: onSemContextChanged, activity : 1 result : 2 movement : 1
12-17 00:54:05.893  2274  2806 D PowerManagerService: displayReady: false groupId=0
12-17 00:54:05.893  2274  2806 D DisplayPowerController[0]: animateScreenStateChange: target=ON, mIsEnabled=true
12-17 00:54:05.894  2274  2806 D PowerManagerService: displayReady: true groupId=0
12-17 00:54:06.087  1747  8900 I sensors-hal: handle_sns_std_sensor_event:90, light_cct: ts = 3800346420427 ns; value = [506, 506, 116, 102, 505, 112, 2, 6, 69120, 0]
12-17 00:54:06.094  2274  2806 D PowerManagerService: displayReady: false groupId=0
12-17 00:54:06.094  2274  2806 D DisplayPowerController[0]: animateScreenStateChange: target=ON, mIsEnabled=true
12-17 00:54:06.095  2274  2806 D PowerManagerService: displayReady: true groupId=0
12-17 00:54:06.294  2274  2806 D PowerManagerService: displayReady: false groupId=0
12-17 00:54:06.294  2274  2806 D DisplayPowerController[0]: animateScreenStateChange: target=ON, mIsEnabled=true
12-17 00:54:06.295  2274  2806 D PowerManagerService: displayReady: true groupId=0
12-17 00:54:06.383  2274  6435 D SemWifiUsabilityStatsMonitor: onWifiUsabilityStats - seqNum 768, isSameBssidAndFreq true
12-17 00:54:06.387  2274  3914 D InsDataManager: onOutageCountUpdate() - Outage Data: 0, LQ : N. Outage Triggered: false
12-17 00:54:06.387  2274  3914 D SemInsManager: {"bssid": "5e26ffe25180","rssi": -37.0,"latency": 0.0,"outage_count": 0,"lq_callback_triggered": false,"outage_log": "Unreliable statistics: -37.0 / 3 / 4347 / 16 / 0 || 5e26ffe25180: 0.000 / 0.000 / @ || N N / 0 0 / N 2.0 / N X 0 / 3800647 0 || 2025-12-17 00:54:05  / 0: 0 0 0 0 0 0 / 0: 0 0 0 0 0 0 / 0: 0 0 0 0 0 0""Magnetic Sensor Events size": "0""Pressure Sensor Events size": "0"}
12-17 00:54:06.494  2274  2806 D PowerManagerService: displayReady: false groupId=0
12-17 00:54:06.494  2274  2806 D DisplayPowerController[0]: animateScreenStateChange: target=ON, mIsEnabled=true
12-17 00:54:06.495  2274  2806 D PowerManagerService: displayReady: true groupId=0
12-17 00:54:06.694  2274  2806 D PowerManagerService: displayReady: false groupId=0
12-17 00:54:06.694  2274  2806 D DisplayPowerController[0]: animateScreenStateChange: target=ON, mIsEnabled=true
12-17 00:54:06.695  2274  2806 D PowerManagerService: displayReady: true groupId=0
12-17 00:54:06.703  2274  3835 D GnssLocationProvider_ex: SV Count : 4 / 13      (PRN, Constellation, Type, SNR, Used)
12-17 00:54:06.703  2274  3835 D GnssLocationProvider_ex: (5, GPS, L1, 11.2, 0) (11, GPS, L1, 20.2, 1) (12, GPS, L1, 20.7, 1) (20, GPS, L1, 16.3, 1) (22, GLONASS, L1, 19.9, 1) (44, BEIDOU, L1, 15.4, 0) 
12-17 00:54:06.703  2274  3835 D GnssLocationProvider_ex: (10, BEIDOU, L1, 11.5, 0) (11, GPS, L5, 18.9, 0) (25, GPS, L5, 18.1, 0) (2, GALILEO, L5, 15.3, 0) (30, GALILEO, L5, 20.0, 0) (34, GALILEO, L5, 14.9, 0) 
12-17 00:54:06.703  2274  3835 D GnssLocationProvider_ex: (44, BEIDOU, L5, 23.0, 0) 
12-17 00:54:06.706  5117  5229 I GnssEngineManager_FLP: updateSatelliteStatus, top4=20, top6=20, visibleSv=13, usedSv=4, usedL5Sv=0 (usedGps=3, usedGlo=1, usedBds=0, usedGal=0)
12-17 00:54:06.709  2274  3835 D GnssLocationProvider: reportLocation
12-17 00:54:06.712  5117  5229 I GnssEngineManager_FLP: onGpsLocationChanged, provider=gps / isMock=false / speed=0.0 / time=1765900447000 / elapsed=3800955540423
12-17 00:54:06.712  5117  5229 I NewStopController_FLP: isAvailableLastLoc, KeepStationary : false , timeGap : 20 , mStraightFixCount : 0
12-17 00:54:06.712  5117  5229 I NewStopController_FLP: onChangedGlpLocation, isGpsStopped= false, isReportingLL= false, isAvailableLastLoc : true
12-17 00:54:06.718  4908  7502 I FusedLocation: (REDACTED) location delivery to %s blocked - too close
12-17 00:54:06.719  4908  7502 I FusedLocation: (REDACTED) location delivery to %s blocked - too fast
12-17 00:54:06.719  2274 24121 I Mocca_VehicleDetectionHelper: (1.1.04.1)GPS: Avg speed: 0.0 Speed: 0.0 LIST: [0.0, 0.0, 0.0, 0.0, 0.0, 0.0, 0.0, 0.0, 0.0, 0.0]
