12-17 00:53:59.741  2274  4255 D SLocation: CommonCoreManager - received Extra Data from core, len : 21
12-17 00:53:59.741  2274  3789 I CAE     : parse(SensorHubParserProvider.java:199) - 1, 1, 55, 0, 5, 2, 16, 0, 58, -104,
12-17 00:53:59.741  2274  2274 D SLocation: SensorHubWrapper - SemContextChanged type = 47, packet received
12-17 00:53:59.741  2274  3789 I CAE     : parse(SLocationRunner.java:88) - SLocationRunner parse start : 3
12-17 00:53:59.741  2274  3789 D CAE     : display(ContextProvider.java:375) - ================= SLOCATION_RUNNER =================
12-17 00:53:59.741  2274  4255 D SLocation: GeofenceCoreManager - received Extra Data from core, len : 5
12-17 00:53:59.741  2274  4255 D SLocation: GeofenceCoreManager - handleCommandCallback - GEOFENCE_REMOVE SUCCESS
12-17 00:53:59.741  2274  4255 I SLocation: SHardwareManager - handleRemoveCallback : GEOFENCE_SUCCESS, id = 15000
12-17 00:53:59.741  2274  3789 I CAE     : display(ContextProvider.java:391) - ExtraDataArray=[1, 1, 55, 0, 5, 2, 16, 0, 58, -104]
12-17 00:53:59.741  2274  4255 D SLocation: CommonCoreManager - received Extra Data from core, len : 5
12-17 00:53:59.742  2274  3789 I CAE     : parse(SLocationRunner.java:96) - SLocationRunner parse end:10
12-17 00:53:59.742  2274  3786 D SemContextService: Service.updateContext() : service = SLocation Core
12-17 00:53:59.742  2274  2274 D SemContextManager: onSemContextChanged() : event = SLocation Core
12-17 00:53:59.742  2274  2274 D SLocation: SensorHubWrapper - SemContextChanged type = 47, packet received
12-17 00:53:59.742  2274  4255 D SLocation: GeofenceCoreManager - received Extra Data from core, len : 5
12-17 00:53:59.742  2274  4255 D SLocation: GeofenceCoreManager - handleCommandCallback - GEOFENCE_ADD SUCCESS
12-17 00:53:59.742  2274  4255 I SLocation: SHardwareManager - handleAddCallback : GEOFENCE_SUCCESS id = 15000
12-17 00:53:59.742  2274  4255 D SLocation: CommonCoreManager - received Extra Data from core, len : 5
12-17 00:53:59.748  1747   594 I sensors-hal: handle_sns_client_event:455, [0][7186] gyro_sample_uncal [-0.009, 0.011, 0.007] [-0.007, 0.010, 0.007] 3794004784281
12-17 00:53:59.759  1747   600 I sensors-hal: handle_sns_client_event:341, [3070] mag_sample_cal(magcal_available:1): ts=3794017049958 ns; cal = [-33.264709, -67.919312, -26.529297], uncal = [-703.284668, 619.920654, -761.709290], bias = [-670.019958, 687.839966, -735.179993], status=1
12-17 00:53:59.764  1862  1908 E HeatmapThread: ECT Thread time in milliseconds: 1765900439
12-17 00:53:59.769  1862  1908 D HeatmapThread: !@ batteryplugType : 0
12-17 00:53:59.769  1862  1908 D HeatmapThread: !@ batteryLevel : 99  batteryTemperature : 347 
12-17 00:53:59.769  1862  1908 D HeatmapThread: !@ Heatmap currtime: 29431673
12-17 00:53:59.769  1862  1908 D HeatmapThread: !@ Heatmap prevtime: 29431670
12-17 00:53:59.769  1862  1908 D HeatmapThread: !@ Heatmap plugstarttime: 35791394
12-17 00:53:59.769  1862  1908 D HeatmapThread: !@ Heatmap prevv_dsoh_update_time: 29431640
12-17 00:53:59.769  1862  1908 E HeatmapThread: !@ CAM New BSOH: 100
12-17 00:53:59.774  2274  6846 D SemContextService: lock : requestToUpdate
12-17 00:53:59.774  2274  6846 W CAE     : setCAProperty(ContextAwareService.java:509) - [setProperty 01] Mutex is locked for CH_LOC_TRIGGER
12-17 00:53:59.775  2274  3793 D SensorService: setSContextDataLocked ints length 2 , byte length 4
12-17 00:53:59.775  2274  3793 D SensorService: setSContextDataLocked 3db8
12-17 00:53:59.776  1747  1747 I sensors-hal: inject_sensor_data:407, handle 1502 send inject
12-17 00:53:59.776  1747  1747 I sensors-hal: sendContextData:290, sensor hal 4, (0xb8, 0x3d, 0x0, 0x0)
12-17 00:53:59.776  1747  1747 I sensors-hal: sendContextData:131, change_location_trigger 4,184
12-17 00:53:59.776  1747  1747 I sensors-hal: sendUserData:118, change_location_trigger h 184 m 61 s 0
12-17 00:53:59.776  1747  1747 I sensors-hal: create_send_context_data:66, change_location_trigger create_send_context_data
12-17 00:53:59.776  1747  1747 I sensors-hal: send_context_data:694, change_location_trigger, -244018566922240, 1320970896291267344, msgid:700
12-17 00:53:59.777  1747  3791 I sensors-hal: qsh_conn_resp_cb:930, resp_value = 0 for change_location_trigger 
12-17 00:53:59.777  2274  6846 W CAE     : setCAProperty(ContextAwareService.java:515) - [setProperty 02] Mutex is unlocked for CH_LOC_TRIGGER
12-17 00:53:59.777  2274  6846 D SemContextService:     .requestToUpdate() : service = Location Change Trigger
12-17 00:53:59.777  2274  6846 D SemContextService: unlock : requestToUpdate
12-17 00:53:59.777  2274  6846 D SemContextManager:   .requestToUpdate : listener = com.android.server.location.nsflp.NSLocationMonitor$5@66e936b, service=Location Change Trigger
12-17 00:53:59.778  5117 10306 I NewStopController_FLP: StateChecker, check stationary message
12-17 00:53:59.833  1747   589 I sensors-hal: handle_sns_std_sensor_event:158, [613] Pressure 966.628, cal -0.011, sw_offset 0.000 (lsb(bit) 0x7c 0x69 0x3c)
12-17 00:53:59.834  1747  3791 I sensors-hal: qsh_conn_event_cb:890, event[0] sensor:change_location_trigger  Wakeup, msg_id=1025, ts=72953011225
12-17 00:53:59.834  1747  3791 I sensors-hal: handle_sns_client_event:85, change_location_trigger_event: msgid:1025
12-17 00:53:59.834  1747  3791 I sensors-hal: handle_sns_client_event:108, change_location_trigger_event: 255, 255
12-17 00:53:59.837  2274  3789 D CAE     : onGetSensorHubData(SensorHubParserProvider.java:92) - onGetSensorHubData Event [event buffer len :15], AP_WAKEUP
12-17 00:53:59.838  2274  3789 I CAE     : parse(SensorHubParserProvider.java:188) - buffer size = 15
12-17 00:53:59.839  2274  3789 I CAE     : parse(SensorHubParserProvider.java:199) - 1, 1, 61, -1, 0, 2, 1, 0, 0, 0, 1, 0, 0, 0, 0,
12-17 00:53:59.839  2274  3789 D CAE     : display(ContextProvider.java:375) - ================= CH_LOC_TRIGGER =================
12-17 00:53:59.840  2274  3789 I CAE     : display(ContextProvider.java:391) - duration=[1], property=[1], result=[2], reserved=[0]
12-17 00:53:59.841  2274  3786 D SemContextService: Service.updateContext() : service = Location Change Trigger
12-17 00:53:59.841  2274  3836 D SemContextManager: onSemContextChanged() : event = Location Change Trigger
12-17 00:53:59.842  2274  3836 D NSLocationMonitor: onSemContextChanged, activity : 1 result : 2 movement : 1
12-17 00:53:59.848  1747 10222 I sensors-hal: handle_sns_std_sensor_event:409, [SSC_LIGHT] P: 499(499),c:7,b:112,m:13,cl:2,l:499,s:497,l0:68160,l1:96,s0:67500,s1:0,acl:1,opr:0.39,f(r):100,u(bl):100,if:0,wi:0,si:0,po:0(N:0)
12-17 00:53:59.848  1747  3994 I sensors-hal: handle_sns_std_sensor_event:131, [SSC_LIGHT] A: 499(499),c:7,b:112,m:13,cl:2,l:499,s:497,l0:68160,l1:96,s0:67500,s1:0,acl:1,opr:0.39,f(r):100,u(bl):100,if:0,wi:0,si:0,po:0(N:0)
12-17 00:53:59.867  2274  2806 D PowerManagerService: displayReady: false groupId=0
12-17 00:53:59.867  2274  2806 D DisplayPowerController[0]: animateScreenStateChange: target=ON, mIsEnabled=true
12-17 00:53:59.868  2274  2806 D PowerManagerService: displayReady: true groupId=0
12-17 00:53:59.927  4908  7572 W Settings: Setting airplane_mode_on has moved from android.provider.Settings.System to android.provider.Settings.Global, returning read-only value.
12-17 00:53:59.938   551   686 E msys    : E[N mns]_OnDiskCacheGetData(632)=>Start post callback cache refresh DNS resolution
12-17 00:53:59.939   551   686 W LibevQuicAsyncUDPSocket.h: setTosOrTrafficClass not implemented in LibevQuicAsyncUDPSocket
12-17 00:53:59.943  2274  3968 D NetdEventListenerService: DNS Requested by 104, 10544(com.instagram.android), 4(FAIL), isBlocked=true, 0ms
12-17 00:53:59.943   551   686 E MvfstCallbacks.cpp: onConnectionSetupError: error=TransportError: Internal Error, Error on socket write Operation not permitted, 
12-17 00:53:59.944   551   686 E msys    : E[N mns]_LogError(228)=>Failed to resolve using system DNS resolver, getaddrinfo(): No address associated with hostname
12-17 00:53:59.944   551   686 E msys    : E[N mns]_OnDiskCacheGetData(632)=>Start post callback cache refresh DNS resolution
12-17 00:53:59.947   551   686 E msys    : E[N mns]_LogError(228)=>Failed to resolve using system DNS resolver, getaddrinfo(): No address associated with hostname
12-17 00:53:59.948  2274  3968 D NetdEventListenerService: DNS Requested by 104, 10544(com.instagram.android), 4(FAIL), isBlocked=true, 0ms
12-17 00:53:59.952  2567  4199 D LOWI-9.0.1.74: [LOWI-Scan] wait_event:Wait done with Cmd 33
12-17 00:53:59.953  2567  4199 D LOWI-9.0.1.74: [LOWI-Scan] do_listen_events: Rcvd valid Netlink Cmd 0 Err 0
12-17 00:53:59.953  1730  5586 I vendor.qti.bluetooth@1.1-ibs_handler: ProcessIbsCmd: Received IBS_WAKE_IND: 0xFD
12-17 00:53:59.953  1730  5586 D vendor.qti.bluetooth@1.1-ibs_handler: SerialClockVote: vote for UART CLK ON
12-17 00:53:59.953  1730  5586 D vendor.qti.bluetooth@1.1-wake_lock: Acquire wakelock is acquired 
12-17 00:53:59.953  1730  5586 I vendor.qti.bluetooth@1.1-ibs_handler: ProcessIbsCmd: Writing IBS_WAKE_ACK
12-17 00:53:59.961  4360  5680 I ScanController: onScanResult to scannerId: 7- eventType=0x10, addressType=1, address=XX:XX:XX:XX:52:03, primaryPhy=1, secondaryPhy=0, advertisingSid=0xff, txPower=127, rssi=-91, periodicAdvInt=0x0
12-17 00:53:59.963  4908 31656 I NearbyConnections: Found BleAdvertisement [ 0x23 0x38 0x36 0x30 0x4f 0x11 0x34 0x99 0x4e 0xf2 0xda 0xe8 0x72 0x0d 0xaa 0x7d 0xab 0xc4 0xbd 0x60 0xf6 0x1e 0x9b ] (with EndpointId 860O and EndpointInfo [ 0x34 0x99 0x4e 0xf2 0xda 0xe8 0x72 0x0d 0xaa 0x7d 0xab 0xc4 0xbd 0x60 0xf6 0x1e 0x9b ])
12-17 00:53:59.966  4908 31656 I NearbyConnections: Unable to record discovered endpoint due to null currentDiscoveryPhase
12-17 00:53:59.966  4908 31656 I NearbyConnections: ClientProxy(195696426 0p:com.google.android.gms.nearby.sharing) reporting onEndpointFound(860O)
12-17 00:53:59.966  4908 31656 I NearbyConnections: ClientProxy(195696426) reporting onEndpointDistanceChanged(860O, UNKNOWN)
12-17 00:53:59.966  4908  2214 I NearbySharing: NearbySharing Internal event EndpointDiscovered(endpointId=860O)
12-17 00:54:00.000  1730  5586 I vendor.qti.bluetooth@1.1-ibs_handler: ProcessIbsCmd: Received IBS_SLEEP_IND: 0xFE
12-17 00:54:00.000  1730  5586 D vendor.qti.bluetooth@1.1-ibs_handler: SerialClockVote: vote for UART CLK OFF
12-17 00:54:00.005  2274  2274 I EyeComfortSolutionService: action  :  android.intent.action.TIME_TICK
12-17 00:54:00.010  4041  4592 I DateTimeView: updateAll - getTimeFormat
12-17 00:54:00.011  4041  4041 D ClockFaceEvents: onTimeTick. callers : com.android.keyguard.ClockEventController$keyguardUpdateMonitorCallback$1.refreshTime:19
12-17 00:54:00.011  4041  4041 D ClockFaceEvents: com.android.keyguard.ClockEventController$keyguardUpdateMonitorCallback$1.onTimeChanged:1
12-17 00:54:00.011  4041  4041 D ClockFaceEvents: com.android.keyguard.KeyguardUpdateMonitor$16.handleMessage:732
12-17 00:54:00.011  4041  4041 D ClockFaceEvents: onTimeTick. callers : com.android.keyguard.ClockEventController$keyguardUpdateMonitorCallback$1.refreshTime:38
12-17 00:54:00.011  4041  4041 D ClockFaceEvents: com.android.keyguard.ClockEventController$keyguardUpdateMonitorCallback$1.onTimeChanged:1
12-17 00:54:00.011  4041  4041 D ClockFaceEvents: com.android.keyguard.KeyguardUpdateMonitor$16.handleMessage:732
12-17 00:54:00.011  4041  4041 D FaceWidgetPagesController: onTimeChanged()
12-17 00:54:00.014  4041  4592 D QSClockBellTower: onReceive(android.intent.action.TIME_TICK) mTimeZoneString:Asia/Seoul
12-17 00:54:00.016  4041  4041 D QSClockBellTower: He is ready to ring the bell. (((QSClockBellSound - TimeText:12:54, TimeContentDescription: 12:54, DateText:12 17 , ShortDateText:12 17 (), Demo:false)))
12-17 00:54:00.018  4041  4041 D QSClock : StatusBar clock=12:54 notifyTimeChanged(QSClockBellSound - TimeText:12:54, TimeContentDescription: 12:54, DateText:12 17 , ShortDateText:12 17 (), Demo:false) clockVisibleByPolicy=true, clockVisibleByUser=true, visible=true, parent=android.widget.LinearLayout{7622bdd V.E...... ......ID 0,0-101,67 #7f0a069b app:id/left_clock_container} caller=com.android.systemui.statusbar.phone.fragment.CollapsedStatusBarFragment.animateShow:52 com.android.systemui.statusbar.phone.fragment.CollapsedStatusBarFragment.updateStatusBarVisibilitiesInner:230 com.android.systemui.statusbar.phone.fragment.CollapsedStatusBarFragment.updateStatusBarVisibilities:65 com.android.systemui.statusbar.phone.fragment.CollapsedStatusBarFragment$$ExternalSyntheticLambda0.onStatusBarWindowStateChanged:6 com.android.systemui.statusbar.window.StatusBarWindowStateController$commandQueueCallback$1.setWindowState:39  
12-17 00:54:00.020  4041  4041 D QSClockBellTower: Everyone heard the bell. run(currentTime:1765900440015, getTime():Wed Dec 17 00:54:00 GMT+09:00 2025, getTimeZone():libcore.util.ZoneInfo[mDstSavings=0,mUseDst=false,mDelegate=[id="Asia/Seoul",mRawOffset=32400000,mEarliestRawOffset=30472000,transitions=29]])
12-17 00:54:00.030  1867  2023 I VSyncReactor: Current= 60, Period= 60, Distance= 0
12-17 00:54:00.034  4041  4041 W RefactorFlag: New code path expects SceneContainerFlag to be enabled.
12-17 00:54:00.047  1867  2023 I VSyncReactor: Current= 60, Period= 60, Distance= 60
12-17 00:54:00.048  1867  1867 D SurfaceFlinger: GPIS:: requestGPISForClientComposition
12-17 00:54:00.054  1867  5021 D NativeSemDvfsManager: acquire:: timeout = 2000 mIsAcquired = 1  mTagName : SurfaceFlinger 
12-17 00:54:00.055  1867  5021 E NativeCustomFrequencyManager: [NativeCFMS] BpCustomFrequencyManager::acquire()
12-17 00:54:00.055  1752  1778 I HYPER-HAL: [RequestManager.cpp]acquire(): Acquired ID : 4112278  [1867 / 1000]    HINT : SF_GPU_MINLOCK    list : [TIMEOUT / 2000] 
12-17 00:54:00.067  2274  2806 D PowerManagerService: displayReady: false groupId=0
12-17 00:54:00.067  2274  2806 D DisplayPowerController[0]: animateScreenStateChange: target=ON, mIsEnabled=true
12-17 00:54:00.068  2274  2806 D PowerManagerService: displayReady: true groupId=0
12-17 00:54:00.126  2274  3911 I SemWifiServiceDetector: Service det. suspended: T / T / 26818
12-17 00:54:00.150  1730  4788 D vendor.qti.bluetooth@1.1-wake_lock: Release wakelock is released 
12-17 00:54:00.230  2274  4255 D SLocation: WifiBssidMonitor - requestRefresh
12-17 00:54:00.231  2274  4255 W SLocation: WifiBssidMonitor - connected wifi : (38:f4:5e:**:**:e2/874)
12-17 00:54:00.269  2274  2806 D PowerManagerService: displayReady: false groupId=0
12-17 00:54:00.269  2274  2806 D DisplayPowerController[0]: animateScreenStateChange: target=ON, mIsEnabled=true
12-17 00:54:00.269  2274  2806 D PowerManagerService: displayReady: true groupId=0
12-17 00:54:00.325  2274  6435 D SemWifiUsabilityStatsMonitor: onWifiUsabilityStats - seqNum 766, isSameBssidAndFreq true
12-17 00:54:00.328  2274  3913 I SemWifiLinkQualityMonitor: Link stat: 658 / 11 / 1.00 (3) / 600 / -36.0 || 100.0 : 600.00 / 0.5 : 1.00 / 0.55 : 0.02 / G (G) || 5e26ffe25180: 0.087 / 92.424 / N || N N / 0 0 / N 2.0 / N X 0 / 3794589 0 || 2025-12-17 00:53:59  / 0: 0 0 0 0 0 0 / 0: 0 0 0 0 0 0 / 0: 0 0 0 0 0 0
12-17 00:54:00.329  2274  3914 D InsDataManager: onOutageCountUpdate() - Outage Data: 0, LQ : N. Outage Triggered: false
12-17 00:54:00.329  2274  3914 D SemInsManager: {"bssid": "5e26ffe25180","rssi": -36.0,"latency": 0.08655744461617723,"outage_count": 0,"lq_callback_triggered": false,"outage_log": "Link stat: 658 / 11 / 1.00 (3) / 600 / -36.0 || 100.0 : 600.00 / 0.5 : 1.00 / 0.55 : 0.02 / G (G) || 5e26ffe25180: 0.087 / 92.424 / N || N N / 0 0 / N 2.0 / N X 0 / 3794589 0 || 2025-12-17 00:53:59  / 0: 0 0 0 0 0 0 / 0: 0 0 0 0 0 0 / 0: 0 0 0 0 0 0""Magnetic Sensor Events size": "0""Pressure Sensor Events size": "0"}
12-17 00:54:00.406  2567  4199 D LOWI-9.0.1.74: [LOWI-Scan] wait_event:Wait done with Cmd 103
12-17 00:54:00.407 26758 26758 I wpa_supplicant: nl80211: Vendor event: wiphy=0 vendor_id=0x1374 subcmd=10
12-17 00:54:00.407  2427  2427 I cnss-daemon: nl80211 response handler invoked
12-17 00:54:00.407  2427  2427 I cnss-daemon: nl80211_response_handler: cmd 103, vendorID 4980, subcmd 10  received
12-17 00:54:00.407  2567  4199 D LOWI-9.0.1.74: [LOWI-Scan] do_listen_events: Rcvd valid Netlink Cmd 0 Err 0
12-17 00:54:00.407  1749  4197 I WifiHAL : event received NL80211_CMD_VENDOR, vendor_id = 0x1374, subcmd = 0xa
12-17 00:54:00.408 26758 26758 I wpa_supplicant: wlan0: CTRL-EVENT-AVOID-FREQ ranges=5500-5640,0
12-17 00:54:00.469  2274  2806 D PowerManagerService: displayReady: false groupId=0
12-17 00:54:00.469  2274  2806 D DisplayPowerController[0]: animateScreenStateChange: target=ON, mIsEnabled=true
12-17 00:54:00.470  2274  2806 D PowerManagerService: displayReady: true groupId=0
12-17 00:54:00.669  2274  2806 D PowerManagerService: displayReady: false groupId=0
12-17 00:54:00.670  2274  2806 D DisplayPowerController[0]: animateScreenStateChange: target=ON, mIsEnabled=true
12-17 00:54:00.670  2274  2806 D PowerManagerService: displayReady: true groupId=0
12-17 00:54:00.702  2274  3835 D GnssLocationProvider_ex: SV Count : 4 / 13      (PRN, Constellation, Type, SNR, Used)
12-17 00:54:00.702  2274  3835 D GnssLocationProvider_ex: (5, GPS, L1, 11.2, 1) (11, GPS, L1, 18.7, 1) (12, GPS, L1, 21.1, 1) (20, GPS, L1, 15.1, 0) (22, GLONASS, L1, 20.7, 1) (44, BEIDOU, L1, 15.4, 0) 
12-17 00:54:00.702  2274  3835 D GnssLocationProvider_ex: (10, BEIDOU, L1, 11.5, 0) (11, GPS, L5, 19.3, 0) (25, GPS, L5, 17.3, 0) (2, GALILEO, L5, 15.3, 0) (30, GALILEO, L5, 17.1, 0) (34, GALILEO, L5, 14.9, 0) 
12-17 00:54:00.702  2274  3835 D GnssLocationProvider_ex: (44, BEIDOU, L5, 22.2, 0) 
12-17 00:54:00.703  5117  5229 I GnssEngineManager_FLP: updateSatelliteStatus, top4=20, top6=19, visibleSv=13, usedSv=4, usedL5Sv=0 (usedGps=3, usedGlo=1, usedBds=0, usedGal=0)
12-17 00:54:00.704  2274  3835 D GnssLocationProvider: reportLocation
12-17 00:54:00.706  5117  5229 I GnssEngineManager_FLP: onGpsLocationChanged, provider=gps / isMock=false / speed=0.0 / time=1765900441000 / elapsed=3794955853967
12-17 00:54:00.706  5117  5229 I NewStopController_FLP: isAvailableLastLoc, KeepStationary : false , timeGap : 14 , mStraightFixCount : 0
12-17 00:54:00.706  5117  5229 I NewStopController_FLP: onChangedGlpLocation, isGpsStopped= false, isReportingLL= false, isAvailableLastLoc : true
12-17 00:54:00.709  4908  7502 I FusedLocation: (REDACTED) location delivery to %s blocked - too close
12-17 00:54:00.710  4908  7502 I FusedLocation: (REDACTED) location delivery to %s blocked - too fast
12-17 00:54:00.710  2274 24121 I Mocca_VehicleDetectionHelper: (1.1.04.1)GPS: Avg speed: 0.0 Speed: 0.0 LIST: [0.0, 0.0, 0.0, 0.0, 0.0, 0.0, 0.0, 0.0, 0.0, 0.0]
12-17 00:54:00.711  2274 24121 D VehicleSensorHub: vehicleSendToSensorHub status : 2 type : 18
12-17 00:54:00.711  4908  7502 I FusedLocation: (REDACTED) location delivery to %s blocked - too fast
12-17 00:54:00.711  2274 24121 I SensorManager: Get Sensor type = 65586
12-17 00:54:00.711  2274 24121 D SensorService: setSContextDataLocked ints length 3 , byte length 5
12-17 00:54:00.711  2274  4255 D SLocation: PositionManager - Passive handleLocationChanged [G, A : 121.70, T : 1765900441000, ET : 3794955, E : SH, h : 22/23]
12-17 00:54:00.711  2274 24121 D SensorService: setSContextDataLocked 123c17c1
12-17 00:54:00.711  1747  1747 I sensors-hal: inject_sensor_data:407, handle 1502 send inject
12-17 00:54:00.711  2274  4255 D SLocation: PositionManager - receive gps location
12-17 00:54:00.711  4908  7502 I FusedLocation: (REDACTED) location delivery to %s blocked - too close
12-17 00:54:00.711  4908  7502 I FusedLocation: (REDACTED) location delivery to %s blocked - too close
12-17 00:54:00.712  1747  1747 I sensors-hal: sendContextData:290, sensor hal 5, (0xc1, 0x17, 0x3c, 0x12)
12-17 00:54:00.712  2274  4255 D SLocation: LocationBuffer - receivedLocation - op[interval(min 60000, max 300000), waitTime 36000000, numOfUpdates 20, minDistance 200.0]dist : 0.0 diffTime : 1999 filtered Location
12-17 00:54:00.712  1747  1747 I sensors-hal: sendContextData:230, activities 5 c1, 1
12-17 00:54:00.712  2274  4255 D SLocation: BatchManager - received batch location buffered = false
12-17 00:54:00.712  1747  1747 I sensors-hal: sendUserData:251, Activities cmd 0xc1 0x17
12-17 00:54:00.712  1747  1747 I sensors-hal: create_send_context_data:80, sending create_send_context_data
12-17 00:54:00.712  1747  1747 I sensors-hal: send_context_data:694, activities, 4914309220830019584, 1320970896291267344, msgid:700
12-17 00:54:00.713  2274 24121 W ContextImpl: Calling a method in the system process without a qualified user: android.app.ContextImpl.sendBroadcast:1335 com.samsung.android.mocca.app.vehicle.AdvancedVehicleDetection.reportAdvancedVehicleEvent:185 com.samsung.android.mocca.app.vehicle.AdvancedVehicleDetection.handleLocEvent:277 com.samsung.android.mocca.app.vehicle.AdvancedVehicleDetection.p:0 D.e.h:136 
12-17 00:54:00.713  1747  3791 I sensors-hal: qsh_conn_resp_cb:930, resp_value = 0 for activities 
12-17 00:54:00.714  5117  5229 I GmsPassiveListener_FLP: onGmsLocationChanged, provider=fused / speed=0.0 / time=1765900440691 / elapsed=3794955853967
12-17 00:54:00.715  2274  4255 D SLocation: PositionManager - Passive handleLocationChanged [F, A : 96.48, T : 1765900440691, ET : 3794955, h : 22/23]
12-17 00:54:00.715  2274  4255 D SLocation: PositionManager - receive fused location
12-17 00:54:00.715  2274  4255 D SLocation: GeofenceLocationFilter - location sent before 986, need to filter / provider : fused, accuracy : 96.483
12-17 00:54:00.715  2274  4255 I SLocation: GeofenceLocationFilter - alarm set, next time to send location : 3799993, E.Q@2433731
12-17 00:54:00.717  2274  4255 D SLocation: LocationBuffer - receivedLocation - op[interval(min 60000, max 300000), waitTime 36000000, numOfUpdates 20, minDistance 200.0]dist : 0.0034448989 diffTime : 1999 filtered Location
12-17 00:54:00.717  2274  4255 D SLocation: BatchManager - received batch location buffered = false
12-17 00:54:00.718 23696 23696 I [CE]_ContextEngineReceiver: onReceive - ContextEngineReceiver onReceive action : com.samsung.android.mocca.ACTION_ADVANCED_VEHICLE_EVENT
12-17 00:54:00.719 23696 23696 I [CE]_ContextEngineReceiver: onReceive - ActivityDataManager intent : com.samsung.android.mocca.ACTION_ADVANCED_VEHICLE_EVENT
12-17 00:54:00.719 23696 23696 I [CE]_MovingContextProvider: onReceive - Advanced Vehicle Context received: 18, 2
12-17 00:54:00.719 23696 23696 I [CE]_CarContextProvider: onReceive - Advanced Vehicle Context received: 18, 2
12-17 00:54:00.764  1862  1908 E HeatmapThread: ECT Thread time in milliseconds: 1765900440
12-17 00:54:00.768  1862  1908 D HeatmapThread: !@ batteryplugType : 0
12-17 00:54:00.768  1862  1908 D HeatmapThread: !@ batteryLevel : 99  batteryTemperature : 347 
12-17 00:54:00.768  1862  1908 D HeatmapThread: !@ Heatmap currtime: 29431674
12-17 00:54:00.768  1862  1908 D HeatmapThread: !@ Heatmap prevtime: 29431670
12-17 00:54:00.768  1862  1908 D HeatmapThread: !@ Heatmap plugstarttime: 35791394
12-17 00:54:00.768  1862  1908 D HeatmapThread: !@ Heatmap prevv_dsoh_update_time: 29431640
12-17 00:54:00.769  1862  1908 E HeatmapThread: !@ CAM New BSOH: 100
12-17 00:54:00.779  2274  2291 D SemContextService: lock : requestToUpdate
12-17 00:54:00.779  2274  2291 W CAE     : setCAProperty(ContextAwareService.java:509) - [setProperty 01] Mutex is locked for CH_LOC_TRIGGER
12-17 00:54:00.779  2274  3793 D SensorService: setSContextDataLocked ints length 2 , byte length 4
12-17 00:54:00.779  2274  3793 D SensorService: setSContextDataLocked 3db8
12-17 00:54:00.780  1747  1747 I sensors-hal: inject_sensor_data:407, handle 1502 send inject
12-17 00:54:00.780  1747  1747 I sensors-hal: sendContextData:290, sensor hal 4, (0xb8, 0x3d, 0x0, 0x0)
12-17 00:54:00.780  1747  1747 I sensors-hal: sendContextData:131, change_location_trigger 4,184
12-17 00:54:00.780  1747  1747 I sensors-hal: sendUserData:118, change_location_trigger h 184 m 61 s 0
12-17 00:54:00.780  1747  1747 I sensors-hal: create_send_context_data:66, change_location_trigger create_send_context_data
12-17 00:54:00.780  1747  1747 I sensors-hal: send_context_data:694, change_location_trigger, -244018566922240, 1320970896291267344, msgid:700
12-17 00:54:00.781  2274  2291 W CAE     : setCAProperty(ContextAwareService.java:515) - [setProperty 02] Mutex is unlocked for CH_LOC_TRIGGER
12-17 00:54:00.781  2274  2291 D SemContextService:     .requestToUpdate() : service = Location Change Trigger
12-17 00:54:00.781  2274  2291 D SemContextService: unlock : requestToUpdate
12-17 00:54:00.781  2274  2291 D SemContextManager:   .requestToUpdate : listener = com.android.server.location.nsflp.NSLocationMonitor$5@66e936b, service=Location Change Trigger
12-17 00:54:00.781  5117 10306 I NewStopController_FLP: StateChecker, check stationary message
12-17 00:54:00.781  1747  3791 I sensors-hal: qsh_conn_resp_cb:930, resp_value = 0 for change_location_trigger 
12-17 00:54:00.795  1747  3791 I sensors-hal: qsh_conn_event_cb:890, event[0] sensor:change_location_trigger  Wakeup, msg_id=1025, ts=72971472294
12-17 00:54:00.795  1747  3791 I sensors-hal: handle_sns_client_event:85, change_location_trigger_event: msgid:1025
12-17 00:54:00.795  1747  3791 I sensors-hal: handle_sns_client_event:108, change_location_trigger_event: 255, 255
12-17 00:54:00.798  2274  3789 D CAE     : onGetSensorHubData(SensorHubParserProvider.java:92) - onGetSensorHubData Event [event buffer len :15], AP_WAKEUP
12-17 00:54:00.798  2274  3789 I CAE     : parse(SensorHubParserProvider.java:188) - buffer size = 15
12-17 00:54:00.798  2274  3789 I CAE     : parse(SensorHubParserProvider.java:199) - 1, 1, 61, -1, 0, 2, 1, 0, 0, 0, 1, 0, 0, 0, 0,
12-17 00:54:00.798  2274  3789 D CAE     : display(ContextProvider.java:375) - ================= CH_LOC_TRIGGER =================
12-17 00:54:00.798  2274  3789 I CAE     : display(ContextProvider.java:391) - duration=[1], property=[1], result=[2], reserved=[0]
12-17 00:54:00.798  2274  3786 D SemContextService: Service.updateContext() : service = Location Change Trigger
12-17 00:54:00.799  2274  3836 D SemContextManager: onSemContextChanged() : event = Location Change Trigger
12-17 00:54:00.799  2274  3836 D NSLocationMonitor: onSemContextChanged, activity : 1 result : 2 movement : 1
12-17 00:54:00.823  2274  3947 D WifiConnectivityMonitor.NetworkStatsAnalyzer: Backhaul result - RSSI:-36, CE:13, PE:13, TI:22, PTI:23, TW:0, PTW:0, Tx:25, Rx:20, TxS:18, RxS:18, RESULT:true, IC:1, ICT:5, WC:5, WCT:5, R:0, RC:0, IE:0, EC:0
12-17 00:54:00.870  2274  2806 D PowerManagerService: displayReady: false groupId=0
12-17 00:54:00.871  2274  2806 D DisplayPowerController[0]: animateScreenStateChange: target=ON, mIsEnabled=true
12-17 00:54:00.871  2274  2806 D PowerManagerService: displayReady: true groupId=0
12-17 00:54:00.884  1747  6465 I sensors-hal: handle_sns_client_event:375, [0][390465] accel_sample [-0.105,  0.033,  9.856] 3795142030271
12-17 00:54:00.957  1747  9971 I sensors-hal: handle_sns_client_event:422, [0][15238] gyro_sample_cal(cal_available:1)(3) [-0.002,-0.001,-0.000] bias[-0.007, 0.010, 0.007] 3795093071521
12-17 00:54:00.967  1747  8900 I sensors-hal: handle_sns_std_sensor_event:90, light_cct: ts = 3795226426573 ns; value = [499, 499, 116, 102, 497, 112, 2, 6, 68160, 0]
12-17 00:54:01.000  4480 27192 I HoneySpace.LiveIconSupplier: time tick - 77, CLOCK, 00:54 - 00:53, view: #eac0b1d, parent: ApplistCellLayout#bfa4f60
12-17 00:54:01.002  4480 27192 I LauncherActivityInfo: Trying to load live icon for com.sec.android.app.clockpackage
12-17 00:54:01.003  4480 27192 I ApplicationPackageManager: package : com.sec.android.app.clockpackage, useAppIconResources : false
12-17 00:54:01.004  4480 27192 I LiveIconUtil: getLiveIcon was called in ClockPackage
12-17 00:54:01.004  4480 27192 I LiveIconUtil: getLiveIcon res = com.sec.android.app.clockpackage
12-17 00:54:01.005  4480 27192 I LiveIconUtil: stdIconSize : 144 , targetIconSize : 174
12-17 00:54:01.006  4480 27192 I LiveIconUtil: iconDpi : 640 , mTargetIconDpi : 480
12-17 00:54:01.041  4480 27192 E AppIconSolution: Couldn't get theme package resources, package is null
12-17 00:54:01.041  4480 27192 I AppIconSolution: load= live icon for com.sec.android.app.clockpackage, from overlay = false
12-17 00:54:01.041  4480 27192 I LauncherActivityInfo: packageName: com.sec.android.app.clockpackage, useThemeIcon: false, height: 288, width: 288, density: 640
12-17 00:54:01.044  4480 27192 I HoneySpace.LiveIconSupplier: updateIcon - 77, CLOCK, true - 00:54, view: #eac0b1d, parent: ApplistCellLayout#bfa4f60
12-17 00:54:01.049  2331  2331 I CNSS    : /sys/wifi/max_chipset_log_size doesn't exist
12-17 00:54:01.062  1867  2023 I VSyncReactor: Current= 60, Period= 60, Distance= 1
12-17 00:54:01.064  1867  1867 D DisplayModeController: setDesiredMode 4630946315032985731 {mode={fps=24.00 Hz, modePtr={id=12, vsyncRate=24.00 Hz, peakRefreshRate=24.00 Hz}}, emitEvent=true, force=false}
12-17 00:54:01.065  1867  1867 I LayerHistory: com.sec.android.app.launcher/com.sec.android.app.launcher.activities.LauncherActivity$_4480#1228 is infrequent
12-17 00:54:01.065  1867  1867 I LayerHistory: StatusBar$_4041#98 voted NoVote (0.00 Hz)
12-17 00:54:01.065  1867  1867 I SurfaceFlinger: All layers Min - choose 24.00 Hz
12-17 00:54:01.065  1867  1867 I HWComposer: [4630946315032985731] ActiveConfigToHWC, ID : 12
12-17 00:54:01.066  1867  1867 D SurfaceFlinger: GPIS:: requestGPISForClientComposition
12-17 00:54:01.067  1774  2188 I SDM     : HWDeviceDRM::SetDisplaySwitchMode: [DispConfigs] check hs_mode 1
12-17 00:54:01.067  1774  2188 W SDM     : HWDeviceDRM::GetSupportedBitClkRate: Requested rate not supported: 1362080000
12-17 00:54:01.067  1774  2188 I SDM     : HWDeviceDRM::SetDisplaySwitchMode: [DispConfigs] Set mode index:12 1080x2340x24xcmdHS, hs_mode(1), found_mode(1)
12-17 00:54:01.067  1774  2188 I SDM     : HWDeviceDRM::UpdateMixerAttributes: Mixer WxH 1080x2340-1 for Peripheral
12-17 00:54:01.068  1774  2188 I SDM     : HWCDisplay::SubmitDisplayConfig: Active configuration changed from config 9 to 12
12-17 00:54:01.072  2274  2806 D PowerManagerService: displayReady: false groupId=0
12-17 00:54:01.072  2274  2806 D DisplayPowerController[0]: animateScreenStateChange: target=ON, mIsEnabled=true
12-17 00:54:01.072  2274  2806 D PowerManagerService: displayReady: true groupId=0
12-17 00:54:01.073  1867  1867 I SurfaceFlinger: finalizeDisplayModeChange 4630946315032985731
12-17 00:54:01.074  2274  2314 D LocalDisplayAdapter: updateActiveModeLocked for d=4630946315032985731, mActiveModeId=13, mActiveSfDisplayMode=DisplayMode{id=12, width=1080, height=2340, xDpi=381.0, yDpi=378.573, peakRefreshRate=24.000002, vsyncRate=24.000002, appVsyncOffsetNanos=41666666, presentationDeadlineNanos=42666666, supportedHdrTypes=[4, 2, 3], group=1080}
12-17 00:54:01.075  2274  2314 I DisplayDeviceRepository: Display device changed render timings: "  ", renderFrameRate=24.000002, presentationDeadlineNanos=42666666, appVsyncOffsetNanos=41666666, frameRateOverrides=[]
12-17 00:54:01.075  2274  2312 D WindowManager: DeferredDisplayUpdater: partially applying DisplayInfo(1080 x 2340) immediately
12-17 00:54:01.076  2274  2274 D SGM:GameManager: onDisplayChanged. displyId: 0, state: 2
12-17 00:54:01.076  2274  2274 D SGM:GameManager: dpi: 480, longPixel: 2340, shortPixel: 1080
12-17 00:54:01.077  2274  2312 D SurfaceComposerClient: setCornerRadius ## 7bddd07 com.sec.android.app.launcher/com.sec.android.app.launcher.activities.LauncherActivity#121 cornerRadius=0.000000
12-17 00:54:01.077  2274  2274 D AODManagerService: requestReCalToTSP IsSingleTouchMode = falserequestedReCalToTSP = false / previousDisplayState = ON
12-17 00:54:01.078  2274  3757 D SGM:FgCheckThread: onLooperPrepared(), msg: MSG_LCD_ON
12-17 00:54:01.079  1867  3991 I VSyncReactor: Current= 60, Period= 24, hwcPeriod= 24
12-17 00:54:01.079  2274  5538 D LiftUpHandler: [LTW] Stopped already.
12-17 00:54:01.080  4480 27192 I HoneySpace.Memory-Monitor: current state = 2, didTrim = false
12-17 00:54:01.080  4480 27192 I HoneySpace.RefreshRateSource: singleFrameMs 41
12-17 00:54:01.081  4041  4041 D DisplayLifecycle: updateDisplay id = 0
12-17 00:54:01.082  4041  4206 D StackScroller: onDisplayChanged for predraw skip to 2
12-17 00:54:01.082  2274  4150 D WifiDisplayAdapter: isFitToActiveDisplayLocked : false
12-17 00:54:01.083  1859  2037 D AudioFlinger: setParameters: filtered dev setParameters keyvalue screen_state=on
12-17 00:54:01.083  1729  1729 D AHAL: AudioDevice: SetParameters: 1865: enter
12-17 00:54:01.083  1729  1729 D AHAL: AudioVoice: VoiceSetParameters: 200: Enter
12-17 00:54:01.083  1729  1729 D AHAL: AudioVoice: VoiceSetParameters: 479: Exit ret: 0
12-17 00:54:01.083  1729  1729 D AHAL: hfp: hfp_set_parameters: 444: enter
12-17 00:54:01.083  1729  1729 D AHAL: AudioDevice: SetParameters: 1945:  - screen = on
12-17 00:54:01.083  1729  1729 I PAL: ResourceManager: setParameter: 10683: Screen State:1
12-17 00:54:01.083  1729  1729 D AHAL: AudioDevice: SetParameters: 2798: exit: screen_state=on
12-17 00:54:01.084  7860  7860 I HBD     : DeX h DeX mode state change in non-main thread 
12-17 00:54:01.084  7860  7860 I HBD     : DeX h DeX mode state change: 3 
12-17 00:54:01.084  7860  7860 I SPenContext: virtual void SPen::Context::SetDisplayRefreshRate(float) framerate=60
12-17 00:54:01.084  7860  7860 I LatencyConfiguration: void SPen::LatencyConfiguration::UpdateRefreshRate(float) RefreshRate=24.000002
12-17 00:54:01.084  7860  7860 I LatencyConfiguration: void SPen::LatencyConfiguration::UpdateRefreshRate(float) RefreshRateCallback 0xb40000769be38310
12-17 00:54:01.084  7860  7860 I PredictorBase: virtual void SPen::PredictorBase::SetRefreshRate(float) Refresh rate: 24.000
12-17 00:54:01.084  7860  7860 I spe_log : virtual void SPen::FbrDrawPad::SetRefreshRate(float) = 24.000
12-17 00:54:01.084  7860  7860 I spe_log : virtual void SPen::FbrDrawPad::SetRefreshRate(float) mFrameDurationNano=41666668, mDisplayRefreshDurationNano: 41666668
12-17 00:54:01.084  7860  7860 I spe_log : virtual void SPen::LowLatencyStrokeView::SetRefreshRate(float) refresh rate=24.000
12-17 00:54:01.085  2274  3850 D AS.DesktopModeHelper: onDisplayChanged: #Id=0
12-17 00:54:01.272  2274  2806 D PowerManagerService: displayReady: false groupId=0
12-17 00:54:01.272  2274  2806 D DisplayPowerController[0]: animateScreenStateChange: target=ON, mIsEnabled=true
12-17 00:54:01.273  2274  2806 D PowerManagerService: displayReady: true groupId=0
12-17 00:54:01.308  1747  3994 I sensors-hal: handle_sns_client_event:190, auto_rotation_debug_2 mode,255, type,1,0 acc,-0.019,-0.062,9.806, ar,0, ver,14, pedo,1,e,1,i,3
12-17 00:54:01.472  2274  2806 D PowerManagerService: displayReady: false groupId=0
12-17 00:54:01.473  2274  2806 D DisplayPowerController[0]: animateScreenStateChange: target=ON, mIsEnabled=true
12-17 00:54:01.473  2274  2806 D PowerManagerService: displayReady: true groupId=0
12-17 00:54:01.666  1730  5586 I vendor.qti.bluetooth@1.1-ibs_handler: ProcessIbsCmd: Received IBS_WAKE_IND: 0xFD
12-17 00:54:01.666  1730  5586 D vendor.qti.bluetooth@1.1-ibs_handler: SerialClockVote: vote for UART CLK ON
12-17 00:54:01.666  1730  5586 D vendor.qti.bluetooth@1.1-wake_lock: Acquire wakelock is acquired 
12-17 00:54:01.666  1730  5586 I vendor.qti.bluetooth@1.1-ibs_handler: ProcessIbsCmd: Writing IBS_WAKE_ACK
12-17 00:54:01.673  2274  2806 D PowerManagerService: displayReady: false groupId=0
12-17 00:54:01.673  2274  2806 D DisplayPowerController[0]: animateScreenStateChange: target=ON, mIsEnabled=true
12-17 00:54:01.674  2274  2806 D PowerManagerService: displayReady: true groupId=0
12-17 00:54:01.676  1270  1270 D io_stats: !@   8,0 r 1373360 30085136 w 716872 10810688 d 26039 4945836 f 36671 42354 iot 318124 0 th 0 0 0 pt 0 inp 0 0 3795.939
12-17 00:54:01.676  4360  5680 I ScanController: onScanResult to scannerId: 7- eventType=0x1a, addressType=1, address=XX:XX:XX:XX:3E:11, primaryPhy=1, secondaryPhy=0, advertisingSid=0xff, txPower=127, rssi=-64, periodicAdvInt=0x0
12-17 00:54:01.701  2274  3835 D GnssLocationProvider_ex: SV Count : 4 / 13      (PRN, Constellation, Type, SNR, Used)
12-17 00:54:01.701  2274  3835 D GnssLocationProvider_ex: (5, GPS, L1, 11.2, 1) (11, GPS, L1, 18.7, 1) (12, GPS, L1, 19.4, 1) (20, GPS, L1, 15.1, 0) (22, GLONASS, L1, 20.7, 1) (44, BEIDOU, L1, 15.4, 0) 
12-17 00:54:01.701  2274  3835 D GnssLocationProvider_ex: (10, BEIDOU, L1, 11.5, 0) (11, GPS, L5, 18.8, 0) (25, GPS, L5, 17.3, 0) (2, GALILEO, L5, 15.3, 0) (30, GALILEO, L5, 17.1, 0) (34, GALILEO, L5, 14.9, 0) 
12-17 00:54:01.701  2274  3835 D GnssLocationProvider_ex: (44, BEIDOU, L5, 22.3, 0) 
12-17 00:54:01.702  5117  5229 I GnssEngineManager_FLP: updateSatelliteStatus, top4=19, top6=19, visibleSv=13, usedSv=4, usedL5Sv=0 (usedGps=3, usedGlo=1, usedBds=0, usedGal=0)
12-17 00:54:01.703  2274  3835 D GnssLocationProvider: reportLocation
12-17 00:54:01.705  5117  5229 I GnssEngineManager_FLP: onGpsLocationChanged, provider=gps / isMock=false / speed=0.0 / time=1765900442000 / elapsed=3795955671518
12-17 00:54:01.705  5117  5229 I NewStopController_FLP: isAvailableLastLoc, KeepStationary : false , timeGap : 13 , mStraightFixCount : 0
12-17 00:54:01.705  5117  5229 I NewStopController_FLP: onChangedGlpLocation, isGpsStopped= false, isReportingLL= false, isAvailableLastLoc : true
12-17 00:54:01.706  2274 24121 I Mocca_VehicleDetectionHelper: (1.1.04.1)GPS: Avg speed: 0.0 Speed: 0.0 LIST: [0.0, 0.0, 0.0, 0.0, 0.0, 0.0, 0.0, 0.0, 0.0, 0.0]
12-17 00:54:01.706  2274 24121 D VehicleSensorHub: vehicleSendToSensorHub status : 2 type : 18
12-17 00:54:01.707  2274 24121 I SensorManager: Get Sensor type = 65586
12-17 00:54:01.707  2274  4255 D SLocation: PositionManager - Passive handleLocationChanged [G, A : 137.83, T : 1765900442000, ET : 3795955, E : SH, h : 22/23]
12-17 00:54:01.707  2274 24121 D SensorService: setSContextDataLocked ints length 3 , byte length 5
12-17 00:54:01.707  2274 24121 D SensorService: setSContextDataLocked 123c17c1
12-17 00:54:01.707  2274  4255 D SLocation: PositionManager - receive gps location
12-17 00:54:01.708  1747  1747 I sensors-hal: inject_sensor_data:407, handle 1502 send inject
12-17 00:54:01.708  1747  1747 I sensors-hal: sendContextData:290, sensor hal 5, (0xc1, 0x17, 0x3c, 0x12)
12-17 00:54:01.708  1747  1747 I sensors-hal: sendContextData:230, activities 5 c1, 1
12-17 00:54:01.708  1747  1747 I sensors-hal: sendUserData:251, Activities cmd 0xc1 0x17
12-17 00:54:01.708  1747  1747 I sensors-hal: create_send_context_data:80, sending create_send_context_data
12-17 00:54:01.708  1747  1747 I sensors-hal: send_context_data:694, activities, 4914309220830019584, 1320970896291267344, msgid:700
12-17 00:54:01.708  2274  4255 D SLocation: LocationBuffer - receivedLocation - op[interval(min 60000, max 300000), waitTime 36000000, numOfUpdates 20, minDistance 200.0]dist : 0.0 diffTime : 2999 filtered Location
12-17 00:54:01.708  2274  4255 D SLocation: BatchManager - received batch location buffered = false
12-17 00:54:01.709  2274 24121 W ContextImpl: Calling a method in the system process without a qualified user: android.app.ContextImpl.sendBroadcast:1335 com.samsung.android.mocca.app.vehicle.AdvancedVehicleDetection.reportAdvancedVehicleEvent:185 com.samsung.android.mocca.app.vehicle.AdvancedVehicleDetection.handleLocEvent:277 com.samsung.android.mocca.app.vehicle.AdvancedVehicleDetection.p:0 D.e.h:136 
12-17 00:54:01.709  1747  3791 I sensors-hal: qsh_conn_resp_cb:930, resp_value = 0 for activities 
12-17 00:54:01.710  4908  7502 I FusedLocation: (REDACTED) location delivery to %s blocked - too close
12-17 00:54:01.711  4908  7502 I FusedLocation: (REDACTED) location delivery to %s blocked - too fast
12-17 00:54:01.711  4908  7502 I FusedLocation: (REDACTED) location delivery to %s blocked - too fast
12-17 00:54:01.711 23696 23696 I [CE]_ContextEngineReceiver: onReceive - ContextEngineReceiver onReceive action : com.samsung.android.mocca.ACTION_ADVANCED_VEHICLE_EVENT
12-17 00:54:01.712 23696 23696 I [CE]_ContextEngineReceiver: onReceive - ActivityDataManager intent : com.samsung.android.mocca.ACTION_ADVANCED_VEHICLE_EVENT
12-17 00:54:01.712  4908  7502 I FusedLocation: (REDACTED) location delivery to %s blocked - too close
12-17 00:54:01.712 23696 23696 I [CE]_MovingContextProvider: onReceive - Advanced Vehicle Context received: 18, 2
12-17 00:54:01.712  4908  7502 I FusedLocation: (REDACTED) location delivery to %s blocked - too close
12-17 00:54:01.712 23696 23696 I [CE]_CarContextProvider: onReceive - Advanced Vehicle Context received: 18, 2
12-17 00:54:01.713  5117  5229 I GmsPassiveListener_FLP: onGmsLocationChanged, provider=fused / speed=0.0 / time=1765900441692 / elapsed=3795955671518
12-17 00:54:01.716  2274  4255 D SLocation: PositionManager - Passive handleLocationChanged [F, A : 106.88, T : 1765900441692, ET : 3795955, h : 22/23]
12-17 00:54:01.717  1730  5586 I vendor.qti.bluetooth@1.1-ibs_handler: ProcessIbsCmd: Received IBS_SLEEP_IND: 0xFE
12-17 00:54:01.717  1730  5586 D vendor.qti.bluetooth@1.1-ibs_handler: SerialClockVote: vote for UART CLK OFF
12-17 00:54:01.717  2274  4255 D SLocation: PositionManager - receive fused location
12-17 00:54:01.718  2274  4255 D SLocation: GeofenceLocationFilter - location sent before 1988, need to filter / provider : fused, accuracy : 106.88
12-17 00:54:01.718  2274  4255 D SLocation: LocationBuffer - receivedLocation - op[interval(min 60000, max 300000), waitTime 36000000, numOfUpdates 20, minDistance 200.0]dist : 0.0034448989 diffTime : 2999 filtered Location
12-17 00:54:01.718  2274  4255 D SLocation: BatchManager - received batch location buffered = false
12-17 00:54:01.748  1747   594 I sensors-hal: handle_sns_client_event:455, [0][7420] gyro_sample_uncal [-0.007, 0.016, 0.007] [-0.007, 0.010, 0.007] 3796004318604
12-17 00:54:01.759  1747   600 I sensors-hal: handle_sns_client_event:341, [3170] mag_sample_cal(magcal_available:1): ts=3796017049958 ns; cal = [-33.975159, -68.304810, -27.580017], uncal = [-703.995117, 619.535156, -762.760010], bias = [-670.019958, 687.839966, -735.179993], status=1
12-17 00:54:01.765  1862  1908 E HeatmapThread: ECT Thread time in milliseconds: 1765900441
12-17 00:54:01.769  1862  1908 D HeatmapThread: !@ batteryplugType : 0
12-17 00:54:01.769  1862  1908 D HeatmapThread: !@ batteryLevel : 99  batteryTemperature : 347 
12-17 00:54:01.769  1862  1908 D HeatmapThread: !@ Heatmap currtime: 29431674
12-17 00:54:01.769  1862  1908 D HeatmapThread: !@ Heatmap prevtime: 29431670
12-17 00:54:01.769  1862  1908 D HeatmapThread: !@ Heatmap plugstarttime: 35791394
12-17 00:54:01.769  1862  1908 D HeatmapThread: !@ Heatmap prevv_dsoh_update_time: 29431640
12-17 00:54:01.769  1862  1908 E HeatmapThread: !@ CAM New BSOH: 100
12-17 00:54:01.782  2274  6846 D SemContextService: lock : requestToUpdate
12-17 00:54:01.782  2274  6846 W CAE     : setCAProperty(ContextAwareService.java:509) - [setProperty 01] Mutex is locked for CH_LOC_TRIGGER
12-17 00:54:01.783  2274  3793 D SensorService: setSContextDataLocked ints length 2 , byte length 4
12-17 00:54:01.783  2274  3793 D SensorService: setSContextDataLocked 3db8
12-17 00:54:01.783  1747  1747 I sensors-hal: inject_sensor_data:407, handle 1502 send inject
12-17 00:54:01.783  1747  1747 I sensors-hal: sendContextData:290, sensor hal 4, (0xb8, 0x3d, 0x0, 0x0)
12-17 00:54:01.783  1747  1747 I sensors-hal: sendContextData:131, change_location_trigger 4,184
12-17 00:54:01.783  1747  1747 I sensors-hal: sendUserData:118, change_location_trigger h 184 m 61 s 0
12-17 00:54:01.783  1747  1747 I sensors-hal: create_send_context_data:66, change_location_trigger create_send_context_data
12-17 00:54:01.784  1747  1747 I sensors-hal: send_context_data:694, change_location_trigger, -244018566922240, 1320970896291267344, msgid:700
12-17 00:54:01.784  2274  6846 W CAE     : setCAProperty(ContextAwareService.java:515) - [setProperty 02] Mutex is unlocked for CH_LOC_TRIGGER
12-17 00:54:01.784  2274  6846 D SemContextService:     .requestToUpdate() : service = Location Change Trigger
12-17 00:54:01.784  2274  6846 D SemContextService: unlock : requestToUpdate
12-17 00:54:01.784  2274  6846 D SemContextManager:   .requestToUpdate : listener = com.android.server.location.nsflp.NSLocationMonitor$5@66e936b, service=Location Change Trigger
12-17 00:54:01.785  5117 10306 I NewStopController_FLP: StateChecker, check stationary message
12-17 00:54:01.785  1747  3791 I sensors-hal: qsh_conn_resp_cb:930, resp_value = 0 for change_location_trigger 
12-17 00:54:01.821  1747  3791 I sensors-hal: qsh_conn_event_cb:890, event[0] sensor:change_location_trigger  Wakeup, msg_id=1025, ts=72991160511
12-17 00:54:01.821  1747  3791 I sensors-hal: handle_sns_client_event:85, change_location_trigger_event: msgid:1025
12-17 00:54:01.821  1747  3791 I sensors-hal: handle_sns_client_event:108, change_location_trigger_event: 255, 255
12-17 00:54:01.824  2274  3789 D CAE     : onGetSensorHubData(SensorHubParserProvider.java:92) - onGetSensorHubData Event [event buffer len :15], AP_WAKEUP
12-17 00:54:01.824  2274  3789 I CAE     : parse(SensorHubParserProvider.java:188) - buffer size = 15
12-17 00:54:01.824  2274  3789 I CAE     : parse(SensorHubParserProvider.java:199) - 1, 1, 61, -1, 0, 2, 1, 0, 0, 0, 1, 0, 0, 0, 0,
12-17 00:54:01.824  2274  3789 D CAE     : display(ContextProvider.java:375) - ================= CH_LOC_TRIGGER =================
12-17 00:54:01.824  2274  3789 I CAE     : display(ContextProvider.java:391) - duration=[1], property=[1], result=[2], reserved=[0]
12-17 00:54:01.825  2274  3786 D SemContextService: Service.updateContext() : service = Location Change Trigger
12-17 00:54:01.825  2274  3836 D SemContextManager: onSemContextChanged() : event = Location Change Trigger
12-17 00:54:01.825  2274  3836 D NSLocationMonitor: onSemContextChanged, activity : 1 result : 2 movement : 1
12-17 00:54:01.833  1747   589 I sensors-hal: handle_sns_std_sensor_event:158, [633] Pressure 966.413, cal -0.011, sw_offset 0.000 (lsb(bit) 0x3 0x66 0x3c)
12-17 00:54:01.868  1730  4788 D vendor.qti.bluetooth@1.1-wake_lock: Release wakelock is released 
12-17 00:54:01.874  2274  2806 D PowerManagerService: displayReady: false groupId=0
12-17 00:54:01.874  2274  2806 D DisplayPowerController[0]: animateScreenStateChange: target=ON, mIsEnabled=true
12-17 00:54:01.875  2274  2806 D PowerManagerService: displayReady: true groupId=0
12-17 00:54:01.926  2274  3865 D UsbStatsMonitor: 0 0 0 0 0 0 0 0 0 0 0 0 0 0 0 0 0 0 0 0 0 0 0 0 0 0 0 0 0 0 0 0 0 0 0 0 0 0 0 0 0 0 0 0 0 0 0 0 0 0 0 0 0 0 0 0 0 214748364802
12-17 00:54:01.947  1730  5586 I vendor.qti.bluetooth@1.1-ibs_handler: ProcessIbsCmd: Received IBS_WAKE_IND: 0xFD
12-17 00:54:01.947  1730  5586 D vendor.qti.bluetooth@1.1-ibs_handler: SerialClockVote: vote for UART CLK ON
12-17 00:54:01.947  1730  5586 D vendor.qti.bluetooth@1.1-wake_lock: Acquire wakelock is acquired 
12-17 00:54:01.947  1730  5586 I vendor.qti.bluetooth@1.1-ibs_handler: ProcessIbsCmd: Writing IBS_WAKE_ACK
12-17 00:54:01.954  4360  5680 I ScanController: onScanResult to scannerId: 7- eventType=0x1a, addressType=1, address=XX:XX:XX:XX:3E:11, primaryPhy=1, secondaryPhy=0, advertisingSid=0xff, txPower=127, rssi=-64, periodicAdvInt=0x0
12-17 00:54:01.991  1730  5586 I vendor.qti.bluetooth@1.1-ibs_handler: ProcessIbsCmd: Received IBS_SLEEP_IND: 0xFE
12-17 00:54:01.991  1730  5586 D vendor.qti.bluetooth@1.1-ibs_handler: SerialClockVote: vote for UART CLK OFF
12-17 00:54:02.034 10341 11213 E SQLiteLog: (10) POSIX Error : 11 SQLite Error : 3850
12-17 00:54:02.034 30244 30267 E SQLiteLog: (10) POSIX Error : 11 SQLite Error : 3850
12-17 00:54:02.034 30244 30267 E SQLiteLog: (10) LOCK : Getting lock (2) failed due to (11). The current owner is (10341).
12-17 00:54:02.034 10341 11213 E SQLiteLog: (10) LOCK : Getting lock (4) failed due to (11). The current owner is (30244).
12-17 00:54:02.036 30244 30267 E SQLiteLog: (10) POSIX Error : 11 SQLite Error : 3850
12-17 00:54:02.036 30244 30267 E SQLiteLog: (10) LOCK : Getting pending lock for (1) failed due to (11). The current owner is (10341).
12-17 00:54:02.058  1752  2504 I HYPER-HAL: [RequestManager.cpp]releaseLocked(): Released ID : 4112278
12-17 00:54:02.077  2274  2806 D PowerManagerService: displayReady: false groupId=0
12-17 00:54:02.077  2274  2806 D DisplayPowerController[0]: animateScreenStateChange: target=ON, mIsEnabled=true
12-17 00:54:02.078  2274  2806 D PowerManagerService: displayReady: true groupId=0
12-17 00:54:02.142  1730  4788 D vendor.qti.bluetooth@1.1-wake_lock: Release wakelock is released 
12-17 00:54:02.278  2274  2806 D PowerManagerService: displayReady: false groupId=0
12-17 00:54:02.278  2274  2806 D DisplayPowerController[0]: animateScreenStateChange: target=ON, mIsEnabled=true
12-17 00:54:02.279  2274  2806 D PowerManagerService: displayReady: true groupId=0
12-17 00:54:02.321  6754  7838 I SDHMS:x : SIOP:: AP:385 BAT:347 USB:319 CHG:361 PA:386 WIFI:389 CF:370 BLK:0 SUBBAT:0 LRPTHM:365 SKIN:360 SKINF:347 SKINB:360 LRP2:360 LRF2:347 LRB2:360 AP2:360 CHG2:357 WIFI2:360 RCV2:347 SPK2:320 FCAM:319 UPSPK:375 DNSPK:319 VAP02:391 VWIFI:403 AMB2:257 AVGCUR:-326 POWER:-1407
12-17 00:54:02.478  2274  2806 D PowerManagerService: displayReady: false groupId=0
12-17 00:54:02.479  2274  2806 D DisplayPowerController[0]: animateScreenStateChange: target=ON, mIsEnabled=true
12-17 00:54:02.481  2274  2806 D PowerManagerService: displayReady: true groupId=0
12-17 00:54:02.679  2274  2806 D PowerManagerService: displayReady: false groupId=0
12-17 00:54:02.680  2274  2806 D DisplayPowerController[0]: animateScreenStateChange: target=ON, mIsEnabled=true
12-17 00:54:02.680  2274  2806 D PowerManagerService: displayReady: true groupId=0
