--------- beginning of main
12-17 00:53:56.755  2274  6846 D SemContextService: lock : requestToUpdate
12-17 00:53:56.756  2274  6846 W CAE     : setCAProperty(ContextAwareService.java:509) - [setProperty 01] Mutex is locked for CH_LOC_TRIGGER
12-17 00:53:56.756  2274  3793 D SensorService: setSContextDataLocked ints length 2 , byte length 4
12-17 00:53:56.756  2274  3793 D SensorService: setSContextDataLocked 3db8
12-17 00:53:56.756  1747  1747 I sensors-hal: inject_sensor_data:407, handle 1502 send inject
12-17 00:53:56.756  1747  1747 I sensors-hal: sendContextData:290, sensor hal 4, (0xb8, 0x3d, 0x0, 0x0)
12-17 00:53:56.756  1747  1747 I sensors-hal: sendContextData:131, change_location_trigger 4,184
12-17 00:53:56.756  1747  1747 I sensors-hal: sendUserData:118, change_location_trigger h 184 m 61 s 0
12-17 00:53:56.756  1747  1747 I sensors-hal: create_send_context_data:66, change_location_trigger create_send_context_data
12-17 00:53:56.757  1747  1747 I sensors-hal: send_context_data:694, change_location_trigger, -244018566922240, 1320970896291267344, msgid:700
12-17 00:53:56.757  2274  6846 W CAE     : setCAProperty(ContextAwareService.java:515) - [setProperty 02] Mutex is unlocked for CH_LOC_TRIGGER
12-17 00:53:56.757  2274  6846 D SemContextService:     .requestToUpdate() : service = Location Change Trigger
12-17 00:53:56.757  2274  6846 D SemContextService: unlock : requestToUpdate
12-17 00:53:56.757  2274  6846 D SemContextManager:   .requestToUpdate : listener = com.android.server.location.nsflp.NSLocationMonitor$5@66e936b, service=Location Change Trigger
12-17 00:53:56.757  1747  3791 I sensors-hal: qsh_conn_resp_cb:930, resp_value = 0 for change_location_trigger 
12-17 00:53:56.757  1747  3791 I sensors-hal: qsh_conn_event_cb:890, event[0] sensor:change_location_trigger  Wakeup, msg_id=1025, ts=72893952225
12-17 00:53:56.757  1747  3791 I sensors-hal: handle_sns_client_event:85, change_location_trigger_event: msgid:1025
12-17 00:53:56.757  1747  3791 I sensors-hal: handle_sns_client_event:108, change_location_trigger_event: 255, 255
12-17 00:53:56.758  5117 10306 I NewStopController_FLP: StateChecker, check stationary message
12-17 00:53:56.759  2274  3789 D CAE     : onGetSensorHubData(SensorHubParserProvider.java:92) - onGetSensorHubData Event [event buffer len :15], AP_WAKEUP
12-17 00:53:56.759  2274  3789 I CAE     : parse(SensorHubParserProvider.java:188) - buffer size = 15
12-17 00:53:56.759  2274  3789 I CAE     : parse(SensorHubParserProvider.java:199) - 1, 1, 61, -1, 0, 2, 1, 0, 0, 0, 1, 0, 0, 0, 0,
12-17 00:53:56.759  2274  3789 D CAE     : display(ContextProvider.java:375) - ================= CH_LOC_TRIGGER =================
12-17 00:53:56.759  2274  3789 I CAE     : display(ContextProvider.java:391) - duration=[1], property=[1], result=[2], reserved=[0]
12-17 00:53:56.760  2274  3786 D SemContextService: Service.updateContext() : service = Location Change Trigger
12-17 00:53:56.760  2274  3836 D SemContextManager: onSemContextChanged() : event = Location Change Trigger
12-17 00:53:56.760  2274  3836 D NSLocationMonitor: onSemContextChanged, activity : 1 result : 2 movement : 1
12-17 00:53:56.764  1862  1908 E HeatmapThread: ECT Thread time in milliseconds: 1765900436
12-17 00:53:56.767  1862  1908 D HeatmapThread: !@ batteryplugType : 0
12-17 00:53:56.767  1862  1908 D HeatmapThread: !@ batteryLevel : 99  batteryTemperature : 347 
12-17 00:53:56.767  1862  1908 D HeatmapThread: !@ Heatmap currtime: 29431673
12-17 00:53:56.767  1862  1908 D HeatmapThread: !@ Heatmap prevtime: 29431670
12-17 00:53:56.767  1862  1908 D HeatmapThread: !@ Heatmap plugstarttime: 35791394
12-17 00:53:56.767  1862  1908 D HeatmapThread: !@ Heatmap prevv_dsoh_update_time: 29431640
12-17 00:53:56.767  1862  1908 E HeatmapThread: !@ CAM New BSOH: 100
--------- beginning of system
12-17 00:53:56.853  2274  2806 D PowerManagerService: displayReady: false groupId=0
12-17 00:53:56.854  2274  2806 D DisplayPowerController[0]: animateScreenStateChange: target=ON, mIsEnabled=true
12-17 00:53:56.855  2274  2806 D PowerManagerService: displayReady: true groupId=0
12-17 00:53:56.869  1747  6465 I sensors-hal: handle_sns_client_event:375, [0][389995] accel_sample [ 0.163, -0.041,  9.796] 3791125865219
12-17 00:53:57.054  2274  2806 D PowerManagerService: displayReady: false groupId=0
12-17 00:53:57.054  2274  2806 D DisplayPowerController[0]: animateScreenStateChange: target=ON, mIsEnabled=true
12-17 00:53:57.055  2274  2806 D PowerManagerService: displayReady: true groupId=0
12-17 00:53:57.112  1747  9971 I sensors-hal: handle_sns_client_event:422, [0][15223] gyro_sample_cal(cal_available:1)(3) [ 0.002, 0.001, 0.001] bias[-0.007, 0.010, 0.007] 3791247807563
12-17 00:53:57.121  2274  3911 I SemWifiServiceDetector: Service det. resumed: T / T / 26818
12-17 00:53:57.254  2274  2806 D PowerManagerService: displayReady: false groupId=0
12-17 00:53:57.255  2274  2806 D DisplayPowerController[0]: animateScreenStateChange: target=ON, mIsEnabled=true
12-17 00:53:57.256  2274  2806 D PowerManagerService: displayReady: true groupId=0
12-17 00:53:57.312  2274  6435 D SemWifiUsabilityStatsMonitor: onWifiUsabilityStats - seqNum 765, isSameBssidAndFreq true
12-17 00:53:57.315  2274  3913 I SemWifiLinkQualityMonitor: Link stat: 4451 / 13 / 1.00 (9) / 600 / -38.0 || 100.0 : 600.00 / 0.5 : 1.00 / 0.55 : 0.00 / G (G) || 5e26ffe25180: 0.086 / 93.519 / N || N N / 0 0 / N 2.0 / N X 0 / 3791576 0 || 2025-12-17 00:53:56  / 0: 0 0 0 0 0 0 / 0: 0 0 0 0 0 0 / 0: 0 0 0 0 0 0
12-17 00:53:57.317  2274  3914 D InsDataManager: onOutageCountUpdate() - Outage Data: 0, LQ : N. Outage Triggered: false
12-17 00:53:57.317  2274  3914 D SemInsManager: {"bssid": "5e26ffe25180","rssi": -38.0,"latency": 0.0855442391467628,"outage_count": 0,"lq_callback_triggered": false,"outage_log": "Link stat: 4451 / 13 / 1.00 (9) / 600 / -38.0 || 100.0 : 600.00 / 0.5 : 1.00 / 0.55 : 0.00 / G (G) || 5e26ffe25180: 0.086 / 93.519 / N || N N / 0 0 / N 2.0 / N X 0 / 3791576 0 || 2025-12-17 00:53:56  / 0: 0 0 0 0 0 0 / 0: 0 0 0 0 0 0 / 0: 0 0 0 0 0 0""Magnetic Sensor Events size": "0""Pressure Sensor Events size": "0"}
12-17 00:53:57.456  2274  2806 D PowerManagerService: displayReady: false groupId=0
12-17 00:53:57.456  2274  2806 D DisplayPowerController[0]: animateScreenStateChange: target=ON, mIsEnabled=true
12-17 00:53:57.458  2274  2806 D PowerManagerService: displayReady: true groupId=0
12-17 00:53:57.656  2274  2806 D PowerManagerService: displayReady: false groupId=0
12-17 00:53:57.657  2274  2806 D DisplayPowerController[0]: animateScreenStateChange: target=ON, mIsEnabled=true
12-17 00:53:57.658  2274  2806 D PowerManagerService: displayReady: true groupId=0
12-17 00:53:57.673  1270  1270 D io_stats: !@   8,0 r 1373356 30084868 w 716836 10809504 d 26039 4945836 f 36671 42354 iot 318100 0 th 0 0 0 pt 0 inp 0 0 3791.936
12-17 00:53:57.703  2274  3835 D GnssLocationProvider_ex: SV Count : 2 / 13      (PRN, Constellation, Type, SNR, Used)
12-17 00:53:57.704  2274  3835 D GnssLocationProvider_ex: (5, GPS, L1, 14.8, 0) (11, GPS, L1, 18.1, 1) (12, GPS, L1, 21.1, 0) (20, GPS, L1, 15.1, 1) (22, GLONASS, L1, 20.7, 0) (44, BEIDOU, L1, 15.4, 0) 
12-17 00:53:57.704  2274  3835 D GnssLocationProvider_ex: (10, BEIDOU, L1, 11.5, 0) (11, GPS, L5, 19.3, 0) (25, GPS, L5, 18.0, 0) (2, GALILEO, L5, 15.3, 0) (30, GALILEO, L5, 17.1, 0) (34, GALILEO, L5, 16.0, 0) 
12-17 00:53:57.704  2274  3835 D GnssLocationProvider_ex: (44, BEIDOU, L5, 21.0, 0) 
12-17 00:53:57.706  5117  5229 I GnssEngineManager_FLP: updateSatelliteStatus, top4=20, top6=19, visibleSv=13, usedSv=2, usedL5Sv=0 (usedGps=2, usedGlo=0, usedBds=0, usedGal=0)
12-17 00:53:57.707  2274  3835 D GnssLocationProvider: reportLocation
12-17 00:53:57.711  5117  5229 I GnssEngineManager_FLP: onGpsLocationChanged, provider=gps / isMock=false / speed=0.0 / time=1765900438000 / elapsed=3791955956572
12-17 00:53:57.711  5117  5229 I NewStopController_FLP: isAvailableLastLoc, KeepStationary : false , timeGap : 18 , mStraightFixCount : 0
12-17 00:53:57.711  5117  5229 I NewStopController_FLP: onChangedGlpLocation, isGpsStopped= false, isReportingLL= false, isAvailableLastLoc : true
12-17 00:53:57.713  2274  4255 D SLocation: PositionManager - Passive handleLocationChanged [G, A : 97.29, T : 1765900438000, ET : 3791955, E : SH, h : 22/23]
12-17 00:53:57.714  2274  4255 D SLocation: PositionManager - receive gps location
12-17 00:53:57.714  2274 24121 I Mocca_VehicleDetectionHelper: (1.1.04.1)GPS: Avg speed: 0.0 Speed: 0.0 LIST: [0.0, 0.0, 0.0, 0.0, 0.0, 0.0, 0.0, 0.0, 0.0, 0.0]
12-17 00:53:57.714  2274 24121 D VehicleSensorHub: vehicleSendToSensorHub status : 2 type : 18
12-17 00:53:57.714  2274  4255 D SLocation: LocationBuffer - receivedLocation - op[interval(min 60000, max 300000), waitTime 36000000, numOfUpdates 20, minDistance 200.0]dist : 0.010503921 diffTime : 59999 filtered Location
12-17 00:53:57.714  2274  4255 D SLocation: BatchManager - received batch location buffered = false
12-17 00:53:57.714  2274 24121 I SensorManager: Get Sensor type = 65586
12-17 00:53:57.714  2274 24121 D SensorService: setSContextDataLocked ints length 3 , byte length 5
12-17 00:53:57.714  2274 24121 D SensorService: setSContextDataLocked 123c17c1
12-17 00:53:57.715  1747  1747 I sensors-hal: inject_sensor_data:407, handle 1502 send inject
12-17 00:53:57.715  1747  1747 I sensors-hal: sendContextData:290, sensor hal 5, (0xc1, 0x17, 0x3c, 0x12)
12-17 00:53:57.715  1747  1747 I sensors-hal: sendContextData:230, activities 5 c1, 1
12-17 00:53:57.715  1747  1747 I sensors-hal: sendUserData:251, Activities cmd 0xc1 0x17
12-17 00:53:57.715  1747  1747 I sensors-hal: create_send_context_data:80, sending create_send_context_data
12-17 00:53:57.715  1747  1747 I sensors-hal: send_context_data:694, activities, 4914309220830019584, 1320970896291267344, msgid:700
12-17 00:53:57.716  2274 24121 W ContextImpl: Calling a method in the system process without a qualified user: android.app.ContextImpl.sendBroadcast:1335 com.samsung.android.mocca.app.vehicle.AdvancedVehicleDetection.reportAdvancedVehicleEvent:185 com.samsung.android.mocca.app.vehicle.AdvancedVehicleDetection.handleLocEvent:277 com.samsung.android.mocca.app.vehicle.AdvancedVehicleDetection.p:0 D.e.h:136 
12-17 00:53:57.716  1747  3791 I sensors-hal: qsh_conn_resp_cb:930, resp_value = 0 for activities 
12-17 00:53:57.719  4908  7502 I FusedLocation: (REDACTED) location delivery to %s blocked - too close
12-17 00:53:57.720  4908  7502 I FusedLocation: (REDACTED) location delivery to %s blocked - too fast
12-17 00:53:57.720  4908  7502 I FusedLocation: (REDACTED) location delivery to %s blocked - too fast
12-17 00:53:57.721  4908  7502 I FusedLocation: (REDACTED) location delivery to %s blocked - too close
12-17 00:53:57.721  4908  7502 I FusedLocation: (REDACTED) location delivery to %s blocked - too close
12-17 00:53:57.722  5117  5229 I GmsPassiveListener_FLP: onGmsLocationChanged, provider=fused / speed=0.0 / time=1765900437692 / elapsed=3791955956572
12-17 00:53:57.722 23696 23696 I [CE]_ContextEngineReceiver: onReceive - ContextEngineReceiver onReceive action : com.samsung.android.mocca.ACTION_ADVANCED_VEHICLE_EVENT
12-17 00:53:57.722 23696 23696 I [CE]_ContextEngineReceiver: onReceive - ActivityDataManager intent : com.samsung.android.mocca.ACTION_ADVANCED_VEHICLE_EVENT
12-17 00:53:57.723 23696 23696 I [CE]_MovingContextProvider: onReceive - Advanced Vehicle Context received: 18, 2
12-17 00:53:57.723 23696 23696 I [CE]_CarContextProvider: onReceive - Advanced Vehicle Context received: 18, 2
12-17 00:53:57.726  2274  4255 D SLocation: PositionManager - Passive handleLocationChanged [F, A : 95.71, T : 1765900437692, ET : 3791955, h : 22/23]
12-17 00:53:57.726  2274  4255 D SLocation: PositionManager - receive fused location
12-17 00:53:57.726  2274  4255 D SLocation: GeofenceLocationFilter - location sent before 3000, need to filter / provider : fused, accuracy : 95.71
12-17 00:53:57.726  2274  4255 D SLocation: LocationBuffer - receivedLocation - op[interval(min 60000, max 300000), waitTime 36000000, numOfUpdates 20, minDistance 200.0]dist : 0.009108005 diffTime : 59999 filtered Location
12-17 00:53:57.726  2274  4255 D SLocation: BatchManager - received batch location buffered = false
12-17 00:53:57.748  1747   594 I sensors-hal: handle_sns_client_event:455, [0][6952] gyro_sample_uncal [-0.009, 0.003, 0.008] [-0.007, 0.010, 0.007] 3792005246469
12-17 00:53:57.759  1747   600 I sensors-hal: handle_sns_client_event:341, [2970] mag_sample_cal(magcal_available:1): ts=3792017049958 ns; cal = [-32.153931, -64.570435, -28.075745], uncal = [-702.173889, 623.269531, -763.255737], bias = [-670.019958, 687.839966, -735.179993], status=1
12-17 00:53:57.760  2274  6846 D SemContextService: lock : requestToUpdate
12-17 00:53:57.761  2274  6846 W CAE     : setCAProperty(ContextAwareService.java:509) - [setProperty 01] Mutex is locked for CH_LOC_TRIGGER
12-17 00:53:57.761  2274  3793 D SensorService: setSContextDataLocked ints length 2 , byte length 4
12-17 00:53:57.761  2274  3793 D SensorService: setSContextDataLocked 3db8
12-17 00:53:57.762  1747  1747 I sensors-hal: inject_sensor_data:407, handle 1502 send inject
12-17 00:53:57.762  1747  1747 I sensors-hal: sendContextData:290, sensor hal 4, (0xb8, 0x3d, 0x0, 0x0)
12-17 00:53:57.762  1747  1747 I sensors-hal: sendContextData:131, change_location_trigger 4,184
12-17 00:53:57.762  1747  1747 I sensors-hal: sendUserData:118, change_location_trigger h 184 m 61 s 0
12-17 00:53:57.762  1747  1747 I sensors-hal: create_send_context_data:66, change_location_trigger create_send_context_data
12-17 00:53:57.762  1747  1747 I sensors-hal: send_context_data:694, change_location_trigger, -244018566922240, 1320970896291267344, msgid:700
12-17 00:53:57.763  1747  3791 I sensors-hal: qsh_conn_resp_cb:930, resp_value = 0 for change_location_trigger 
12-17 00:53:57.764  2274  6846 W CAE     : setCAProperty(ContextAwareService.java:515) - [setProperty 02] Mutex is unlocked for CH_LOC_TRIGGER
12-17 00:53:57.764  2274  6846 D SemContextService:     .requestToUpdate() : service = Location Change Trigger
12-17 00:53:57.764  2274  6846 D SemContextService: unlock : requestToUpdate
12-17 00:53:57.764  2274  6846 D SemContextManager:   .requestToUpdate : listener = com.android.server.location.nsflp.NSLocationMonitor$5@66e936b, service=Location Change Trigger
12-17 00:53:57.764  1862  1908 E HeatmapThread: ECT Thread time in milliseconds: 1765900437
12-17 00:53:57.765  5117 10306 I NewStopController_FLP: StateChecker, check stationary message
12-17 00:53:57.769  1862  1908 D HeatmapThread: !@ batteryplugType : 0
12-17 00:53:57.769  1862  1908 D HeatmapThread: !@ batteryLevel : 99  batteryTemperature : 347 
12-17 00:53:57.769  1862  1908 D HeatmapThread: !@ Heatmap currtime: 29431673
12-17 00:53:57.770  1862  1908 D HeatmapThread: !@ Heatmap prevtime: 29431670
12-17 00:53:57.770  1862  1908 D HeatmapThread: !@ Heatmap plugstarttime: 35791394
12-17 00:53:57.770  1862  1908 D HeatmapThread: !@ Heatmap prevv_dsoh_update_time: 29431640
12-17 00:53:57.770  1862  1908 E HeatmapThread: !@ CAM New BSOH: 100
12-17 00:53:57.783  1747  3791 I sensors-hal: qsh_conn_event_cb:890, event[0] sensor:change_location_trigger  Wakeup, msg_id=1025, ts=72913642157
12-17 00:53:57.784  1747  3791 I sensors-hal: handle_sns_client_event:85, change_location_trigger_event: msgid:1025
12-17 00:53:57.784  1747  3791 I sensors-hal: handle_sns_client_event:108, change_location_trigger_event: 255, 255
12-17 00:53:57.787  2274  3789 D CAE     : onGetSensorHubData(SensorHubParserProvider.java:92) - onGetSensorHubData Event [event buffer len :15], AP_WAKEUP
12-17 00:53:57.788  2274  3789 I CAE     : parse(SensorHubParserProvider.java:188) - buffer size = 15
12-17 00:53:57.788  2274  3789 I CAE     : parse(SensorHubParserProvider.java:199) - 1, 1, 61, -1, 0, 2, 1, 0, 0, 0, 1, 0, 0, 0, 0,
12-17 00:53:57.789  2274  3789 D CAE     : display(ContextProvider.java:375) - ================= CH_LOC_TRIGGER =================
12-17 00:53:57.789  2274  3789 I CAE     : display(ContextProvider.java:391) - duration=[1], property=[1], result=[2], reserved=[0]
12-17 00:53:57.790  2274  3786 D SemContextService: Service.updateContext() : service = Location Change Trigger
12-17 00:53:57.790  2274  3836 D SemContextManager: onSemContextChanged() : event = Location Change Trigger
12-17 00:53:57.791  2274  3836 D NSLocationMonitor: onSemContextChanged, activity : 1 result : 2 movement : 1
12-17 00:53:57.833  1747   589 I sensors-hal: handle_sns_std_sensor_event:158, [593] Pressure 966.759, cal -0.011, sw_offset 0.000 (lsb(bit) 0x11 0x6c 0x3c)
12-17 00:53:57.858  2274  2806 D PowerManagerService: displayReady: false groupId=0
12-17 00:53:57.859  2274  2806 D DisplayPowerController[0]: animateScreenStateChange: target=ON, mIsEnabled=true
12-17 00:53:57.860  2274  2806 D PowerManagerService: displayReady: true groupId=0
12-17 00:53:57.990  1730  5586 I vendor.qti.bluetooth@1.1-ibs_handler: ProcessIbsCmd: Received IBS_WAKE_IND: 0xFD
12-17 00:53:57.990  1730  5586 D vendor.qti.bluetooth@1.1-ibs_handler: SerialClockVote: vote for UART CLK ON
12-17 00:53:57.990  1730  5586 D vendor.qti.bluetooth@1.1-wake_lock: Acquire wakelock is acquired 
12-17 00:53:57.991  1730  5586 I vendor.qti.bluetooth@1.1-ibs_handler: ProcessIbsCmd: Writing IBS_WAKE_ACK
12-17 00:53:58.001  4360  5680 I ScanController: onScanResult to scannerId: 7- eventType=0x1a, addressType=1, address=XX:XX:XX:XX:3E:11, primaryPhy=1, secondaryPhy=0, advertisingSid=0xff, txPower=127, rssi=-56, periodicAdvInt=0x0
12-17 00:53:58.042  1730  5586 I vendor.qti.bluetooth@1.1-ibs_handler: ProcessIbsCmd: Received IBS_SLEEP_IND: 0xFE
12-17 00:53:58.042  1730  5586 D vendor.qti.bluetooth@1.1-ibs_handler: SerialClockVote: vote for UART CLK OFF
12-17 00:53:58.059  2274  2806 D PowerManagerService: displayReady: false groupId=0
12-17 00:53:58.059  2274  2806 D DisplayPowerController[0]: animateScreenStateChange: target=ON, mIsEnabled=true
12-17 00:53:58.059  2274  2806 D PowerManagerService: displayReady: true groupId=0
12-17 00:53:58.193  1730  4788 D vendor.qti.bluetooth@1.1-wake_lock: Release wakelock is released 
12-17 00:53:58.259  2274  2806 D PowerManagerService: displayReady: false groupId=0
12-17 00:53:58.259  2274  2806 D DisplayPowerController[0]: animateScreenStateChange: target=ON, mIsEnabled=true
12-17 00:53:58.260  2274  2806 D PowerManagerService: displayReady: true groupId=0
12-17 00:53:58.321  1730  5586 I vendor.qti.bluetooth@1.1-ibs_handler: ProcessIbsCmd: Received IBS_WAKE_IND: 0xFD
12-17 00:53:58.321  1730  5586 D vendor.qti.bluetooth@1.1-ibs_handler: SerialClockVote: vote for UART CLK ON
12-17 00:53:58.321  1730  5586 D vendor.qti.bluetooth@1.1-wake_lock: Acquire wakelock is acquired 
12-17 00:53:58.321  1730  5586 I vendor.qti.bluetooth@1.1-ibs_handler: ProcessIbsCmd: Writing IBS_WAKE_ACK
12-17 00:53:58.365  1730  5586 I vendor.qti.bluetooth@1.1-ibs_handler: ProcessIbsCmd: Received IBS_SLEEP_IND: 0xFE
12-17 00:53:58.365  1730  5586 D vendor.qti.bluetooth@1.1-ibs_handler: SerialClockVote: vote for UART CLK OFF
12-17 00:53:58.407  1747  8900 I sensors-hal: handle_sns_std_sensor_event:90, light_cct: ts = 3792666430948 ns; value = [500, 500, 116, 102, 497, 112, 2, 6, 68224, 0]
12-17 00:53:58.460  2274  2806 D PowerManagerService: displayReady: false groupId=0
12-17 00:53:58.461  2274  2806 D DisplayPowerController[0]: animateScreenStateChange: target=ON, mIsEnabled=true
12-17 00:53:58.461  2274  2806 D PowerManagerService: displayReady: true groupId=0
12-17 00:53:58.516  1730  4788 D vendor.qti.bluetooth@1.1-wake_lock: Release wakelock is released 
12-17 00:53:58.617  1744  3259 D qmi_secgps_clnt: SECGPS: QMI_SECGPS_AGNSS_CONFIG_MESSAGE_IND_V01 received
12-17 00:53:58.617  2274  6846 D SehGnssExtraCbJni: serviceAssertMessageCb.
12-17 00:53:58.620  5117  5229 W JammerState_FLP: JAMMER ON [BDS_B1i]
12-17 00:53:58.620  5117  5229 I GpsSession_FLP: State[JAMMER] is changed to JAMMER
12-17 00:53:58.661  2274  2806 D PowerManagerService: displayReady: false groupId=0
12-17 00:53:58.662  2274  2806 D DisplayPowerController[0]: animateScreenStateChange: target=ON, mIsEnabled=true
12-17 00:53:58.663  2274  2806 D PowerManagerService: displayReady: true groupId=0
12-17 00:53:58.704  2274  3835 D GnssLocationProvider_ex: SV Count : 4 / 13      (PRN, Constellation, Type, SNR, Used)
12-17 00:53:58.705  2274  3835 D GnssLocationProvider_ex: (5, GPS, L1, 11.2, 0) (11, GPS, L1, 18.1, 1) (12, GPS, L1, 21.1, 1) (20, GPS, L1, 15.1, 1) (22, GLONASS, L1, 20.7, 1) (44, BEIDOU, L1, 15.4, 0) 
12-17 00:53:58.705  2274  3835 D GnssLocationProvider_ex: (10, BEIDOU, L1, 11.5, 0) (11, GPS, L5, 19.3, 0) (25, GPS, L5, 18.0, 0) (2, GALILEO, L5, 15.3, 0) (30, GALILEO, L5, 17.1, 0) (34, GALILEO, L5, 16.0, 0) 
12-17 00:53:58.705  2274  3835 D GnssLocationProvider_ex: (44, BEIDOU, L5, 20.3, 0) 
12-17 00:53:58.708  5117  5229 I GnssEngineManager_FLP: updateSatelliteStatus, top4=20, top6=19, visibleSv=13, usedSv=4, usedL5Sv=0 (usedGps=3, usedGlo=1, usedBds=0, usedGal=0)
12-17 00:53:58.713  2274  3835 D GnssLocationProvider: reportLocation
12-17 00:53:58.715  5117  5229 I GnssEngineManager_FLP: onGpsLocationChanged, provider=gps / isMock=false / speed=0.0 / time=1765900439000 / elapsed=3792955957040
12-17 00:53:58.715  5117  5229 I NewStopController_FLP: isAvailableLastLoc, KeepStationary : false , timeGap : 23 , mStraightFixCount : 0
12-17 00:53:58.716  5117  5229 I NewStopController_FLP: onChangedGlpLocation, isGpsStopped= false, isReportingLL= false, isAvailableLastLoc : true
12-17 00:53:58.719  2274 24121 I Mocca_VehicleDetectionHelper: (1.1.04.1)GPS: Avg speed: 0.0 Speed: 0.0 LIST: [0.0, 0.0, 0.0, 0.0, 0.0, 0.0, 0.0, 0.0, 0.0, 0.0]
12-17 00:53:58.719  2274 24121 D VehicleSensorHub: vehicleSendToSensorHub status : 2 type : 18
12-17 00:53:58.719  2274 24121 I SensorManager: Get Sensor type = 65586
12-17 00:53:58.719  2274 24121 D SensorService: setSContextDataLocked ints length 3 , byte length 5
12-17 00:53:58.719  2274 24121 D SensorService: setSContextDataLocked 123c17c1
12-17 00:53:58.719  1747  1747 I sensors-hal: inject_sensor_data:407, handle 1502 send inject
12-17 00:53:58.720  1747  1747 I sensors-hal: sendContextData:290, sensor hal 5, (0xc1, 0x17, 0x3c, 0x12)
12-17 00:53:58.720  1747  1747 I sensors-hal: sendContextData:230, activities 5 c1, 1
12-17 00:53:58.720  1747  1747 I sensors-hal: sendUserData:251, Activities cmd 0xc1 0x17
12-17 00:53:58.720  1747  1747 I sensors-hal: create_send_context_data:80, sending create_send_context_data
12-17 00:53:58.720  1747  1747 I sensors-hal: send_context_data:694, activities, 4914309220830019584, 1320970896291267344, msgid:700
12-17 00:53:58.721  2274 24121 W ContextImpl: Calling a method in the system process without a qualified user: android.app.ContextImpl.sendBroadcast:1335 com.samsung.android.mocca.app.vehicle.AdvancedVehicleDetection.reportAdvancedVehicleEvent:185 com.samsung.android.mocca.app.vehicle.AdvancedVehicleDetection.handleLocEvent:277 com.samsung.android.mocca.app.vehicle.AdvancedVehicleDetection.p:0 D.e.h:136 
12-17 00:53:58.721  1747  3791 I sensors-hal: qsh_conn_resp_cb:930, resp_value = 0 for activities 
12-17 00:53:58.721  2274  4255 D SLocation: PositionManager - Passive handleLocationChanged [G, A : 90.70, T : 1765900439000, ET : 3792955, E : SH, h : 22/23]
12-17 00:53:58.721  2274  4255 D SLocation: PositionManager - receive gps location
12-17 00:53:58.722  2274  4255 D SLocation: LocationBuffer - receivedLocation - op[interval(min 60000, max 300000), waitTime 36000000, numOfUpdates 20, minDistance 200.0]dist : 0.010503921 diffTime : 60999 accept time condition
12-17 00:53:58.723  2274  4255 D SLocation: LocationBuffer - input buffer, size : 5
12-17 00:53:58.723  2274  4255 D SLocation: BatchManager - received batch location buffered = true
12-17 00:53:58.725 23696 23696 I [CE]_ContextEngineReceiver: onReceive - ContextEngineReceiver onReceive action : com.samsung.android.mocca.ACTION_ADVANCED_VEHICLE_EVENT
12-17 00:53:58.725 23696 23696 I [CE]_ContextEngineReceiver: onReceive - ActivityDataManager intent : com.samsung.android.mocca.ACTION_ADVANCED_VEHICLE_EVENT
12-17 00:53:58.725 23696 23696 I [CE]_MovingContextProvider: onReceive - Advanced Vehicle Context received: 18, 2
12-17 00:53:58.725 23696 23696 I [CE]_CarContextProvider: onReceive - Advanced Vehicle Context received: 18, 2
12-17 00:53:58.725  4908  7502 I FusedLocation: (REDACTED) location delivery to %s blocked - too close
12-17 00:53:58.727  4908  7502 I FusedLocation: (REDACTED) location delivery to %s blocked - too fast
12-17 00:53:58.727  4908  7502 I FusedLocation: (REDACTED) location delivery to %s blocked - too fast
12-17 00:53:58.728  4908  7502 I FusedLocation: (REDACTED) location delivery to %s blocked - too close
12-17 00:53:58.729  4908  7502 I FusedLocation: (REDACTED) location delivery to %s blocked - too close
12-17 00:53:58.730  5117  5229 I GmsPassiveListener_FLP: onGmsLocationChanged, provider=fused / speed=0.0 / time=1765900438692 / elapsed=3792955957040
12-17 00:53:58.733  2274  4255 D SLocation: PositionManager - Passive handleLocationChanged [F, A : 93.80, T : 1765900438692, ET : 3792955, h : 22/23]
12-17 00:53:58.734  2274  4255 D SLocation: PositionManager - receive fused location
12-17 00:53:58.734  2274  4255 D SLocation: GeofenceLocationFilter - location sent before 4007, need to filter / provider : fused, accuracy : 93.798
12-17 00:53:58.734  2274  4255 D SLocation: LocationBuffer - receivedLocation - op[interval(min 60000, max 300000), waitTime 36000000, numOfUpdates 20, minDistance 200.0]dist : 0.009108005 diffTime : 60999 accept time condition
12-17 00:53:58.734  2274  4255 D SLocation: LocationBuffer - receivedLocation - op[interval(min 60000, max 300000), waitTime 36000000, numOfUpdates 20, minDistance 200.0]dist : 0.0034448989 diffTime : 0 filtered Location
12-17 00:53:58.735  2274  4255 D SLocation: BatchManager - received batch location buffered = false
12-17 00:53:58.764  1862  1908 E HeatmapThread: ECT Thread time in milliseconds: 1765900438
12-17 00:53:58.767  2274  6854 D SemContextService: lock : requestToUpdate
12-17 00:53:58.767  2274  6854 W CAE     : setCAProperty(ContextAwareService.java:509) - [setProperty 01] Mutex is locked for CH_LOC_TRIGGER
12-17 00:53:58.768  2274  3793 D SensorService: setSContextDataLocked ints length 2 , byte length 4
12-17 00:53:58.769  2274  3793 D SensorService: setSContextDataLocked 3db8
12-17 00:53:58.769  1747  1747 I sensors-hal: inject_sensor_data:407, handle 1502 send inject
12-17 00:53:58.770  1747  1747 I sensors-hal: sendContextData:290, sensor hal 4, (0xb8, 0x3d, 0x0, 0x0)
12-17 00:53:58.770  1747  1747 I sensors-hal: sendContextData:131, change_location_trigger 4,184
12-17 00:53:58.770  1747  1747 I sensors-hal: sendUserData:118, change_location_trigger h 184 m 61 s 0
12-17 00:53:58.770  1747  1747 I sensors-hal: create_send_context_data:66, change_location_trigger create_send_context_data
12-17 00:53:58.770  1862  1908 D HeatmapThread: !@ batteryplugType : 0
12-17 00:53:58.770  1747  1747 I sensors-hal: send_context_data:694, change_location_trigger, -244018566922240, 1320970896291267344, msgid:700
12-17 00:53:58.770  1862  1908 D HeatmapThread: !@ batteryLevel : 99  batteryTemperature : 347 
12-17 00:53:58.770  1862  1908 D HeatmapThread: !@ Heatmap currtime: 29431673
12-17 00:53:58.770  1862  1908 D HeatmapThread: !@ Heatmap prevtime: 29431670
12-17 00:53:58.770  1862  1908 D HeatmapThread: !@ Heatmap plugstarttime: 35791394
12-17 00:53:58.770  1862  1908 D HeatmapThread: !@ Heatmap prevv_dsoh_update_time: 29431640
12-17 00:53:58.770  1862  1908 E HeatmapThread: !@ CAM New BSOH: 100
12-17 00:53:58.771  1747  3791 I sensors-hal: qsh_conn_resp_cb:930, resp_value = 0 for change_location_trigger 
12-17 00:53:58.771  2274  6854 W CAE     : setCAProperty(ContextAwareService.java:515) - [setProperty 02] Mutex is unlocked for CH_LOC_TRIGGER
12-17 00:53:58.771  2274  6854 D SemContextService:     .requestToUpdate() : service = Location Change Trigger
12-17 00:53:58.771  2274  6854 D SemContextService: unlock : requestToUpdate
12-17 00:53:58.771  2274  6854 D SemContextManager:   .requestToUpdate : listener = com.android.server.location.nsflp.NSLocationMonitor$5@66e936b, service=Location Change Trigger
12-17 00:53:58.772  5117 10306 I NewStopController_FLP: StateChecker, check stationary message
12-17 00:53:58.809  1747  3791 I sensors-hal: qsh_conn_event_cb:890, event[0] sensor:change_location_trigger  Wakeup, msg_id=1025, ts=72933329567
12-17 00:53:58.809  1747  3791 I sensors-hal: handle_sns_client_event:85, change_location_trigger_event: msgid:1025
12-17 00:53:58.809  1747  3791 I sensors-hal: handle_sns_client_event:108, change_location_trigger_event: 255, 255
12-17 00:53:58.812  2274  3789 D CAE     : onGetSensorHubData(SensorHubParserProvider.java:92) - onGetSensorHubData Event [event buffer len :15], AP_WAKEUP
12-17 00:53:58.813  2274  3789 I CAE     : parse(SensorHubParserProvider.java:188) - buffer size = 15
12-17 00:53:58.813  2274  3789 I CAE     : parse(SensorHubParserProvider.java:199) - 1, 1, 61, -1, 0, 2, 1, 0, 0, 0, 1, 0, 0, 0, 0,
12-17 00:53:58.814  2274  3789 D CAE     : display(ContextProvider.java:375) - ================= CH_LOC_TRIGGER =================
12-17 00:53:58.814  2274  3789 I CAE     : display(ContextProvider.java:391) - duration=[1], property=[1], result=[2], reserved=[0]
12-17 00:53:58.815  2274  3786 D SemContextService: Service.updateContext() : service = Location Change Trigger
12-17 00:53:58.816  2274  3836 D SemContextManager: onSemContextChanged() : event = Location Change Trigger
12-17 00:53:58.816  2274  3836 D NSLocationMonitor: onSemContextChanged, activity : 1 result : 2 movement : 1
12-17 00:53:58.863  2274  2806 D PowerManagerService: displayReady: false groupId=0
12-17 00:53:58.863  2274  2806 D DisplayPowerController[0]: animateScreenStateChange: target=ON, mIsEnabled=true
12-17 00:53:58.865  2274  2806 D PowerManagerService: displayReady: true groupId=0
12-17 00:53:58.877  1747  6465 I sensors-hal: handle_sns_client_event:375, [0][390230] accel_sample [ 0.074, -0.110,  9.825] 3793133949281
12-17 00:53:58.906  1747  9971 I sensors-hal: handle_sns_client_event:422, [0][15230] gyro_sample_cal(cal_available:1)(3) [ 0.000,-0.000, 0.001] bias[-0.007, 0.010, 0.007] 3793042265531
12-17 00:53:59.063  2274  2806 D PowerManagerService: displayReady: false groupId=0
12-17 00:53:59.063  2274  2806 D DisplayPowerController[0]: animateScreenStateChange: target=ON, mIsEnabled=true
12-17 00:53:59.064  2274  2806 D PowerManagerService: displayReady: true groupId=0
12-17 00:53:59.264  2274  2806 D PowerManagerService: displayReady: false groupId=0
12-17 00:53:59.264  2274  2806 D DisplayPowerController[0]: animateScreenStateChange: target=ON, mIsEnabled=true
12-17 00:53:59.265  2274  2806 D PowerManagerService: displayReady: true groupId=0
12-17 00:53:59.325  2274 11761 I AfterimageCompensationService: AfcThread mLuminance : 172 , AfpcPeriodCount : 125 , rotation : 0 , AOD : false
12-17 00:53:59.328  2274 11761 I SurfaceComposerClient: captureDisplay:Display-4630946315032985731
12-17 00:53:59.331  1867  2023 I SurfaceFlinger: Capture layer list: 	 Wallpaper BBQ wrapper 7_systemlock#80(seamlessTransition:0)
12-17 00:53:59.332  1867  2023 I SurfaceFlinger: Capture layer list: 	 com.sec.android.app.launcher/com.sec.android.app.launcher.activities.LauncherActivity$_4480#1228(seamlessTransition:0)
12-17 00:53:59.332  1867  2023 I SurfaceFlinger: Capture layer list: 	 StatusBar$_4041#98(seamlessTransition:0)
12-17 00:53:59.332  1867  2023 I SurfaceFlinger: Capture layer list: 	 com.sec.android.app.launcher/com.samsung.app.honeyspace.edge.edgepanel.app.CocktailBarService$_4480#1160(seamlessTransition:0)
12-17 00:53:59.332  1867  2023 I SurfaceFlinger: Capture layer list: 	 NavigationBar0$_4041#94(seamlessTransition:0)
12-17 00:53:59.332  1867  2023 I CompositionEngine: [setDisplaySize] size=(1080, 2340)
12-17 00:53:59.333  1867  2023 E HwcComposer: getLuts failed Status(-129, EX_TRANSACTION_FAILED): 'UNKNOWN_TRANSACTION: '
12-17 00:53:59.333  1867  2065 D RenderEngine: [SEC_SF_EFFECTS] drawLayersInternal,1483, Rendering layer ScreenCaptureFillLayer at index 0
12-17 00:53:59.333  1867  2065 D RenderEngine: [SEC_SF_EFFECTS] drawLayersInternal,1483, Rendering layer Wallpaper BBQ wrapper 7_systemlock#80 at index 1
12-17 00:53:59.334  1867  2065 D RenderEngine: [SEC_SF_EFFECTS] drawLayersInternal,1483, Rendering layer com.sec.android.app.launcher/com.sec.android.app.launcher.activities.LauncherActivity$_4480#1228 at index 2
12-17 00:53:59.334  1867  2065 I RenderEngine: [SEC_SF_EFFECTS] drawLayersInternal,1995, No effectOutput found for blur region nr. 0 in layer LauncherActivity$_4480#1228, blur radius 250
12-17 00:53:59.334  1867  2065 D RenderEngine: [SEC_SF_EFFECTS] drawLayersInternal,1483, Rendering layer StatusBar$_4041#98 at index 3
12-17 00:53:59.334  1867  2065 D RenderEngine: [SEC_SF_EFFECTS] drawLayersInternal,1483, Rendering layer com.sec.android.app.launcher/com.samsung.app.honeyspace.edge.edgepanel.app.CocktailBarService$_4480#1160 at index 4
12-17 00:53:59.335  1867  2065 D RenderEngine: [SEC_SF_EFFECTS] drawLayersInternal,1483, Rendering layer NavigationBar0$_4041#94 at index 5
12-17 00:53:59.357  2274 11761 D system_server: mAFPC_Read - w = 1080, h = 2340, s = 8, f = 4, s_size = 10183680, luminance = 172, count = 125, captureOrientation = 0
12-17 00:53:59.370 26758 26758 I wpa_supplicant: Heartbeat 75
12-17 00:53:59.465  2274  2806 D PowerManagerService: displayReady: false groupId=0
12-17 00:53:59.465  2274  2806 D DisplayPowerController[0]: animateScreenStateChange: target=ON, mIsEnabled=true
12-17 00:53:59.467  2274  2806 D PowerManagerService: displayReady: true groupId=0
12-17 00:53:59.616  1744  3259 D qmi_secgps_clnt: SECGPS: QMI_SECGPS_AGNSS_CONFIG_MESSAGE_IND_V01 received
12-17 00:53:59.617  2274  6854 D SehGnssExtraCbJni: serviceAssertMessageCb.
12-17 00:53:59.619  5117  5229 W JammerState_FLP: JAMMER OFF
12-17 00:53:59.620  5117  5229 I GpsSession_FLP: State[JAMMER] is changed to JAMMER_OFF
12-17 00:53:59.666  2274  2806 D PowerManagerService: displayReady: false groupId=0
12-17 00:53:59.666  2274  2806 D DisplayPowerController[0]: animateScreenStateChange: target=ON, mIsEnabled=true
12-17 00:53:59.669  2274  2806 D PowerManagerService: displayReady: true groupId=0
12-17 00:53:59.674  1270  1270 D io_stats: !@   8,0 r 1373356 30084868 w 716840 10809520 d 26039 4945836 f 36671 42354 iot 318108 0 th 0 0 0 pt 0 inp 0 0 3793.937
12-17 00:53:59.674  1270  1270 D io_stats: !@ Read_top(KB): ng:quick_launch(23585) 16 sung.android.ce(23696) 8 android.vending(8291) 8
12-17 00:53:59.674  1270  1270 D io_stats: !@ Write_top(KB): com.tencent.mm(20813) 16 sung.android.ce(23696) 16 jbd2/sda9-8(1215) 8
12-17 00:53:59.703  2274  3835 D GnssLocationProvider_ex: SV Count : 4 / 13      (PRN, Constellation, Type, SNR, Used)
12-17 00:53:59.704  2274  3835 D GnssLocationProvider_ex: (5, GPS, L1, 11.2, 1) (11, GPS, L1, 18.1, 1) (12, GPS, L1, 21.1, 1) (20, GPS, L1, 15.1, 0) (22, GLONASS, L1, 20.7, 1) (44, BEIDOU, L1, 15.4, 0) 
12-17 00:53:59.704  2274  3835 D GnssLocationProvider_ex: (10, BEIDOU, L1, 11.5, 0) (11, GPS, L5, 19.3, 0) (25, GPS, L5, 17.3, 0) (2, GALILEO, L5, 15.3, 0) (30, GALILEO, L5, 17.1, 0) (34, GALILEO, L5, 16.0, 0) 
12-17 00:53:59.704  2274  3835 D GnssLocationProvider_ex: (44, BEIDOU, L5, 21.6, 0) 
12-17 00:53:59.706  5117  5229 I GnssEngineManager_FLP: updateSatelliteStatus, top4=20, top6=19, visibleSv=13, usedSv=4, usedL5Sv=0 (usedGps=3, usedGlo=1, usedBds=0, usedGal=0)
12-17 00:53:59.708  2274  3835 D GnssLocationProvider: reportLocation
12-17 00:53:59.714  5117  5229 I GnssEngineManager_FLP: onGpsLocationChanged, provider=gps / isMock=false / speed=0.0 / time=1765900440000 / elapsed=3793955950165
12-17 00:53:59.714  5117  5229 I NewStopController_FLP: isAvailableLastLoc, KeepStationary : false , timeGap : 21 , mStraightFixCount : 0
12-17 00:53:59.714  5117  5229 I NewStopController_FLP: onChangedGlpLocation, isGpsStopped= false, isReportingLL= false, isAvailableLastLoc : true
12-17 00:53:59.715  4908  7502 I FusedLocation: (REDACTED) location delivery to %s blocked - too close
12-17 00:53:59.716  2274 24121 I Mocca_VehicleDetectionHelper: (1.1.04.1)GPS: Avg speed: 0.0 Speed: 0.0 LIST: [0.0, 0.0, 0.0, 0.0, 0.0, 0.0, 0.0, 0.0, 0.0, 0.0]
12-17 00:53:59.716  2274  4255 D SLocation: PositionManager - Passive handleLocationChanged [G, A : 106.37, T : 1765900440000, ET : 3793955, E : SH, h : 22/23]
12-17 00:53:59.716  2274 24121 D VehicleSensorHub: vehicleSendToSensorHub status : 2 type : 18
12-17 00:53:59.716  2274 24121 I SensorManager: Get Sensor type = 65586
12-17 00:53:59.717  2274 24121 D SensorService: setSContextDataLocked ints length 3 , byte length 5
12-17 00:53:59.717  2274 24121 D SensorService: setSContextDataLocked 123c17c1
12-17 00:53:59.717  2274  4255 D SLocation: PositionManager - receive gps location
12-17 00:53:59.717  2274  4255 D SLocation: LocationBuffer - receivedLocation - op[interval(min 60000, max 300000), waitTime 36000000, numOfUpdates 20, minDistance 200.0]dist : 0.0 diffTime : 999 filtered Location
12-17 00:53:59.717  2274  4255 D SLocation: BatchManager - received batch location buffered = false
12-17 00:53:59.717  1747  1747 I sensors-hal: inject_sensor_data:407, handle 1502 send inject
12-17 00:53:59.718  1747  1747 I sensors-hal: sendContextData:290, sensor hal 5, (0xc1, 0x17, 0x3c, 0x12)
12-17 00:53:59.718  1747  1747 I sensors-hal: sendContextData:230, activities 5 c1, 1
12-17 00:53:59.718  1747  1747 I sensors-hal: sendUserData:251, Activities cmd 0xc1 0x17
12-17 00:53:59.718  1747  1747 I sensors-hal: create_send_context_data:80, sending create_send_context_data
12-17 00:53:59.718  1747  1747 I sensors-hal: send_context_data:694, activities, 4914309220830019584, 1320970896291267344, msgid:700
12-17 00:53:59.718  2274 24121 W ContextImpl: Calling a method in the system process without a qualified user: android.app.ContextImpl.sendBroadcast:1335 com.samsung.android.mocca.app.vehicle.AdvancedVehicleDetection.reportAdvancedVehicleEvent:185 com.samsung.android.mocca.app.vehicle.AdvancedVehicleDetection.handleLocEvent:277 com.samsung.android.mocca.app.vehicle.AdvancedVehicleDetection.p:0 D.e.h:136 
12-17 00:53:59.718  1747  3791 I sensors-hal: qsh_conn_resp_cb:930, resp_value = 0 for activities 
12-17 00:53:59.719  4908  7502 I FusedLocation: (REDACTED) location delivery to %s blocked - too fast
12-17 00:53:59.720  4908  7502 I FusedLocation: (REDACTED) location delivery to %s blocked - too close
12-17 00:53:59.720  4908  7502 I FusedLocation: (REDACTED) location delivery to %s blocked - too close
12-17 00:53:59.723 23696 23696 I [CE]_ContextEngineReceiver: onReceive - ContextEngineReceiver onReceive action : com.samsung.android.mocca.ACTION_ADVANCED_VEHICLE_EVENT
12-17 00:53:59.723 23696 23696 I [CE]_ContextEngineReceiver: onReceive - ActivityDataManager intent : com.samsung.android.mocca.ACTION_ADVANCED_VEHICLE_EVENT
12-17 00:53:59.723 23696 23696 I [CE]_MovingContextProvider: onReceive - Advanced Vehicle Context received: 18, 2
12-17 00:53:59.723 23696 23696 I [CE]_CarContextProvider: onReceive - Advanced Vehicle Context received: 18, 2
12-17 00:53:59.725  5117  5229 I GmsPassiveListener_FLP: onGmsLocationChanged, provider=fused / speed=0.0 / time=1765900439691 / elapsed=3793955950165
12-17 00:53:59.726  2274  4255 D SLocation: PositionManager - Passive handleLocationChanged [F, A : 91.44, T : 1765900439691, ET : 3793955, h : 22/23]
12-17 00:53:59.728  2274  4255 D SLocation: PositionManager - receive fused location
12-17 00:53:59.728  2274  4255 I SLocation: GeofenceLocationFilter - fire alarm & cancel, E.Q@d989400
12-17 00:53:59.728  2274  6846 D ActivityManager: Received SERVICE intent 0x544b7e0 Key{startService pkg=com.google.android.gms/current_semantic_location intent=act=com.google.android.gms.semanticlocation.ACTION_LOCATION xflg=0x4 cmp=com.google.android.gms/.semanticlocation.service.SemanticLocationService flags=0x2000000 u=0} requestCode=0 from uid 10264
12-17 00:53:59.729  2274  4255 W SLocation: GeopointGeofenceManger - refresh wifi to receive loc
12-17 00:53:59.730  2274  4255 E SLocation: GeopointLastLocation - Last location is more well than current Location.
12-17 00:53:59.730  2274  4255 D SLocation: GeopointGeofenceManger - Location reported : fix method = 4 / 11.57
12-17 00:53:59.730  2274  4255 D SLocation: LocationBuffer - receivedLocation - op[interval(min 60000, max 300000), waitTime 36000000, numOfUpdates 20, minDistance 200.0]dist : 0.0034448989 diffTime : 999 filtered Location
12-17 00:53:59.730  2274  4255 D SLocation: BatchManager - received batch location buffered = false
12-17 00:53:59.731  4908  2072 I SemanticLocation: [InfMgr] No location reports after filtering [CONTEXT service_id=173 ]
12-17 00:53:59.731  2274  4255 D SLocation: ReceiverPair - ignore direction of location due to wifi, id = 53, reason = 400
12-17 00:53:59.731  2274  4255 D SLocation: ReceiverPair - ignore direction of location due to wifi, id = 59, reason = 400
12-17 00:53:59.732  2274  4255 D SLocation: GeopointLastLocation - last location still available 31039 / 9223372036854775807
12-17 00:53:59.732  2274  4255 D SLocation: GeopointGeofenceObserver - location : [F, A : 11.43, T : 1765900408692, ET : 3762956, h : 22/23], radius : 4722
12-17 00:53:59.732  2274  4255 D SLocation: LocationProviderStatus - try to update provider status (GPS/NLP)
12-17 00:53:59.732  2274  4255 D SLocation: LocationProviderStatus - set isGpsOn : true, isNlpOn : true
12-17 00:53:59.732  2274  4255 D SLocation: LocationProviderStatus - gps & nlp status not changed
12-17 00:53:59.732  2274  4255 D SLocation: GeofenceCoreManager - geofence core command pending size : 2
12-17 00:53:59.732  2274  4255 D SLocation: GeofenceCoreRecovery - removeGeofenceInfo id = 15000
12-17 00:53:59.733  2274  4255 D SLocation: SLocationCoreSem - send to coreSem, packet length : 3 / [17, 58, 152]
12-17 00:53:59.733  2274  4255 D SemContextLocationCoreAttribute: setAttribute() mode : 0 action : 23
12-17 00:53:59.733  2274  4255 D SemContextService: lock : changeParameters
12-17 00:53:59.733  2274  4255 D SemContext.CaeProvider.LocationCoreImpl: setAttribute() mode : 0 action : 23
12-17 00:53:59.733  2274  4255 W CAE     : setCAProperty(ContextAwareService.java:509) - [setProperty 01] Mutex is locked for SLOCATION_RUNNER
12-17 00:53:59.733  4908  4908 D BoundBrokerSvc: onRebind: Intent { act=com.google.android.gms.auth.aang.events.services.START dat=chimera-action:/... xflg=0x4 cmp=com.google.android.gms/.chimera.PersistentApiService }
12-17 00:53:59.734  2274  4255 I CAE     : setPropertyValue(SLocationRunner.java:116) - SLocationRunner setProperty header : 17, len : 3
12-17 00:53:59.734  2274  3793 D SensorService: setSContextDataLocked ints length 3 , byte length 6
12-17 00:53:59.734  2274  3793 D SensorService: setSContextDataLocked 113717c1
12-17 00:53:59.734  1747  1747 I sensors-hal: inject_sensor_data:407, handle 1502 send inject
12-17 00:53:59.734  1747  1747 I sensors-hal: sendContextData:290, sensor hal 6, (0xc1, 0x17, 0x37, 0x11)
12-17 00:53:59.734  1747  1747 E sensors-hal: sendContextData:133, slocationcore h 193 m 23 s 55
12-17 00:53:59.734  1747  1747 I sensors-hal: sendUserData:119, slocationcore sendUserData
12-17 00:53:59.734  1747  1747 E sensors-hal: create_send_context_data:64, slocationcore create_send_context_data
12-17 00:53:59.734  1747  1747 I sensors-hal: send_context_data:694, slocationcore, 4986366670857974562, 1320970896291267344, msgid:700
12-17 00:53:59.735  2274  4255 W CAE     : setCAProperty(ContextAwareService.java:515) - [setProperty 02] Mutex is unlocked for SLOCATION_RUNNER
12-17 00:53:59.735  2274  4255 D SemContextService: unlock : changeParameters
12-17 00:53:59.735  2274  4255 D SemContextManager:   .changeParameters : listener = Z.i@eaa8daa, service=SLocation Core
12-17 00:53:59.735  2274  4255 D SLocation: GeofenceCoreManager - geofence core command pending size : 1
12-17 00:53:59.735  2274  4255 D SLocation: GeofenceCoreRecovery - storeGeofenceInfo 1 id = 15000, radius = 4722
12-17 00:53:59.735  1747  3791 I sensors-hal: qsh_conn_resp_cb:930, resp_value = 0 for slocationcore 
12-17 00:53:59.735  2274  4255 D SLocation: SLocationCoreSem - send to coreSem, packet length : 16 / [16, 58, 152, 22, 97, 253, 164, 75, 156, 9, 85, 0, 0, 18, 114, 1]
12-17 00:53:59.735  2274  4255 D SemContextLocationCoreAttribute: setAttribute() mode : 0 action : 23
12-17 00:53:59.735  2274  4255 D SemContextService: lock : changeParameters
12-17 00:53:59.735  2274  4255 D SemContext.CaeProvider.LocationCoreImpl: setAttribute() mode : 0 action : 23
12-17 00:53:59.735  1747  3791 I sensors-hal: qsh_conn_event_cb:890, event[0] sensor:slocationcore  Wakeup, msg_id=1025, ts=72951128397
12-17 00:53:59.735  1747  3791 E sensors-hal: handle_sns_client_event:78, slocationcore_event: msgid:1025
12-17 00:53:59.735  2274  4255 W CAE     : setCAProperty(ContextAwareService.java:509) - [setProperty 01] Mutex is locked for SLOCATION_RUNNER
12-17 00:53:59.736  2274  4255 I CAE     : setPropertyValue(SLocationRunner.java:116) - SLocationRunner setProperty header : 16, len : 16
12-17 00:53:59.736  2274  3793 D SensorService: setSContextDataLocked ints length 6 , byte length 19
12-17 00:53:59.736  1747  3791 I sensors-hal: qsh_conn_event_cb:890, event[0] sensor:slocationcore  Wakeup, msg_id=1025, ts=72951128742
12-17 00:53:59.736  1747  3791 E sensors-hal: handle_sns_client_event:78, slocationcore_event: msgid:1025
12-17 00:53:59.736  2274  3793 D SensorService: setSContextDataLocked 103717c1
12-17 00:53:59.736  1747  1747 I sensors-hal: inject_sensor_data:407, handle 1502 send inject
12-17 00:53:59.736  1747  1747 I sensors-hal: sendContextData:290, sensor hal 19, (0xc1, 0x17, 0x37, 0x10)
12-17 00:53:59.736  1747  1747 E sensors-hal: sendContextData:133, slocationcore h 193 m 23 s 55
12-17 00:53:59.736  1747  1747 I sensors-hal: sendUserData:119, slocationcore sendUserData
12-17 00:53:59.736  1747  1747 E sensors-hal: create_send_context_data:64, slocationcore create_send_context_data
12-17 00:53:59.736  1747  1747 I sensors-hal: send_context_data:694, slocationcore, 4986366670857974562, 1320970896291267344, msgid:700
12-17 00:53:59.737  2274  4255 W CAE     : setCAProperty(ContextAwareService.java:515) - [setProperty 02] Mutex is unlocked for SLOCATION_RUNNER
12-17 00:53:59.737  1747  3791 I sensors-hal: qsh_conn_resp_cb:930, resp_value = 0 for slocationcore 
12-17 00:53:59.737  1747  3791 I sensors-hal: qsh_conn_event_cb:890, event[0] sensor:slocationcore  Wakeup, msg_id=1025, ts=72951165835
12-17 00:53:59.737  1747  3791 E sensors-hal: handle_sns_client_event:78, slocationcore_event: msgid:1025
12-17 00:53:59.738  2274  4255 D SemContextService: unlock : changeParameters
12-17 00:53:59.738  2274  4255 D SemContextManager:   .changeParameters : listener = Z.i@eaa8daa, service=SLocation Core
12-17 00:53:59.738  2274  3789 D CAE     : onGetSensorHubData(SensorHubParserProvider.java:92) - onGetSensorHubData Event [event buffer len :26], AP_WAKEUP
12-17 00:53:59.738  2274  3789 I CAE     : parse(SensorHubParserProvider.java:188) - buffer size = 26
12-17 00:53:59.738  2274  3789 I CAE     : parse(SensorHubParserProvider.java:199) - 1, 1, 55, 0, 21, 5, 15, 5, 0, 0, 0, -56, 3, 105, 86, 56, 15, 5, 0, 0, 0, -56, 3, 105, 86, 56,
12-17 00:53:59.738  2274  3789 I CAE     : parse(SLocationRunner.java:88) - SLocationRunner parse start : 3
12-17 00:53:59.738  2274  3789 D CAE     : display(ContextProvider.java:375) - ================= SLOCATION_RUNNER =================
12-17 00:53:59.739  2274  3789 I CAE     : display(ContextProvider.java:391) - ExtraDataArray=[1, 1, 55, 0, 21, 5, 15, 5, 0, 0, 0, -56, 3, 105, 86, 56, 15, 5, 0, 0, 0, -56, 3, 105, 86, 56]
12-17 00:53:59.739  2274  3789 I CAE     : parse(SLocationRunner.java:96) - SLocationRunner parse end:26
12-17 00:53:59.739  2274  3789 D CAE     : onGetSensorHubData(SensorHubParserProvider.java:92) - onGetSensorHubData Event [event buffer len :10], AP_WAKEUP
12-17 00:53:59.739  2274  3789 I CAE     : parse(SensorHubParserProvider.java:188) - buffer size = 10
12-17 00:53:59.739  2274  3786 D SemContextService: Service.updateContext() : service = SLocation Core
12-17 00:53:59.739  2274  3789 I CAE     : parse(SensorHubParserProvider.java:199) - 1, 1, 55, 0, 5, 2, 17, 0, 58, -104,
12-17 00:53:59.739  2274  2274 D SemContextManager: onSemContextChanged() : event = SLocation Core
12-17 00:53:59.739  2274  3789 I CAE     : parse(SLocationRunner.java:88) - SLocationRunner parse start : 3
12-17 00:53:59.739  2274  2274 D SLocation: SensorHubWrapper - SemContextChanged type = 47, packet received
12-17 00:53:59.740  2274  3789 D CAE     : display(ContextProvider.java:375) - ================= SLOCATION_RUNNER =================
12-17 00:53:59.740  2274  3789 I CAE     : display(ContextProvider.java:391) - ExtraDataArray=[1, 1, 55, 0, 5, 2, 17, 0, 58, -104]
12-17 00:53:59.740  2274  3789 I CAE     : parse(SLocationRunner.java:96) - SLocationRunner parse end:10
12-17 00:53:59.740  2274  3789 D CAE     : onGetSensorHubData(SensorHubParserProvider.java:92) - onGetSensorHubData Event [event buffer len :10], AP_WAKEUP
12-17 00:53:59.740  2274  4255 D SLocation: GeofenceCoreManager - received Extra Data from core, len : 21
12-17 00:53:59.740  2274  3786 D SemContextService: Service.updateContext() : service = SLocation Core
12-17 00:53:59.740  2274  3789 I CAE     : parse(SensorHubParserProvider.java:188) - buffer size = 10
12-17 00:53:59.741  2274  2274 D SemContextManager: onSemContextChanged() : event = SLocation Core
